Component: ARM Compiler 5.06 update 6 (build 750) Tool: armlink [4d35ed]

==============================================================================

Section Cross References

    startup_stm32f103xb.o(STACK) refers (Special) to heapauxi.o(.text) for __use_two_region_memory
    startup_stm32f103xb.o(HEAP) refers (Special) to heapauxi.o(.text) for __use_two_region_memory
    startup_stm32f103xb.o(RESET) refers (Special) to heapauxi.o(.text) for __use_two_region_memory
    startup_stm32f103xb.o(RESET) refers to startup_stm32f103xb.o(STACK) for __initial_sp
    startup_stm32f103xb.o(RESET) refers to startup_stm32f103xb.o(.text) for Reset_Handler
    startup_stm32f103xb.o(RESET) refers to stm32f1xx_it.o(i.NMI_Handler) for NMI_Handler
    startup_stm32f103xb.o(RESET) refers to stm32f1xx_it.o(i.HardFault_Handler) for HardFault_Handler
    startup_stm32f103xb.o(RESET) refers to stm32f1xx_it.o(i.MemManage_Handler) for MemManage_Handler
    startup_stm32f103xb.o(RESET) refers to stm32f1xx_it.o(i.BusFault_Handler) for BusFault_Handler
    startup_stm32f103xb.o(RESET) refers to stm32f1xx_it.o(i.UsageFault_Handler) for UsageFault_Handler
    startup_stm32f103xb.o(RESET) refers to port.o(.emb_text) for SVC_Handler
    startup_stm32f103xb.o(RESET) refers to stm32f1xx_it.o(i.DebugMon_Handler) for DebugMon_Handler
    startup_stm32f103xb.o(RESET) refers to port.o(i.SysTick_Handler) for SysTick_Handler
    startup_stm32f103xb.o(RESET) refers to stm32f1xx_it.o(i.ADC1_2_IRQHandler) for ADC1_2_IRQHandler
    startup_stm32f103xb.o(RESET) refers to stm32f1xx_it.o(i.TIM1_UP_IRQHandler) for TIM1_UP_IRQHandler
    startup_stm32f103xb.o(RESET) refers to stm32f1xx_it.o(i.USART3_IRQHandler) for USART3_IRQHandler
    startup_stm32f103xb.o(.text) refers (Special) to heapauxi.o(.text) for __use_two_region_memory
    startup_stm32f103xb.o(.text) refers to system_stm32f1xx.o(i.SystemInit) for SystemInit
    startup_stm32f103xb.o(.text) refers to __main.o(!!!main) for __main
    startup_stm32f103xb.o(.text) refers to startup_stm32f103xb.o(HEAP) for Heap_Mem
    startup_stm32f103xb.o(.text) refers to startup_stm32f103xb.o(STACK) for Stack_Mem
    main.o(i.Error_Handler) refers to stm32f1xx_hal_cortex.o(i.HAL_NVIC_SystemReset) for HAL_NVIC_SystemReset
    main.o(i.HAL_TIM_PeriodElapsedCallback) refers to stm32f1xx_hal.o(i.HAL_IncTick) for HAL_IncTick
    main.o(i.SystemClock_Config) refers to rt_memclr_w.o(.text) for __aeabi_memclr4
    main.o(i.SystemClock_Config) refers to stm32f1xx_hal_rcc.o(i.HAL_RCC_OscConfig) for HAL_RCC_OscConfig
    main.o(i.SystemClock_Config) refers to stm32f1xx_hal_rcc.o(i.HAL_RCC_ClockConfig) for HAL_RCC_ClockConfig
    main.o(i.SystemClock_Config) refers to stm32f1xx_hal_rcc_ex.o(i.HAL_RCCEx_PeriphCLKConfig) for HAL_RCCEx_PeriphCLKConfig
    main.o(i.SystemClock_Config) refers to main.o(i.Error_Handler) for Error_Handler
    main.o(i.main) refers to stm32f1xx_hal.o(i.HAL_Init) for HAL_Init
    main.o(i.main) refers to main.o(i.SystemClock_Config) for SystemClock_Config
    main.o(i.main) refers to gpio.o(i.MX_GPIO_Init) for MX_GPIO_Init
    main.o(i.main) refers to adc.o(i.MX_ADC1_Init) for MX_ADC1_Init
    main.o(i.main) refers to spi.o(i.MX_SPI1_Init) for MX_SPI1_Init
    main.o(i.main) refers to usart.o(i.MX_USART2_UART_Init) for MX_USART2_UART_Init
    main.o(i.main) refers to usart.o(i.MX_USART3_UART_Init) for MX_USART3_UART_Init
    main.o(i.main) refers to stm32f1xx_hal.o(i.HAL_Delay) for HAL_Delay
    main.o(i.main) refers to usart.o(i.debugPrintln) for debugPrintln
    main.o(i.main) refers to freertos.o(i.MX_FREERTOS_Init) for MX_FREERTOS_Init
    main.o(i.main) refers to cmsis_os.o(i.osKernelStart) for osKernelStart
    freertos.o(i.MX_FREERTOS_Init) refers to rt_memcpy_w.o(.text) for __aeabi_memcpy4
    freertos.o(i.MX_FREERTOS_Init) refers to cmsis_os.o(i.osThreadCreate) for osThreadCreate
    freertos.o(i.MX_FREERTOS_Init) refers to freertos.o(.constdata) for .constdata
    freertos.o(i.MX_FREERTOS_Init) refers to freertos.o(.data) for .data
    freertos.o(i.SensorHandler) refers to stm32f1xx_hal_gpio.o(i.HAL_GPIO_WritePin) for HAL_GPIO_WritePin
    freertos.o(i.SensorHandler) refers to stm32f1xx_hal_adc.o(i.HAL_ADC_Start) for HAL_ADC_Start
    freertos.o(i.SensorHandler) refers to adc.o(i.ADC_Read_VSense_1) for ADC_Read_VSense_1
    freertos.o(i.SensorHandler) refers to fflt_clz.o(x$fpl$fflt) for __aeabi_i2f
    freertos.o(i.SensorHandler) refers to fdiv.o(x$fpl$fdiv) for __aeabi_fdiv
    freertos.o(i.SensorHandler) refers to f2d.o(x$fpl$f2d) for __aeabi_f2d
    freertos.o(i.SensorHandler) refers to dmul.o(x$fpl$dmul) for __aeabi_dmul
    freertos.o(i.SensorHandler) refers to daddsub_clz.o(x$fpl$dadd) for __aeabi_dadd
    freertos.o(i.SensorHandler) refers to d2f.o(x$fpl$d2f) for __aeabi_d2f
    freertos.o(i.SensorHandler) refers to adc.o(i.ADC_Read_VSense_2) for ADC_Read_VSense_2
    freertos.o(i.SensorHandler) refers to adc.o(i.ADC_Read_Vbattery) for ADC_Read_Vbattery
[...]
    __aeabi_memclr4                          0x08000a8f   Thumb Code     0  rt_memclr_w.o(.text)
    __aeabi_memclr8                          0x08000a8f   Thumb Code     0  rt_memclr_w.o(.text)
    __rt_memclr_w                            0x08000a8f   Thumb Code    78  rt_memclr_w.o(.text)
    _memset_w                                0x08000a93   Thumb Code     0  rt_memclr_w.o(.text)
    strncpy                                  0x08000add   Thumb Code    86  strncpy.o(.text)
    strcmp                                   0x08000b35   Thumb Code   128  strcmpv7m.o(.text)
    __use_two_region_memory                  0x08000bb5   Thumb Code     2  heapauxi.o(.text)
    __rt_heap_escrow$2region                 0x08000bb7   Thumb Code     2  heapauxi.o(.text)
    __rt_heap_expand$2region                 0x08000bb9   Thumb Code     2  heapauxi.o(.text)
    __rt_ctype_table                         0x08000bbd   Thumb Code    16  rt_ctype_table.o(.text)
    __aeabi_errno_addr                       0x08000bcd   Thumb Code     8  rt_errno_addr_intlibspace.o(.text)
    __errno$intlibspace                      0x08000bcd   Thumb Code     0  rt_errno_addr_intlibspace.o(.text)
    __rt_errno_addr$intlibspace              0x08000bcd   Thumb Code     0  rt_errno_addr_intlibspace.o(.text)
    _ll_udiv10                               0x08000bd5   Thumb Code   138  lludiv10.o(.text)
    __read_errno                             0x08000c5f   Thumb Code    10  _rserrno.o(.text)
    __set_errno                              0x08000c69   Thumb Code    12  _rserrno.o(.text)
    _printf_int_common                       0x08000c75   Thumb Code   178  _printf_intcommon.o(.text)
    __lib_sel_fp_printf                      0x08000d27   Thumb Code     2  _printf_fp_dec.o(.text)
    _printf_fp_dec_real                      0x08000ed9   Thumb Code   620  _printf_fp_dec.o(.text)
    _printf_char_common                      0x0800114f   Thumb Code    32  _printf_char_common.o(.text)
    _sputc                                   0x08001175   Thumb Code    10  _sputc.o(.text)
    _snputc                                  0x0800117f   Thumb Code    16  _snputc.o(.text)
    _printf_cs_common                        0x0800118f   Thumb Code    20  _printf_char.o(.text)
    _printf_char                             0x080011a3   Thumb Code    16  _printf_char.o(.text)
    _printf_string                           0x080011b3   Thumb Code     8  _printf_char.o(.text)
    _chval                                   0x080011bb   Thumb Code    28  _chval.o(.text)
    __vfscanf_char                           0x080011e5   Thumb Code    24  scanf_char.o(.text)
    _sgetc                                   0x08001205   Thumb Code    30  _sgetc.o(.text)
    _sbackspace                              0x08001223   Thumb Code    34  _sgetc.o(.text)
    __strtod_int                             0x08001281   Thumb Code    90  strtod.o(.text)
    strtol                                   0x080012e9   Thumb Code   112  strtol.o(.text)
    __strtoll                                0x08001359   Thumb Code   144  __strtoll.o(.text)
    __strtoull                               0x080013e9   Thumb Code   124  __strtoull.o(.text)
    __user_libspace                          0x08001465   Thumb Code     8  libspace.o(.text)
    __user_perproc_libspace                  0x08001465   Thumb Code     0  libspace.o(.text)
    __user_perthread_libspace                0x08001465   Thumb Code     0  libspace.o(.text)
    __rt_locale                              0x0800146d   Thumb Code     8  rt_locale_intlibspace.o(.text)
    isspace                                  0x08001475   Thumb Code    18  isspace.o(.text)
    _printf_fp_infnan                        0x08001489   Thumb Code   112  _printf_fp_infnan.o(.text)
    __vfscanf                                0x08001509   Thumb Code   878  _scanf.o(.text)
    _strtoul                                 0x0800187d   Thumb Code   158  _strtoul.o(.text)
    _strtoull                                0x0800191b   Thumb Code   194  _strtoull.o(.text)
    _btod_etento                             0x080019dd   Thumb Code   224  bigflt0.o(.text)
    __user_setup_stackheap                   0x08001ac1   Thumb Code    74  sys_stackheap_outer.o(.text)
    _scanf_really_real                       0x08001d59   Thumb Code   684  scanf_fp.o(.text)
    exit                                     0x08002005   Thumb Code    18  exit.o(.text)
    _sys_exit                                0x08002019   Thumb Code     8  sys_exit.o(.text)
    _scanf_really_hex_real                   0x08002025   Thumb Code   786  scanf_hexfp.o(.text)
    _scanf_really_infnan                     0x08002345   Thumb Code   292  scanf_infnan.o(.text)
    __I$use$semihosting                      0x08002479   Thumb Code     0  use_no_semi.o(.text)
    __use_no_semihosting_swi                 0x08002479   Thumb Code     2  use_no_semi.o(.text)
    __aeabi_llsl                             0x0800247b   Thumb Code     0  llshl.o(.text)
    __semihosting_library_function           0x0800247b   Thumb Code     0  indicate_semi.o(.text)
    _ll_shift_l                              0x0800247b   Thumb Code    38  llshl.o(.text)
    _btod_d2e                                0x080024a1   Thumb Code    62  btod.o(CL$$btod_d2e)
    _d2e_denorm_low                          0x080024df   Thumb Code    70  btod.o(CL$$btod_d2e_denorm_low)
    _d2e_norm_op1                            0x08002525   Thumb Code    96  btod.o(CL$$btod_d2e_norm_op1)
    __btod_div_common                        0x08002585   Thumb Code   696  btod.o(CL$$btod_div_common)
    _e2d                                     0x080028bd   Thumb Code   122  btod.o(CL$$btod_e2d)
    _e2e                                     0x08002941   Thumb Code   220  btod.o(CL$$btod_e2e)
    _btod_ediv                               0x08002a1d   Thumb Code    42  btod.o(CL$$btod_ediv)
    _btod_edivd                              0x08002a47   Thumb Code    42  btod.o(CL$$btod_edivd)
    _btod_emul                               0x08002a71   Thumb Code    42  btod.o(CL$$btod_emul)
    _btod_emuld                              0x08002a9b   Thumb Code    42  btod.o(CL$$btod_emuld)
    __btod_mult_common                       0x08002ac5   Thumb Code   580  btod.o(CL$$btod_mult_common)
    ADC1_2_IRQHandler                        0x08002d09   Thumb Code     6  stm32f1xx_it.o(i.ADC1_2_IRQHandler)
    ADC_ConversionStop_Disable               0x08002d15   Thumb Code    86  stm32f1xx_hal_adc.o(i.ADC_ConversionStop_Disable)
    ADC_Enable                               0x08002d6d   Thumb Code   114  stm32f1xx_hal_adc.o(i.ADC_Enable)
    ADC_Read_Gas                             0x08002de9   Thumb Code    32  adc.o(i.ADC_Read_Gas)
    ADC_Read_VSense_1                        0x08002e0d   Thumb Code    32  adc.o(i.ADC_Read_VSense_1)
    ADC_Read_VSense_2                        0x08002e31   Thumb Code    32  adc.o(i.ADC_Read_VSense_2)
    ADC_Read_Vbattery                        0x08002e55   Thumb Code    32  adc.o(i.ADC_Read_Vbattery)
    ADC_Read_Wind                            0x08002e79   Thumb Code    32  adc.o(i.ADC_Read_Wind)
    ADC_Select_Gas                           0x08002e9d   Thumb Code    32  adc.o(i.ADC_Select_Gas)
    ADC_Select_VSense_1                      0x08002ec1   Thumb Code    32  adc.o(i.ADC_Select_VSense_1)
    ADC_Select_VSense_2                      0x08002ee5   Thumb Code    32  adc.o(i.ADC_Select_VSense_2)
    ADC_Select_Vbattery                      0x08002f09   Thumb Code    32  adc.o(i.ADC_Select_Vbattery)
    ADC_Select_Wind                          0x08002f2d   Thumb Code    30  adc.o(i.ADC_Select_Wind)
    BusFault_Handler                         0x08002f51   Thumb Code     2  stm32f1xx_it.o(i.BusFault_Handler)
    DebbugInit                               0x08002f55   Thumb Code    10  usart.o(i.DebbugInit)
    Debbug_RxCallBack                        0x08002f69   Thumb Code    34  usart.o(i.Debbug_RxCallBack)
    DebugMon_Handler                         0x08002f95   Thumb Code     2  stm32f1xx_it.o(i.DebugMon_Handler)
    Error_Handler                            0x08002f97   Thumb Code     8  main.o(i.Error_Handler)
    HAL_ADCEx_InjectedConvCpltCallback       0x08002f9f   Thumb Code     2  stm32f1xx_hal_adc_ex.o(i.HAL_ADCEx_InjectedConvCpltCallback)
    HAL_ADC_ConfigChannel                    0x08002fa1   Thumb Code   240  stm32f1xx_hal_adc.o(i.HAL_ADC_ConfigChannel)
    HAL_ADC_ConvCpltCallback                 0x0800309d   Thumb Code     2  stm32f1xx_hal_adc.o(i.HAL_ADC_ConvCpltCallback)
    HAL_ADC_GetValue                         0x0800309f   Thumb Code     6  stm32f1xx_hal_adc.o(i.HAL_ADC_GetValue)
    HAL_ADC_IRQHandler                       0x080030a5   Thumb Code   230  stm32f1xx_hal_adc.o(i.HAL_ADC_IRQHandler)
    HAL_ADC_Init                             0x0800318d   Thumb Code   272  stm32f1xx_hal_adc.o(i.HAL_ADC_Init)
    HAL_ADC_LevelOutOfWindowCallback         0x080032a9   Thumb Code     2  stm32f1xx_hal_adc.o(i.HAL_ADC_LevelOutOfWindowCallback)
    HAL_ADC_MspInit                          0x080032ad   Thumb Code   104  adc.o(i.HAL_ADC_MspInit)
    HAL_ADC_PollForConversion                0x08003325   Thumb Code   304  stm32f1xx_hal_adc.o(i.HAL_ADC_PollForConversion)
    HAL_ADC_Start                            0x08003461   Thumb Code   184  stm32f1xx_hal_adc.o(i.HAL_ADC_Start)
    HAL_DMA_Abort                            0x08003521   Thumb Code    70  stm32f1xx_hal_dma.o(i.HAL_DMA_Abort)
    HAL_DMA_Abort_IT                         0x08003569   Thumb Code   148  stm32f1xx_hal_dma.o(i.HAL_DMA_Abort_IT)
    HAL_Delay                                0x08003601   Thumb Code    32  stm32f1xx_hal.o(i.HAL_Delay)
    HAL_GPIO_Init                            0x08003625   Thumb Code   446  stm32f1xx_hal_gpio.o(i.HAL_GPIO_Init)
    HAL_GPIO_WritePin                        0x08003805   Thumb Code    10  stm32f1xx_hal_gpio.o(i.HAL_GPIO_WritePin)
    HAL_GetTick                              0x08003811   Thumb Code     6  stm32f1xx_hal.o(i.HAL_GetTick)
    HAL_I2C_Mem_Read                         0x0800381d   Thumb Code   574  stm32f1xx_hal_i2c.o(i.HAL_I2C_Mem_Read)
    HAL_IncTick                              0x08003a6d   Thumb Code    12  stm32f1xx_hal.o(i.HAL_IncTick)
    HAL_Init                                 0x08003a7d   Thumb Code    32  stm32f1xx_hal.o(i.HAL_Init)
    HAL_InitTick                             0x08003aa1   Thumb Code    98  stm32f1xx_hal_timebase_tim.o(i.HAL_InitTick)
    HAL_MspInit                              0x08003b15   Thumb Code    62  stm32f1xx_hal_msp.o(i.HAL_MspInit)
    HAL_NVIC_EnableIRQ                       0x08003b5d   Thumb Code    26  stm32f1xx_hal_cortex.o(i.HAL_NVIC_EnableIRQ)
    HAL_NVIC_SetPriority                     0x08003b79   Thumb Code    60  stm32f1xx_hal_cortex.o(i.HAL_NVIC_SetPriority)
    HAL_NVIC_SetPriorityGrouping             0x08003bb9   Thumb Code    26  stm32f1xx_hal_cortex.o(i.HAL_NVIC_SetPriorityGrouping)
    HAL_NVIC_SystemReset                     0x08003bdd   Thumb Code    26  stm32f1xx_hal_cortex.o(i.HAL_NVIC_SystemReset)
    HAL_RCCEx_GetPeriphCLKFreq               0x08003c01   Thumb Code   166  stm32f1xx_hal_rcc_ex.o(i.HAL_RCCEx_GetPeriphCLKFreq)
    HAL_RCCEx_PeriphCLKConfig                0x08003cc9   Thumb Code   224  stm32f1xx_hal_rcc_ex.o(i.HAL_RCCEx_PeriphCLKConfig)
    HAL_RCC_ClockConfig                      0x08003db5   Thumb Code   280  stm32f1xx_hal_rcc.o(i.HAL_RCC_ClockConfig)
    HAL_RCC_GetClockConfig                   0x08003ee1   Thumb Code    54  stm32f1xx_hal_rcc.o(i.HAL_RCC_GetClockConfig)
    HAL_RCC_GetPCLK1Freq                     0x08003f21   Thumb Code    20  stm32f1xx_hal_rcc.o(i.HAL_RCC_GetPCLK1Freq)
    HAL_RCC_GetPCLK2Freq                     0x08003f41   Thumb Code    20  stm32f1xx_hal_rcc.o(i.HAL_RCC_GetPCLK2Freq)
    HAL_RCC_GetSysClockFreq                  0x08003f61   Thumb Code    74  stm32f1xx_hal_rcc.o(i.HAL_RCC_GetSysClockFreq)
    HAL_RCC_OscConfig                        0x08003fcd   Thumb Code   778  stm32f1xx_hal_rcc.o(i.HAL_RCC_OscConfig)
    HAL_SPI_Init                             0x080042ed   Thumb Code   178  stm32f1xx_hal_spi.o(i.HAL_SPI_Init)
    HAL_SPI_MspInit                          0x080043a1   Thumb Code   112  spi.o(i.HAL_SPI_MspInit)
    HAL_SPI_Receive                          0x08004421   Thumb Code   346  stm32f1xx_hal_spi.o(i.HAL_SPI_Receive)
    HAL_SPI_Transmit                         0x0800457b   Thumb Code   358  stm32f1xx_hal_spi.o(i.HAL_SPI_Transmit)
    HAL_SPI_TransmitReceive                  0x080046e1   Thumb Code   482  stm32f1xx_hal_spi.o(i.HAL_SPI_TransmitReceive)
    HAL_TIMEx_BreakCallback                  0x080048c3   Thumb Code     2  stm32f1xx_hal_tim_ex.o(i.HAL_TIMEx_BreakCallback)
    HAL_TIMEx_CommutCallback                 0x080048c5   Thumb Code     2  stm32f1xx_hal_tim_ex.o(i.HAL_TIMEx_CommutCallback)
    HAL_TIM_Base_Init                        0x080048c7   Thumb Code    90  stm32f1xx_hal_tim.o(i.HAL_TIM_Base_Init)
    HAL_TIM_Base_MspInit                     0x08004921   Thumb Code     2  stm32f1xx_hal_tim.o(i.HAL_TIM_Base_MspInit)
    HAL_TIM_Base_Start_IT                    0x08004925   Thumb Code    76  stm32f1xx_hal_tim.o(i.HAL_TIM_Base_Start_IT)
    HAL_TIM_IC_CaptureCallback               0x0800497d   Thumb Code     2  stm32f1xx_hal_tim.o(i.HAL_TIM_IC_CaptureCallback)
    HAL_TIM_IRQHandler                       0x0800497f   Thumb Code   358  stm32f1xx_hal_tim.o(i.HAL_TIM_IRQHandler)
    HAL_TIM_OC_DelayElapsedCallback          0x08004ae5   Thumb Code     2  stm32f1xx_hal_tim.o(i.HAL_TIM_OC_DelayElapsedCallback)
    HAL_TIM_PWM_PulseFinishedCallback        0x08004ae7   Thumb Code     2  stm32f1xx_hal_tim.o(i.HAL_TIM_PWM_PulseFinishedCallback)
    HAL_TIM_PeriodElapsedCallback            0x08004ae9   Thumb Code    14  main.o(i.HAL_TIM_PeriodElapsedCallback)
    HAL_TIM_TriggerCallback                  0x08004afd   Thumb Code     2  stm32f1xx_hal_tim.o(i.HAL_TIM_TriggerCallback)
    HAL_UARTEx_RxEventCallback               0x08004aff   Thumb Code     2  stm32f1xx_hal_uart.o(i.HAL_UARTEx_RxEventCallback)
    HAL_UART_ErrorCallback                   0x08004b01   Thumb Code     2  stm32f1xx_hal_uart.o(i.HAL_UART_ErrorCallback)
    HAL_UART_IRQHandler                      0x08004b05   Thumb Code   520  stm32f1xx_hal_uart.o(i.HAL_UART_IRQHandler)
    HAL_UART_Init                            0x08004d11   Thumb Code    98  stm32f1xx_hal_uart.o(i.HAL_UART_Init)
    HAL_UART_MspInit                         0x08004d75   Thumb Code   188  usart.o(i.HAL_UART_MspInit)
    HAL_UART_Receive_IT                      0x08004e45   Thumb Code    42  stm32f1xx_hal_uart.o(i.HAL_UART_Receive_IT)
    HAL_UART_RxCpltCallback                  0x08004e71   Thumb Code    94  trx_sim.o(i.HAL_UART_RxCpltCallback)
    HAL_UART_Transmit                        0x08004ee5   Thumb Code   178  stm32f1xx_hal_uart.o(i.HAL_UART_Transmit)
    HAL_UART_TxCpltCallback                  0x08004f97   Thumb Code     2  stm32f1xx_hal_uart.o(i.HAL_UART_TxCpltCallback)
    HardFault_Handler                        0x08004f99   Thumb Code     6  stm32f1xx_it.o(i.HardFault_Handler)
    MX_ADC1_Init                             0x08005279   Thumb Code    48  adc.o(i.MX_ADC1_Init)
    MX_FREERTOS_Init                         0x080052b1   Thumb Code    74  freertos.o(i.MX_FREERTOS_Init)
    MX_GPIO_Init                             0x08005305   Thumb Code   216  gpio.o(i.MX_GPIO_Init)
    MX_SPI1_Init                             0x080053ed   Thumb Code    62  spi.o(i.MX_SPI1_Init)
    MX_USART2_UART_Init                      0x08005435   Thumb Code    48  usart.o(i.MX_USART2_UART_Init)
    MX_USART3_UART_Init                      0x0800546d   Thumb Code    48  usart.o(i.MX_USART3_UART_Init)
    MemManage_Handler                        0x080054a5   Thumb Code     2  stm32f1xx_it.o(i.MemManage_Handler)
    NMI_Handler                              0x080054a7   Thumb Code     2  stm32f1xx_it.o(i.NMI_Handler)
    SIM_BufferProcess                        0x080054a9   Thumb Code   762  trx_sim.o(i.SIM_BufferProcess)
    SIM_Init                                 0x0800582d   Thumb Code   284  trx_sim.o(i.SIM_Init)
    SIM_InitValue                            0x0800597d   Thumb Code    68  trx_sim.o(i.SIM_InitValue)
    SIM_IsNumberAdded                        0x08005a05   Thumb Code    46  trx_sim.o(i.SIM_IsNumberAdded)
    SIM_IsNumberAdmin                        0x08005a39   Thumb Code    38  trx_sim.o(i.SIM_IsNumberAdmin)
    SIM_SendAtCommand                        0x08005a65   Thumb Code   164  trx_sim.o(i.SIM_SendAtCommand)
    SIM_SendString                           0x08005b11   Thumb Code    44  trx_sim.o(i.SIM_SendString)
    SIM_SetNum                               0x08005b45   Thumb Code   286  trx_sim.o(i.SIM_SetNum)
    SIM_SetPower                             0x08005c69   Thumb Code   142  trx_sim.o(i.SIM_SetPower)
    SensorHandler                            0x08005e49   Thumb Code   214  freertos.o(i.SensorHandler)
    Sim800Handler                            0x08005f55   Thumb Code   658  freertos.o(i.Sim800Handler)
    StartDefaultTask                         0x0800634d   Thumb Code   102  freertos.o(i.StartDefaultTask)
    StartSIMBuffTask                         0x080063bd   Thumb Code    56  trx_sim.o(i.StartSIMBuffTask)
    SysTick_Handler                          0x08006409   Thumb Code    38  port.o(i.SysTick_Handler)
    SystemClock_Config                       0x08006435   Thumb Code   108  main.o(i.SystemClock_Config)
    SystemInit                               0x080064a1   Thumb Code     2  system_stm32f1xx.o(i.SystemInit)
    TIM1_UP_IRQHandler                       0x080064a5   Thumb Code     6  stm32f1xx_it.o(i.TIM1_UP_IRQHandler)
    TIM_Base_SetConfig                       0x080064b1   Thumb Code    94  stm32f1xx_hal_tim.o(i.TIM_Base_SetConfig)
    UART_Start_Receive_IT                    0x080066cd   Thumb Code    54  stm32f1xx_hal_uart.o(i.UART_Start_Receive_IT)
    USART3_IRQHandler                        0x08006769   Thumb Code     6  stm32f1xx_it.o(i.USART3_IRQHandler)
    UsageFault_Handler                       0x08006775   Thumb Code     2  stm32f1xx_it.o(i.UsageFault_Handler)
    __ARM_fpclassify                         0x08006777   Thumb Code    40  fpclassify.o(i.__ARM_fpclassify)
    __mathlib_dbl_overflow                   0x080067e5   Thumb Code    14  dunder.o(i.__mathlib_dbl_overflow)
    __mathlib_dbl_underflow                  0x080067f5   Thumb Code    10  dunder.o(i.__mathlib_dbl_underflow)
    __mathlib_narrow                         0x08006805   Thumb Code    16  narrow.o(i.__mathlib_narrow)
    __mathlib_tofloat                        0x08006815   Thumb Code   184  narrow.o(i.__mathlib_tofloat)
    __support_ldexp                          0x080068d1   Thumb Code    22  ldexp.o(i.__support_ldexp)
    _is_digit                                0x080068e7   Thumb Code    14  __printf_wp.o(i._is_digit)
    at24_read                                0x080068f5   Thumb Code    56  at24cxx.o(i.at24_read)
    atof                                     0x08006935   Thumb Code    42  atof.o(i.atof)
    attachGPRS                               0x08006961   Thumb Code   112  trx_sim.o(i.attachGPRS)
    debugPrint                               0x08006ad9   Thumb Code    24  usart.o(i.debugPrint)
    debugPrintln                             0x08006af5   Thumb Code    40  usart.o(i.debugPrintln)
    decode_values                            0x08006b25   Thumb Code   178  freertos.o(i.decode_values)
    frexp                                    0x08006c21   Thumb Code    80  frexp.o(i.frexp)
    isIpAddressNull                          0x08006c79   Thumb Code    24  trx_sim.o(i.isIpAddressNull)
    ldexp                                    0x08006c99   Thumb Code   116  ldexp.o(i.ldexp)
    lora_available                           0x08006d0d   Thumb Code    18  lora.o(i.lora_available)
    lora_init                                0x08006d25   Thumb Code   204  lora.o(i.lora_init)
    lora_mode_sleep                          0x08006e21   Thumb Code     6  lora.o(i.lora_mode_sleep)
    lora_mode_standby                        0x08006e27   Thumb Code     6  lora.o(i.lora_mode_standby)
    lora_packet_rssi                         0x08006e2d   Thumb Code    34  lora.o(i.lora_packet_rssi)
    lora_parsepacket                         0x08006e55   Thumb Code   114  lora.o(i.lora_parsepacket)
    lora_pending_packet_length               0x08006ecd   Thumb Code    32  lora.o(i.lora_pending_packet_length)
    lora_read                                0x08006eed   Thumb Code    34  lora.o(i.lora_read)
    lora_reset                               0x08006f15   Thumb Code    40  lora.o(i.lora_reset)
    lora_set_coding_rate                     0x08006f3d   Thumb Code    50  lora.o(i.lora_set_coding_rate)
    lora_set_explicit_header_mode            0x08006f6f   Thumb Code    26  lora.o(i.lora_set_explicit_header_mode)
    lora_set_frequency                       0x08006f89   Thumb Code    66  lora.o(i.lora_set_frequency)
    lora_set_preamble_length                 0x08006fd1   Thumb Code    30  lora.o(i.lora_set_preamble_length)
    lora_set_signal_bandwidth                0x08006fef   Thumb Code    40  lora.o(i.lora_set_signal_bandwidth)
    lora_set_spreading_factor                0x08007017   Thumb Code    92  lora.o(i.lora_set_spreading_factor)
    lora_set_tx_power                        0x08007073   Thumb Code    98  lora.o(i.lora_set_tx_power)
    lora_version                             0x080070d5   Thumb Code     6  lora.o(i.lora_version)
    main                                     0x080070dd   Thumb Code    52  main.o(i.main)
    mystristr                                0x08007139   Thumb Code    92  trx_sim.o(i.mystristr)
    osDelay                                  0x08007195   Thumb Code    14  cmsis_os.o(i.osDelay)
    osKernelStart                            0x080071a3   Thumb Code    10  cmsis_os.o(i.osKernelStart)
    osThreadCreate                           0x080071ad   Thumb Code    84  cmsis_os.o(i.osThreadCreate)
    pvPortMalloc                             0x080074a5   Thumb Code   210  heap_4.o(i.pvPortMalloc)
    pxPortInitialiseStack                    0x0800757d   Thumb Code    32  port.o(i.pxPortInitialiseStack)
    sendMessage                              0x08007635   Thumb Code   360  trx_sim.o(i.sendMessage)
    set                                      0x0800783d   Thumb Code   134  trx_sim.o(i.set)
    updateLed                                0x080079d5   Thumb Code    82  trx_sim.o(i.updateLed)
    uxListRemove                             0x08007acd   Thumb Code    38  list.o(i.uxListRemove)
    vApplicationGetIdleTaskMemory            0x08007af5   Thumb Code    16  freertos.o(i.vApplicationGetIdleTaskMemory)
    vListInitialise                          0x08007b09   Thumb Code    22  list.o(i.vListInitialise)
    vListInitialiseItem                      0x08007b1f   Thumb Code     6  list.o(i.vListInitialiseItem)
    vListInsert                              0x08007b25   Thumb Code    48  list.o(i.vListInsert)
    vListInsertEnd                           0x08007b55   Thumb Code    24  list.o(i.vListInsertEnd)
    vPortEnterCritical                       0x08007b6d   Thumb Code    54  port.o(i.vPortEnterCritical)
    vPortExitCritical                        0x08007bad   Thumb Code    34  port.o(i.vPortExitCritical)
    vPortFree                                0x08007bd5   Thumb Code    88  heap_4.o(i.vPortFree)
    vPortSetupTimerInterrupt                 0x08007c31   Thumb Code    26  port.o(i.vPortSetupTimerInterrupt)
    vTaskDelay                               0x08007c51   Thumb Code    66  tasks.o(i.vTaskDelay)
    vTaskStartScheduler                      0x08007c9d   Thumb Code    90  tasks.o(i.vTaskStartScheduler)
    vTaskSuspendAll                          0x08007d09   Thumb Code    10  tasks.o(i.vTaskSuspendAll)
    vTaskSwitchContext                       0x08007d19   Thumb Code    82  tasks.o(i.vTaskSwitchContext)
    xPortStartScheduler                      0x08007ddd   Thumb Code   102  port.o(i.xPortStartScheduler)
    xTaskCreate                              0x08007e51   Thumb Code    90  tasks.o(i.xTaskCreate)
    xTaskCreateStatic                        0x08007eab   Thumb Code    86  tasks.o(i.xTaskCreateStatic)
    xTaskIncrementTick                       0x08007f01   Thumb Code   192  tasks.o(i.xTaskIncrementTick)
    xTaskResumeAll                           0x08007fc9   Thumb Code   182  tasks.o(i.xTaskResumeAll)
    _get_lc_ctype                            0x0800808d   Thumb Code    44  lc_ctype_c.o(locale$$code)
    _get_lc_numeric                          0x080080b9   Thumb Code    44  lc_numeric_c.o(locale$$code)
    __aeabi_d2f                              0x080080e5   Thumb Code     0  d2f.o(x$fpl$d2f)
    _d2f                                     0x080080e5   Thumb Code    98  d2f.o(x$fpl$d2f)
    __aeabi_dadd                             0x08008149   Thumb Code     0  daddsub_clz.o(x$fpl$dadd)
    _dadd                                    0x08008149   Thumb Code   332  daddsub_clz.o(x$fpl$dadd)
    __fpl_dcheck_NaN1                        0x08008299   Thumb Code    10  dcheck1.o(x$fpl$dcheck1)
    __fpl_dcmp_Inf                           0x080082a9   Thumb Code    24  dcmpi.o(x$fpl$dcmpinf)
    __aeabi_ddiv                             0x080082c1   Thumb Code     0  ddiv.o(x$fpl$ddiv)
    _ddiv                                    0x080082c1   Thumb Code   552  ddiv.o(x$fpl$ddiv)
    __aeabi_cdcmpeq                          0x08008571   Thumb Code     0  deqf.o(x$fpl$deqf)
    _dcmpeq                                  0x08008571   Thumb Code   120  deqf.o(x$fpl$deqf)
    __aeabi_i2d                              0x080085e9   Thumb Code     0  dflt_clz.o(x$fpl$dflt)
    _dflt                                    0x080085e9   Thumb Code    46  dflt_clz.o(x$fpl$dflt)
    __aeabi_cdcmple                          0x08008619   Thumb Code     0  dleqf.o(x$fpl$dleqf)
    _dcmple                                  0x08008619   Thumb Code   120  dleqf.o(x$fpl$dleqf)
    __fpl_dcmple_InfNaN                      0x0800867b   Thumb Code     0  dleqf.o(x$fpl$dleqf)
    __aeabi_dmul                             0x08008691   Thumb Code     0  dmul.o(x$fpl$dmul)
    _dmul                                    0x08008691   Thumb Code   332  dmul.o(x$fpl$dmul)
    __fpl_dnaninf                            0x080087e5   Thumb Code   156  dnaninf.o(x$fpl$dnaninf)
    __fpl_dretinf                            0x08008881   Thumb Code    12  dretinf.o(x$fpl$dretinf)
    __aeabi_cdrcmple                         0x0800888d   Thumb Code     0  drleqf.o(x$fpl$drleqf)
    _drcmple                                 0x0800888d   Thumb Code   108  drleqf.o(x$fpl$drleqf)
    __aeabi_dsub                             0x080088f9   Thumb Code     0  daddsub_clz.o(x$fpl$dsub)
    _dsub                                    0x080088f9   Thumb Code   464  daddsub_clz.o(x$fpl$dsub)
    __aeabi_f2d                              0x08008acd   Thumb Code     0  f2d.o(x$fpl$f2d)
    _f2d                                     0x08008acd   Thumb Code    86  f2d.o(x$fpl$f2d)
    __aeabi_fdiv                             0x08008b25   Thumb Code     0  fdiv.o(x$fpl$fdiv)
    _fdiv                                    0x08008b25   Thumb Code   384  fdiv.o(x$fpl$fdiv)
    __aeabi_i2f                              0x08008ca9   Thumb Code     0  fflt_clz.o(x$fpl$fflt)
    _fflt                                    0x08008ca9   Thumb Code    48  fflt_clz.o(x$fpl$fflt)
    __aeabi_fmul                             0x08008cd9   Thumb Code     0  fmul.o(x$fpl$fmul)
    _fmul                                    0x08008cd9   Thumb Code   258  fmul.o(x$fpl$fmul)
    __fpl_fnaninf                            0x08008ddb   Thumb Code   140  fnaninf.o(x$fpl$fnaninf)
    __fpl_fretinf                            0x08008e67   Thumb Code    10  fretinf.o(x$fpl$fretinf)
    __ieee_status                            0x08008e71   Thumb Code     6  istatus.o(x$fpl$ieeestatus)
    _printf_fp_dec                           0x08008e77   Thumb Code     4  printf1.o(x$fpl$printf1)
    __fpl_return_NaN                         0x08008e7b   Thumb Code   100  retnan.o(x$fpl$retnan)
    __ARM_scalbn                             0x08008edf   Thumb Code    92  scalbn.o(x$fpl$scalbn)
    _scanf_real                              0x08008f3b   Thumb Code     4  scanf1.o(x$fpl$scanf1)
    _scanf_hex_real                          0x08008f3f   Thumb Code     4  scanf2.o(x$fpl$scanf2)
    _scanf_infnan                            0x08008f43   Thumb Code     4  scanf2.o(x$fpl$scanf2)
    __fpl_cmpreturn                          0x08008f47   Thumb Code    48  trapv.o(x$fpl$trapveneer)
    __I$use$fp                               0x08008f76   Number         0  usenofp.o(x$fpl$usenofp)
    AHBPrescTable                            0x08008fe8   Data          16  system_stm32f1xx.o(.constdata)
    APBPrescTable                            0x08008ff8   Data           8  system_stm32f1xx.o(.constdata)
    Region$$Table$$Base                      0x0800a644   Number         0  anon$$obj.o(Region$$Table)
    Region$$Table$$Limit                     0x0800a664   Number         0  anon$$obj.o(Region$$Table)
    __aeabi_HUGE_VAL                         0x0800a664   Data           0  fpconst.o(c$$dinf)
    __aeabi_HUGE_VALL                        0x0800a664   Data           0  fpconst.o(c$$dinf)
    __aeabi_INFINITY                         0x0800a664   Data           0  fpconst.o(c$$dinf)
    __dInf                                   0x0800a664   Data           0  fpconst.o(c$$dinf)
    __huge_val                               0x0800a664   Data           0  fpconst.o(c$$dinf)
    __dbl_max                                0x0800a66c   Data           0  fpconst.o(c$$dmax)
    __ctype                                  0x0800a681   Data           0  lc_ctype_c.o(locale$$data)
    valid_data                               0x20000000   Data           1  freertos.o(.data)
    go_status                                0x20000004   Data           4  freertos.o(.data)
    temperature1                             0x20000008   Data           4  freertos.o(.data)
    humidity1                                0x2000000c   Data           4  freertos.o(.data)
    temperature2                             0x20000010   Data           4  freertos.o(.data)
    humidity2                                0x20000014   Data           4  freertos.o(.data)
    set_value                                0x20000018   Data           4  freertos.o(.data)
    Vsense_1                                 0x2000001c   Data           4  freertos.o(.data)
    Vsense_2                                 0x20000020   Data           4  freertos.o(.data)
    VBattery                                 0x20000024   Data           4  freertos.o(.data)
    Gas_lvl                                  0x20000028   Data           4  freertos.o(.data)
    Wind_stat                                0x2000002c   Data           4  freertos.o(.data)
    RSSI                                     0x20000030   Data           4  freertos.o(.data)
    defaultTaskHandle                        0x20000034   Data           4  freertos.o(.data)
    sim800TaskHandle                         0x20000038   Data           4  freertos.o(.data)
    sensorTaskHandle                         0x2000003c   Data           4  freertos.o(.data)
    packetIndex                              0x20000040   Data           1  lora.o(.data)
    Rx2Tmp                                   0x20000041   Data           1  usart.o(.data)
    MachineState                             0x20000044   Data           1  trx_sim.o(.data)
    WindyCond                                0x20000045   Data           1  trx_sim.o(.data)
    ledStatus                                0x20000046   Data           1  trx_sim.o(.data)
    SIMBuffTaskHandle                        0x2000004c   Data           4  trx_sim.o(.data)
    cmd_en                                   0x20000060   Data         108  trx_sim.o(.data)
    ans_P_en                                 0x200000cc   Data         108  trx_sim.o(.data)
    ans_N_en                                 0x20000138   Data         108  trx_sim.o(.data)
    alarm_en                                 0x200001a4   Data          40  trx_sim.o(.data)
    cmd_fr                                   0x200001cc   Data         104  trx_sim.o(.data)
    ans_P_fr                                 0x20000234   Data         104  trx_sim.o(.data)
    ans_N_fr                                 0x2000029c   Data         104  trx_sim.o(.data)
    alarm_fr                                 0x20000304   Data          40  trx_sim.o(.data)
    cmd_ital                                 0x2000032c   Data         108  trx_sim.o(.data)
    ans_P_ital                               0x20000398   Data         104  trx_sim.o(.data)
    ans_N_ital                               0x20000400   Data         104  trx_sim.o(.data)
    alarm_ital                               0x20000468   Data          40  trx_sim.o(.data)
    cmd_deu                                  0x20000490   Data         104  trx_sim.o(.data)
    ans_P_deu                                0x200004f8   Data         104  trx_sim.o(.data)
    ans_N_deu                                0x20000560   Data         104  trx_sim.o(.data)
    alarm_deu                                0x200005c8   Data          40  trx_sim.o(.data)
    temp_hum                                 0x200005f0   Data          32  trx_sim.o(.data)
    LastCmdIdx                               0x20000610   Data           1  trx_sim.o(.data)
    uwTickFreq                               0x20000614   Data           1  stm32f1xx_hal.o(.data)
    uwTickPrio                               0x20000618   Data           4  stm32f1xx_hal.o(.data)
    uwTick                                   0x2000061c   Data           4  stm32f1xx_hal.o(.data)
    SystemCoreClock                          0x20000620   Data           4  system_stm32f1xx.o(.data)
    pxCurrentTCB                             0x20000624   Data           4  tasks.o(.data)
    lora                                     0x20000680   Data          32  freertos.o(.bss)
    read_data                                0x200006a0   Data         128  freertos.o(.bss)
    hadc1                                    0x20000884   Data          48  adc.o(.bss)
    hi2c1                                    0x200008b4   Data          84  i2c.o(.bss)
    debug_sx_buffer                          0x20000908   Data         100  lora.o(.bss)
    hspi1                                    0x2000096c   Data          88  spi.o(.bss)
    huart2                                   0x200009c4   Data          68  usart.o(.bss)
    huart3                                   0x20000a08   Data          68  usart.o(.bss)
    htim1                                    0x20000a4c   Data          72  stm32f1xx_hal_timebase_tim.o(.bss)
    AuxBuffer                                0x20000a98   Data          16  trx_sim.o(.bss)
    cmd                                      0x20000aa8   Data          16  trx_sim.o(.bss)
    ans_P                                    0x20000ab8   Data          16  trx_sim.o(.bss)
    ans_N                                    0x20000ac8   Data          16  trx_sim.o(.bss)
    alarm                                    0x20000ad8   Data          16  trx_sim.o(.bss)
    data                                     0x20000ae8   Data         200  trx_sim.o(.bss)
    temp_str                                 0x20000bb0   Data          20  trx_sim.o(.bss)
    SIM                                      0x20000bc8   Data        2264  trx_sim.o(.bss)
    __libspace_start                         0x20001f38   Data          96  libspace.o(.bss)
    __temporary_stack_top$libspace           0x20001f98   Data           0  libspace.o(.bss)



==============================================================================

Memory Map of the image

  Image Entry point : 0x080000ed

  Load Region LR_IROM1 (Base: 0x08000000, Size: 0x0000ae20, Max: 0x00010000, ABSOLUTE, COMPRESSED[0x0000aafc])

    Execution Region ER_IROM1 (Exec base: 0x08000000, Load base: 0x08000000, Size: 0x0000a7a0, Max: 0x00010000, ABSOLUTE)

    Exec Addr    Load Addr    Size         Type   Attr      Idx    E Section Name        Object

    0x08000000   0x08000000   0x000000ec   Data   RO            3    RESET               startup_stm32f103xb.o
    0x080000ec   0x080000ec   0x00000008   Code   RO         6244  * !!!main             c_w.l(__main.o)
    0x080000f4   0x080000f4   0x00000034   Code   RO         6662    !!!scatter          c_w.l(__scatter.o)
    0x08000128   0x08000128   0x00000064   Code   RO         6660    !!dclz77c           c_w.l(__dclz77c.o)
    0x0800018c   0x0800018c   0x0000001c   Code   RO         6664    !!handler_zi        c_w.l(__scatter_zi.o)
    0x080001a8   0x080001a8   0x00000000   Code   RO         6206    .ARM.Collect$$_printf_percent$$00000000  c_w.l(_printf_percent.o)
    0x080001a8   0x080001a8   0x00000006   Code   RO         6205    .ARM.Collect$$_printf_percent$$00000003  c_w.l(_printf_f.o)
    0x080001ae   0x080001ae   0x00000006   Code   RO         6203    .ARM.Collect$$_printf_percent$$00000008  c_w.l(_printf_i.o)
    0x080001b4   0x080001b4   0x00000006   Code   RO         6204    .ARM.Collect$$_printf_percent$$00000009  c_w.l(_printf_d.o)
    0x080001ba   0x080001ba   0x00000006   Code   RO         6202    .ARM.Collect$$_printf_percent$$0000000C  c_w.l(_printf_x.o)
    0x080001c0   0x080001c0   0x00000006   Code   RO         6201    .ARM.Collect$$_printf_percent$$00000014  c_w.l(_printf_s.o)
    0x080001c6   0x080001c6   0x00000004   Code   RO         6340    .ARM.Collect$$_printf_percent$$00000017  c_w.l(_printf_percent_end.o)
    0x080001ca   0x080001ca   0x00000002   Code   RO         6489    .ARM.Collect$$libinit$$00000000  c_w.l(libinit.o)
    0x080001cc   0x080001cc   0x00000000   Code   RO         6491    .ARM.Collect$$libinit$$00000002  c_w.l(libinit2.o)
    0x080001cc   0x080001cc   0x00000000   Code   RO         6493    .ARM.Collect$$libinit$$00000004  c_w.l(libinit2.o)
    0x080001cc   0x080001cc   0x00000000   Code   RO         6496    .ARM.Collect$$libinit$$0000000A  c_w.l(libinit2.o)
    0x080001cc   0x080001cc   0x00000000   Code   RO         6498    .ARM.Collect$$libinit$$0000000C  c_w.l(libinit2.o)
    0x080001cc   0x080001cc   0x00000000   Code   RO         6500    .ARM.Collect$$libinit$$0000000E  c_w.l(libinit2.o)
    0x080001cc   0x080001cc   0x00000006   Code   RO         6501    .ARM.Collect$$libinit$$0000000F  c_w.l(libinit2.o)
    0x080001d2   0x080001d2   0x00000000   Code   RO         6503    .ARM.Collect$$libinit$$00000011  c_w.l(libinit2.o)
    0x080001d2   0x080001d2   0x0000000c   Code   RO         6504    .ARM.Collect$$libinit$$00000012  c_w.l(libinit2.o)
    0x080001de   0x080001de   0x00000000   Code   RO         6505    .ARM.Collect$$libinit$$00000013  c_w.l(libinit2.o)
    0x080001de   0x080001de   0x00000000   Code   RO         6507    .ARM.Collect$$libinit$$00000015  c_w.l(libinit2.o)
    0x080001de   0x080001de   0x0000000a   Code   RO         6508    .ARM.Collect$$libinit$$00000016  c_w.l(libinit2.o)
    0x080001e8   0x080001e8   0x00000000   Code   RO         6509    .ARM.Collect$$libinit$$00000017  c_w.l(libinit2.o)
    0x080001e8   0x080001e8   0x00000000   Code   RO         6511    .ARM.Collect$$libinit$$00000019  c_w.l(libinit2.o)
    0x080001e8   0x080001e8   0x00000000   Code   RO         6513    .ARM.Collect$$libinit$$0000001B  c_w.l(libinit2.o)
    0x080001e8   0x080001e8   0x00000000   Code   RO         6515    .ARM.Collect$$libinit$$0000001D  c_w.l(libinit2.o)
    0x080001e8   0x080001e8   0x00000000   Code   RO         6517    .ARM.Collect$$libinit$$0000001F  c_w.l(libinit2.o)
    0x080001e8   0x080001e8   0x00000000   Code   RO         6519    .ARM.Collect$$libinit$$00000021  c_w.l(libinit2.o)
    0x080001e8   0x080001e8   0x00000000   Code   RO         6521    .ARM.Collect$$libinit$$00000023  c_w.l(libinit2.o)
    0x080001e8   0x080001e8   0x00000000   Code   RO         6523    .ARM.Collect$$libinit$$00000025  c_w.l(libinit2.o)
    0x080001e8   0x080001e8   0x00000000   Code   RO         6527    .ARM.Collect$$libinit$$0000002C  c_w.l(libinit2.o)
    0x080001e8   0x080001e8   0x00000000   Code   RO         6529    .ARM.Collect$$libinit$$0000002E  c_w.l(libinit2.o)
    0x080001e8   0x080001e8   0x00000000   Code   RO         6531    .ARM.Collect$$libinit$$00000030  c_w.l(libinit2.o)
    0x080001e8   0x080001e8   0x00000000   Code   RO         6533    .ARM.Collect$$libinit$$00000032  c_w.l(libinit2.o)
    0x080001e8   0x080001e8   0x00000002   Code   RO         6534    .ARM.Collect$$libinit$$00000033  c_w.l(libinit2.o)
    0x080001ea   0x080001ea   0x00000002   Code   RO         6613    .ARM.Collect$$libshutdown$$00000000  c_w.l(libshutdown.o)
    0x080001ec   0x080001ec   0x00000000   Code   RO         6643    .ARM.Collect$$libshutdown$$00000002  c_w.l(libshutdown2.o)
    0x080001ec   0x080001ec   0x00000000   Code   RO         6645    .ARM.Collect$$libshutdown$$00000004  c_w.l(libshutdown2.o)
    0x080001ec   0x080001ec   0x00000000   Code   RO         6648    .ARM.Collect$$libshutdown$$00000007  c_w.l(libshutdown2.o)
    0x080001ec   0x080001ec   0x00000000   Code   RO         6651    .ARM.Collect$$libshutdown$$0000000A  c_w.l(libshutdown2.o)
    0x080001ec   0x080001ec   0x00000000   Code   RO         6653    .ARM.Collect$$libshutdown$$0000000C  c_w.l(libshutdown2.o)
    0x080001ec   0x080001ec   0x00000000   Code   RO         6656    .ARM.Collect$$libshutdown$$0000000F  c_w.l(libshutdown2.o)
    0x080001ec   0x080001ec   0x00000002   Code   RO         6657    .ARM.Collect$$libshutdown$$00000010  c_w.l(libshutdown2.o)
    0x080001ee   0x080001ee   0x00000000   Code   RO         6312    .ARM.Collect$$rtentry$$00000000  c_w.l(__rtentry.o)
    0x080001ee   0x080001ee   0x00000000   Code   RO         6400    .ARM.Collect$$rtentry$$00000002  c_w.l(__rtentry2.o)
    0x080001ee   0x080001ee   0x00000006   Code   RO         6412    .ARM.Collect$$rtentry$$00000004  c_w.l(__rtentry4.o)
    0x080001f4   0x080001f4   0x00000000   Code   RO         6402    .ARM.Collect$$rtentry$$00000009  c_w.l(__rtentry2.o)
    0x080001f4   0x080001f4   0x00000004   Code   RO         6403    .ARM.Collect$$rtentry$$0000000A  c_w.l(__rtentry2.o)
    0x080001f8   0x080001f8   0x00000000   Code   RO         6405    .ARM.Collect$$rtentry$$0000000C  c_w.l(__rtentry2.o)
    0x080001f8   0x080001f8   0x00000008   Code   RO         6406    .ARM.Collect$$rtentry$$0000000D  c_w.l(__rtentry2.o)
    0x08000200   0x08000200   0x00000002   Code   RO         6539    .ARM.Collect$$rtexit$$00000000  c_w.l(rtexit.o)
    0x08000202   0x08000202   0x00000000   Code   RO         6570    .ARM.Collect$$rtexit$$00000002  c_w.l(rtexit2.o)
    0x08000202   0x08000202   0x00000004   Code   RO         6571    .ARM.Collect$$rtexit$$00000003  c_w.l(rtexit2.o)
    0x08000206   0x08000206   0x00000006   Code   RO         6572    .ARM.Collect$$rtexit$$00000004  c_w.l(rtexit2.o)
    0x0800020c   0x0800020c   0x00000096   Code   RO         6058    .emb_text           port.o
    0x080002a2   0x080002a2   0x00000002   PAD
    0x080002a4   0x080002a4   0x00000040   Code   RO            4    .text               startup_stm32f103xb.o
    0x080002e4   0x080002e4   0x000000ee   Code   RO         6137    .text               c_w.l(lludivv7m.o)
    0x080003d2   0x080003d2   0x0000001e   Code   RO         6141    .text               c_w.l(toupper.o)
    0x080003f0   0x080003f0   0x00000034   Code   RO         6149    .text               c_w.l(noretval__2snprintf.o)
    0x08000424   0x08000424   0x00000052   Code   RO         6153    .text               c_w.l(_printf_str.o)
    0x08000476   0x08000476   0x00000002   PAD
    0x08000478   0x08000478   0x00000078   Code   RO         6155    .text               c_w.l(_printf_dec.o)
    0x080004f0   0x080004f0   0x00000058   Code   RO         6162    .text               c_w.l(_printf_hex_int.o)
    0x08000548   0x08000548   0x00000188   Code   RO         6197    .text               c_w.l(__printf_flags_ss_wp.o)
    0x080006d0   0x080006d0   0x0000003c   Code   RO         6208    .text               c_w.l(__0sscanf.o)
    0x0800070c   0x0800070c   0x0000014c   Code   RO         6210    .text               c_w.l(_scanf_int.o)
    0x08000858   0x08000858   0x000000e0   Code   RO         6212    .text               c_w.l(_scanf_str.o)
    0x08000938   0x08000938   0x0000001a   Code   RO         6214    .text               c_w.l(atoi.o)
    0x08000952   0x08000952   0x0000001a   Code   RO         6216    .text               c_w.l(atoll.o)
    0x0800096c   0x0800096c   0x00000004   Code   RO         6218    .text               c_w.l(strtoull.o)
    0x08000970   0x08000970   0x00000014   Code   RO         6220    .text               c_w.l(strchr.o)
    0x08000984   0x08000984   0x00000024   Code   RO         6222    .text               c_w.l(strstr.o)
    0x080009a8   0x080009a8   0x0000003e   Code   RO         6224    .text               c_w.l(strlen.o)
    0x080009e6   0x080009e6   0x00000064   Code   RO         6230    .text               c_w.l(rt_memcpy_w.o)
    0x08000a4a   0x08000a4a   0x00000044   Code   RO         6234    .text               c_w.l(rt_memclr.o)
    0x08000a8e   0x08000a8e   0x0000004e   Code   RO         6236    .text               c_w.l(rt_memclr_w.o)
    0x08000adc   0x08000adc   0x00000056   Code   RO         6238    .text               c_w.l(strncpy.o)
    0x08000b32   0x08000b32   0x00000002   PAD
    0x08000b34   0x08000b34   0x00000080   Code   RO         6240    .text               c_w.l(strcmpv7m.o)
    0x08000bb4   0x08000bb4   0x00000006   Code   RO         6242    .text               c_w.l(heapauxi.o)
    0x08000bba   0x08000bba   0x00000002   PAD
    0x08000bbc   0x08000bbc   0x00000010   Code   RO         6313    .text               c_w.l(rt_ctype_table.o)
    0x08000bcc   0x08000bcc   0x00000008   Code   RO         6322    .text               c_w.l(rt_errno_addr_intlibspace.o)
    0x08000bd4   0x08000bd4   0x0000008a   Code   RO         6324    .text               c_w.l(lludiv10.o)
    0x08000c5e   0x08000c5e   0x00000016   Code   RO         6326    .text               c_w.l(_rserrno.o)
    0x08000c74   0x08000c74   0x000000b2   Code   RO         6328    .text               c_w.l(_printf_intcommon.o)
    0x08000d26   0x08000d26   0x0000041e   Code   RO         6330    .text               c_w.l(_printf_fp_dec.o)
    0x08001144   0x08001144   0x00000030   Code   RO         6332    .text               c_w.l(_printf_char_common.o)
    0x08001174   0x08001174   0x0000000a   Code   RO         6334    .text               c_w.l(_sputc.o)
    0x0800117e   0x0800117e   0x00000010   Code   RO         6336    .text               c_w.l(_snputc.o)
    0x0800118e   0x0800118e   0x0000002c   Code   RO         6338    .text               c_w.l(_printf_char.o)
    0x080011ba   0x080011ba   0x0000001c   Code   RO         6342    .text               c_w.l(_chval.o)
    0x080011d6   0x080011d6   0x00000002   PAD
    0x080011d8   0x080011d8   0x0000002c   Code   RO         6344    .text               c_w.l(scanf_char.o)
    0x08001204   0x08001204   0x00000040   Code   RO         6346    .text               c_w.l(_sgetc.o)
    0x08001244   0x08001244   0x000000a4   Code   RO         6348    .text               c_w.l(strtod.o)
    0x080012e8   0x080012e8   0x00000070   Code   RO         6350    .text               c_w.l(strtol.o)
    0x08001358   0x08001358   0x00000090   Code   RO         6352    .text               c_w.l(__strtoll.o)
    0x080013e8   0x080013e8   0x0000007c   Code   RO         6354    .text               c_w.l(__strtoull.o)
    0x08001464   0x08001464   0x00000008   Code   RO         6396    .text               c_w.l(libspace.o)
    0x0800146c   0x0800146c   0x00000008   Code   RO         6419    .text               c_w.l(rt_locale_intlibspace.o)
    0x08001474   0x08001474   0x00000012   Code   RO         6421    .text               c_w.l(isspace.o)
    0x08001486   0x08001486   0x00000002   PAD
    0x08001488   0x08001488   0x00000080   Code   RO         6423    .text               c_w.l(_printf_fp_infnan.o)
    0x08001508   0x08001508   0x00000374   Code   RO         6427    .text               c_w.l(_scanf.o)
    0x0800187c   0x0800187c   0x0000009e   Code   RO         6429    .text               c_w.l(_strtoul.o)
    0x0800191a   0x0800191a   0x000000c2   Code   RO         6431    .text               c_w.l(_strtoull.o)
    0x080019dc   0x080019dc   0x000000e4   Code   RO         6433    .text               c_w.l(bigflt0.o)
    0x08001ac0   0x08001ac0   0x0000004a   Code   RO         6474    .text               c_w.l(sys_stackheap_outer.o)
    0x08001b0a   0x08001b0a   0x00000002   PAD
    0x08001b0c   0x08001b0c   0x000004f8   Code   RO         6476    .text               c_w.l(scanf_fp.o)
    0x08002004   0x08002004   0x00000012   Code   RO         6478    .text               c_w.l(exit.o)
    0x08002016   0x08002016   0x00000002   PAD
    0x08002018   0x08002018   0x0000000c   Code   RO         6567    .text               c_w.l(sys_exit.o)
    0x08002024   0x08002024   0x00000320   Code   RO         6576    .text               c_w.l(scanf_hexfp.o)
    0x08002344   0x08002344   0x00000134   Code   RO         6578    .text               c_w.l(scanf_infnan.o)
    0x08002478   0x08002478   0x00000002   Code   RO         6598    .text               c_w.l(use_no_semi.o)
    0x0800247a   0x0800247a   0x00000000   Code   RO         6600    .text               c_w.l(indicate_semi.o)
    0x0800247a   0x0800247a   0x00000026   Code   RO         6603    .text               c_w.l(llshl.o)
    0x080024a0   0x080024a0   0x0000003e   Code   RO         6436    CL$$btod_d2e        c_w.l(btod.o)
    0x080024de   0x080024de   0x00000046   Code   RO         6438    CL$$btod_d2e_denorm_low  c_w.l(btod.o)
    0x08002524   0x08002524   0x00000060   Code   RO         6437    CL$$btod_d2e_norm_op1  c_w.l(btod.o)
    0x08002584   0x08002584   0x00000338   Code   RO         6446    CL$$btod_div_common  c_w.l(btod.o)
    0x080028bc   0x080028bc   0x00000084   Code   RO         6444    CL$$btod_e2d        c_w.l(btod.o)
    0x08002940   0x08002940   0x000000dc   Code   RO         6443    CL$$btod_e2e        c_w.l(btod.o)
    0x08002a1c   0x08002a1c   0x0000002a   Code   RO         6440    CL$$btod_ediv       c_w.l(btod.o)
    0x08002a46   0x08002a46   0x0000002a   Code   RO         6442    CL$$btod_edivd      c_w.l(btod.o)
    0x08002a70   0x08002a70   0x0000002a   Code   RO         6439    CL$$btod_emul       c_w.l(btod.o)
    0x08002a9a   0x08002a9a   0x0000002a   Code   RO         6441    CL$$btod_emuld      c_w.l(btod.o)
    0x08002ac4   0x08002ac4   0x00000244   Code   RO         6445    CL$$btod_mult_common  c_w.l(btod.o)
    0x08002d08   0x08002d08   0x0000000c   Code   RO          951    i.ADC1_2_IRQHandler  stm32f1xx_it.o
    0x08002d14   0x08002d14   0x00000056   Code   RO         1558    i.ADC_ConversionStop_Disable  stm32f1xx_hal_adc.o
    0x08002d6a   0x08002d6a   0x00000002   PAD
    0x08002d6c   0x08002d6c   0x0000007c   Code   RO         1562    i.ADC_Enable        stm32f1xx_hal_adc.o
    0x08002de8   0x08002de8   0x00000024   Code   RO          364    i.ADC_Read_Gas      adc.o
    0x08002e0c   0x08002e0c   0x00000024   Code   RO          365    i.ADC_Read_VSense_1  adc.o
    0x08002e30   0x08002e30   0x00000024   Code   RO          366    i.ADC_Read_VSense_2  adc.o
    0x08002e54   0x08002e54   0x00000024   Code   RO          367    i.ADC_Read_Vbattery  adc.o
    0x08002e78   0x08002e78   0x00000024   Code   RO          368    i.ADC_Read_Wind     adc.o
    0x08002e9c   0x08002e9c   0x00000024   Code   RO          369    i.ADC_Select_Gas    adc.o
    0x08002ec0   0x08002ec0   0x00000024   Code   RO          370    i.ADC_Select_VSense_1  adc.o
    0x08002ee4   0x08002ee4   0x00000024   Code   RO          371    i.ADC_Select_VSense_2  adc.o
    0x08002f08   0x08002f08   0x00000024   Code   RO          372    i.ADC_Select_Vbattery  adc.o
    0x08002f2c   0x08002f2c   0x00000024   Code   RO          373    i.ADC_Select_Wind   adc.o
    0x08002f50   0x08002f50   0x00000002   Code   RO          952    i.BusFault_Handler  stm32f1xx_it.o
    0x08002f52   0x08002f52   0x00000002   PAD
    0x08002f54   0x08002f54   0x00000014   Code   RO          836    i.DebbugInit        usart.o
    0x08002f68   0x08002f68   0x0000002c   Code   RO          837    i.Debbug_RxCallBack  usart.o
    0x08002f94   0x08002f94   0x00000002   Code   RO          953    i.DebugMon_Handler  stm32f1xx_it.o
    0x08002f96   0x08002f96   0x00000008   Code   RO           13    i.Error_Handler     main.o
    0x08002f9e   0x08002f9e   0x00000002   Code   RO         1740    i.HAL_ADCEx_InjectedConvCpltCallback  stm32f1xx_hal_adc_ex.o
    0x08002fa0   0x08002fa0   0x000000fc   Code   RO         1564    i.HAL_ADC_ConfigChannel  stm32f1xx_hal_adc.o
    0x0800309c   0x0800309c   0x00000002   Code   RO         1565    i.HAL_ADC_ConvCpltCallback  stm32f1xx_hal_adc.o
    0x0800309e   0x0800309e   0x00000006   Code   RO         1571    i.HAL_ADC_GetValue  stm32f1xx_hal_adc.o
    0x080030a4   0x080030a4   0x000000e6   Code   RO         1572    i.HAL_ADC_IRQHandler  stm32f1xx_hal_adc.o
    0x0800318a   0x0800318a   0x00000002   PAD
    0x0800318c   0x0800318c   0x0000011c   Code   RO         1573    i.HAL_ADC_Init      stm32f1xx_hal_adc.o
    0x080032a8   0x080032a8   0x00000002   Code   RO         1574    i.HAL_ADC_LevelOutOfWindowCallback  stm32f1xx_hal_adc.o
    0x080032aa   0x080032aa   0x00000002   PAD
    0x080032ac   0x080032ac   0x00000078   Code   RO          375    i.HAL_ADC_MspInit   adc.o
    0x08003324   0x08003324   0x0000013c   Code   RO         1577    i.HAL_ADC_PollForConversion  stm32f1xx_hal_adc.o
    0x08003460   0x08003460   0x000000c0   Code   RO         1579    i.HAL_ADC_Start     stm32f1xx_hal_adc.o
    0x08003520   0x08003520   0x00000046   Code   RO         2213    i.HAL_DMA_Abort     stm32f1xx_hal_dma.o
    0x08003566   0x08003566   0x00000002   PAD
    0x08003568   0x08003568   0x00000098   Code   RO         2214    i.HAL_DMA_Abort_IT  stm32f1xx_hal_dma.o
    0x08003600   0x08003600   0x00000024   Code   RO         1841    i.HAL_Delay         stm32f1xx_hal.o
    0x08003624   0x08003624   0x000001e0   Code   RO         2149    i.HAL_GPIO_Init     stm32f1xx_hal_gpio.o
    0x08003804   0x08003804   0x0000000a   Code   RO         2153    i.HAL_GPIO_WritePin  stm32f1xx_hal_gpio.o
    0x0800380e   0x0800380e   0x00000002   PAD
    0x08003810   0x08003810   0x0000000c   Code   RO         1845    i.HAL_GetTick       stm32f1xx_hal.o
    0x0800381c   0x0800381c   0x00000250   Code   RO         2838    i.HAL_I2C_Mem_Read  stm32f1xx_hal_i2c.o
    0x08003a6c   0x08003a6c   0x00000010   Code   RO         1851    i.HAL_IncTick       stm32f1xx_hal.o
    0x08003a7c   0x08003a7c   0x00000024   Code   RO         1852    i.HAL_Init          stm32f1xx_hal.o
    0x08003aa0   0x08003aa0   0x00000074   Code   RO         1051    i.HAL_InitTick      stm32f1xx_hal_timebase_tim.o
    0x08003b14   0x08003b14   0x00000048   Code   RO         1027    i.HAL_MspInit       stm32f1xx_hal_msp.o
    0x08003b5c   0x08003b5c   0x0000001a   Code   RO         2309    i.HAL_NVIC_EnableIRQ  stm32f1xx_hal_cortex.o
    0x08003b76   0x08003b76   0x00000002   PAD
    0x08003b78   0x08003b78   0x00000040   Code   RO         2315    i.HAL_NVIC_SetPriority  stm32f1xx_hal_cortex.o
    0x08003bb8   0x08003bb8   0x00000024   Code   RO         2316    i.HAL_NVIC_SetPriorityGrouping  stm32f1xx_hal_cortex.o
    0x08003bdc   0x08003bdc   0x00000024   Code   RO         2317    i.HAL_NVIC_SystemReset  stm32f1xx_hal_cortex.o
    0x08003c00   0x08003c00   0x000000c8   Code   RO         2111    i.HAL_RCCEx_GetPeriphCLKFreq  stm32f1xx_hal_rcc_ex.o
    0x08003cc8   0x08003cc8   0x000000ec   Code   RO         2112    i.HAL_RCCEx_PeriphCLKConfig  stm32f1xx_hal_rcc_ex.o
    0x08003db4   0x08003db4   0x0000012c   Code   RO         2009    i.HAL_RCC_ClockConfig  stm32f1xx_hal_rcc.o
    0x08003ee0   0x08003ee0   0x00000040   Code   RO         2013    i.HAL_RCC_GetClockConfig  stm32f1xx_hal_rcc.o
    0x08003f20   0x08003f20   0x00000020   Code   RO         2016    i.HAL_RCC_GetPCLK1Freq  stm32f1xx_hal_rcc.o
    0x08003f40   0x08003f40   0x00000020   Code   RO         2017    i.HAL_RCC_GetPCLK2Freq  stm32f1xx_hal_rcc.o
    0x08003f60   0x08003f60   0x0000006c   Code   RO         2018    i.HAL_RCC_GetSysClockFreq  stm32f1xx_hal_rcc.o
    0x08003fcc   0x08003fcc   0x00000320   Code   RO         2021    i.HAL_RCC_OscConfig  stm32f1xx_hal_rcc.o
    0x080042ec   0x080042ec   0x000000b2   Code   RO         3252    i.HAL_SPI_Init      stm32f1xx_hal_spi.o
    0x0800439e   0x0800439e   0x00000002   PAD
    0x080043a0   0x080043a0   0x00000080   Code   RO          795    i.HAL_SPI_MspInit   spi.o
    0x08004420   0x08004420   0x0000015a   Code   RO         3255    i.HAL_SPI_Receive   stm32f1xx_hal_spi.o
    0x0800457a   0x0800457a   0x00000166   Code   RO         3260    i.HAL_SPI_Transmit  stm32f1xx_hal_spi.o
    0x080046e0   0x080046e0   0x000001e2   Code   RO         3261    i.HAL_SPI_TransmitReceive  stm32f1xx_hal_spi.o
    0x080048c2   0x080048c2   0x00000002   Code   RO         4269    i.HAL_TIMEx_BreakCallback  stm32f1xx_hal_tim_ex.o
    0x080048c4   0x080048c4   0x00000002   Code   RO         4270    i.HAL_TIMEx_CommutCallback  stm32f1xx_hal_tim_ex.o
    0x080048c6   0x080048c6   0x0000005a   Code   RO         3565    i.HAL_TIM_Base_Init  stm32f1xx_hal_tim.o
    0x08004920   0x08004920   0x00000002   Code   RO         3567    i.HAL_TIM_Base_MspInit  stm32f1xx_hal_tim.o
    0x08004922   0x08004922   0x00000002   PAD
    0x08004924   0x08004924   0x00000058   Code   RO         3570    i.HAL_TIM_Base_Start_IT  stm32f1xx_hal_tim.o
    0x0800497c   0x0800497c   0x00000002   Code   RO         3599    i.HAL_TIM_IC_CaptureCallback  stm32f1xx_hal_tim.o
    0x0800497e   0x0800497e   0x00000166   Code   RO         3613    i.HAL_TIM_IRQHandler  stm32f1xx_hal_tim.o
    0x08004ae4   0x08004ae4   0x00000002   Code   RO         3616    i.HAL_TIM_OC_DelayElapsedCallback  stm32f1xx_hal_tim.o
    0x08004ae6   0x08004ae6   0x00000002   Code   RO         3643    i.HAL_TIM_PWM_PulseFinishedCallback  stm32f1xx_hal_tim.o
    0x08004ae8   0x08004ae8   0x00000014   Code   RO           14    i.HAL_TIM_PeriodElapsedCallback  main.o
    0x08004afc   0x08004afc   0x00000002   Code   RO         3656    i.HAL_TIM_TriggerCallback  stm32f1xx_hal_tim.o
    0x08004afe   0x08004afe   0x00000002   Code   RO         4547    i.HAL_UARTEx_RxEventCallback  stm32f1xx_hal_uart.o
    0x08004b00   0x08004b00   0x00000002   Code   RO         4561    i.HAL_UART_ErrorCallback  stm32f1xx_hal_uart.o
    0x08004b02   0x08004b02   0x00000002   PAD
    0x08004b04   0x08004b04   0x0000020c   Code   RO         4564    i.HAL_UART_IRQHandler  stm32f1xx_hal_uart.o
    0x08004d10   0x08004d10   0x00000062   Code   RO         4565    i.HAL_UART_Init     stm32f1xx_hal_uart.o
    0x08004d72   0x08004d72   0x00000002   PAD
    0x08004d74   0x08004d74   0x000000d0   Code   RO          839    i.HAL_UART_MspInit  usart.o
    0x08004e44   0x08004e44   0x0000002a   Code   RO         4570    i.HAL_UART_Receive_IT  stm32f1xx_hal_uart.o
    0x08004e6e   0x08004e6e   0x00000002   PAD
    0x08004e70   0x08004e70   0x00000074   Code   RO         1238    i.HAL_UART_RxCpltCallback  trx_sim.o
    0x08004ee4   0x08004ee4   0x000000b2   Code   RO         4573    i.HAL_UART_Transmit  stm32f1xx_hal_uart.o
    0x08004f96   0x08004f96   0x00000002   Code   RO         4576    i.HAL_UART_TxCpltCallback  stm32f1xx_hal_uart.o
    0x08004f98   0x08004f98   0x00000006   Code   RO          954    i.HardFault_Handler  stm32f1xx_it.o
    0x08004f9e   0x08004f9e   0x0000002e   Code   RO         2862    i.I2C_IsAcknowledgeFailed  stm32f1xx_hal_i2c.o
    0x08004fcc   0x08004fcc   0x000000fc   Code   RO         2872    i.I2C_RequestMemoryRead  stm32f1xx_hal_i2c.o
    0x080050c8   0x080050c8   0x00000068   Code   RO         2878    i.I2C_WaitOnFlagUntilTimeout  stm32f1xx_hal_i2c.o
    0x08005130   0x08005130   0x00000096   Code   RO         2879    i.I2C_WaitOnMasterAddressFlagUntilTimeout  stm32f1xx_hal_i2c.o
    0x080051c6   0x080051c6   0x00000066   Code   RO         2880    i.I2C_WaitOnRXNEFlagUntilTimeout  stm32f1xx_hal_i2c.o
    0x0800522c   0x0800522c   0x0000004c   Code   RO         2881    i.I2C_WaitOnTXEFlagUntilTimeout  stm32f1xx_hal_i2c.o
    0x08005278   0x08005278   0x00000038   Code   RO          376    i.MX_ADC1_Init      adc.o
    0x080052b0   0x080052b0   0x00000054   Code   RO          242    i.MX_FREERTOS_Init  freertos.o
    0x08005304   0x08005304   0x000000e8   Code   RO          340    i.MX_GPIO_Init      gpio.o
    0x080053ec   0x080053ec   0x00000048   Code   RO          796    i.MX_SPI1_Init      spi.o
    0x08005434   0x08005434   0x00000038   Code   RO          840    i.MX_USART2_UART_Init  usart.o
    0x0800546c   0x0800546c   0x00000038   Code   RO          841    i.MX_USART3_UART_Init  usart.o
    0x080054a4   0x080054a4   0x00000002   Code   RO          955    i.MemManage_Handler  stm32f1xx_it.o
    0x080054a6   0x080054a6   0x00000002   Code   RO          956    i.NMI_Handler       stm32f1xx_it.o
    0x080054a8   0x080054a8   0x00000384   Code   RO         1239    i.SIM_BufferProcess  trx_sim.o
    0x0800582c   0x0800582c   0x00000150   Code   RO         1241    i.SIM_Init          trx_sim.o
    0x0800597c   0x0800597c   0x00000088   Code   RO         1242    i.SIM_InitValue     trx_sim.o
    0x08005a04   0x08005a04   0x00000034   Code   RO         1243    i.SIM_IsNumberAdded  trx_sim.o
    0x08005a38   0x08005a38   0x0000002c   Code   RO         1244    i.SIM_IsNumberAdmin  trx_sim.o
    0x08005a64   0x08005a64   0x000000ac   Code   RO         1247    i.SIM_SendAtCommand  trx_sim.o
    0x08005b10   0x08005b10   0x00000034   Code   RO         1250    i.SIM_SendString    trx_sim.o
    0x08005b44   0x08005b44   0x00000124   Code   RO         1253    i.SIM_SetNum        trx_sim.o
    0x08005c68   0x08005c68   0x000000ac   Code   RO         1254    i.SIM_SetPower      trx_sim.o
    0x08005d14   0x08005d14   0x0000005c   Code   RO         3289    i.SPI_EndRxTransaction  stm32f1xx_hal_spi.o
    0x08005d70   0x08005d70   0x00000020   Code   RO         3290    i.SPI_EndRxTxTransaction  stm32f1xx_hal_spi.o
    0x08005d90   0x08005d90   0x000000b8   Code   RO         3295    i.SPI_WaitFlagStateUntilTimeout  stm32f1xx_hal_spi.o
    0x08005e48   0x08005e48   0x0000010c   Code   RO          243    i.SensorHandler     freertos.o
    0x08005f54   0x08005f54   0x000003f8   Code   RO          244    i.Sim800Handler     freertos.o
    0x0800634c   0x0800634c   0x00000070   Code   RO          245    i.StartDefaultTask  freertos.o
    0x080063bc   0x080063bc   0x0000004c   Code   RO         1255    i.StartSIMBuffTask  trx_sim.o
    0x08006408   0x08006408   0x0000002c   Code   RO         6059    i.SysTick_Handler   port.o
    0x08006434   0x08006434   0x0000006c   Code   RO           15    i.SystemClock_Config  main.o
    0x080064a0   0x080064a0   0x00000002   Code   RO         4894    i.SystemInit        system_stm32f1xx.o
    0x080064a2   0x080064a2   0x00000002   PAD
    0x080064a4   0x080064a4   0x0000000c   Code   RO          957    i.TIM1_UP_IRQHandler  stm32f1xx_it.o
    0x080064b0   0x080064b0   0x0000006c   Code   RO         3658    i.TIM_Base_SetConfig  stm32f1xx_hal_tim.o
    0x0800651c   0x0800651c   0x00000010   Code   RO         4578    i.UART_DMAAbortOnError  stm32f1xx_hal_uart.o
    0x0800652c   0x0800652c   0x00000030   Code   RO         4588    i.UART_EndRxTransfer  stm32f1xx_hal_uart.o
    0x0800655c   0x0800655c   0x000000b6   Code   RO         4590    i.UART_Receive_IT   stm32f1xx_hal_uart.o
    0x08006612   0x08006612   0x00000002   PAD
    0x08006614   0x08006614   0x000000b8   Code   RO         4591    i.UART_SetConfig    stm32f1xx_hal_uart.o
    0x080066cc   0x080066cc   0x00000036   Code   RO         4593    i.UART_Start_Receive_IT  stm32f1xx_hal_uart.o
    0x08006702   0x08006702   0x00000064   Code   RO         4594    i.UART_WaitOnFlagUntilTimeout  stm32f1xx_hal_uart.o
    0x08006766   0x08006766   0x00000002   PAD
    0x08006768   0x08006768   0x0000000c   Code   RO          958    i.USART3_IRQHandler  stm32f1xx_it.o
    0x08006774   0x08006774   0x00000002   Code   RO          959    i.UsageFault_Handler  stm32f1xx_it.o
    0x08006776   0x08006776   0x00000028   Code   RO         6383    i.__ARM_fpclassify  m_ws.l(fpclassify.o)
    0x0800679e   0x0800679e   0x00000020   Code   RO         2322    i.__NVIC_SetPriority  stm32f1xx_hal_cortex.o
    0x080067be   0x080067be   0x00000002   PAD
    0x080067c0   0x080067c0   0x00000024   Code   RO         1256    i.__NVIC_SystemReset  trx_sim.o
    0x080067e4   0x080067e4   0x0000000e   Code   RO         6373    i.__mathlib_dbl_overflow  m_ws.l(dunder.o)
    0x080067f2   0x080067f2   0x00000002   PAD
    0x080067f4   0x080067f4   0x00000010   Code   RO         6375    i.__mathlib_dbl_underflow  m_ws.l(dunder.o)
    0x08006804   0x08006804   0x00000010   Code   RO         6561    i.__mathlib_narrow  m_ws.l(narrow.o)
    0x08006814   0x08006814   0x000000bc   Code   RO         6562    i.__mathlib_tofloat  m_ws.l(narrow.o)
    0x080068d0   0x080068d0   0x00000016   Code   RO         6615    i.__support_ldexp   m_ws.l(ldexp.o)
    0x080068e6   0x080068e6   0x0000000e   Code   RO         6190    i._is_digit         c_w.l(__printf_wp.o)
    0x080068f4   0x080068f4   0x00000040   Code   RO         1480    i.at24_read         at24cxx.o
    0x08006934   0x08006934   0x0000002a   Code   RO         6299    i.atof              m_ws.l(atof.o)
    0x0800695e   0x0800695e   0x00000002   PAD
    0x08006960   0x08006960   0x00000178   Code   RO         1257    i.attachGPRS        trx_sim.o
    0x08006ad8   0x08006ad8   0x0000001c   Code   RO          844    i.debugPrint        usart.o
    0x08006af4   0x08006af4   0x00000030   Code   RO          845    i.debugPrintln      usart.o
    0x08006b24   0x08006b24   0x000000fc   Code   RO          246    i.decode_values     freertos.o
    0x08006c20   0x08006c20   0x00000058   Code   RO         6591    i.frexp             m_ws.l(frexp.o)
    0x08006c78   0x08006c78   0x00000020   Code   RO         1260    i.isIpAddressNull   trx_sim.o
    0x08006c98   0x08006c98   0x00000074   Code   RO         6616    i.ldexp             m_ws.l(ldexp.o)
    0x08006d0c   0x08006d0c   0x00000018   Code   RO          504    i.lora_available    lora.o
    0x08006d24   0x08006d24   0x000000fc   Code   RO          509    i.lora_init         lora.o
    0x08006e20   0x08006e20   0x00000006   Code   RO          514    i.lora_mode_sleep   lora.o
    0x08006e26   0x08006e26   0x00000006   Code   RO          515    i.lora_mode_standby  lora.o
    0x08006e2c   0x08006e2c   0x00000028   Code   RO          516    i.lora_packet_rssi  lora.o
    0x08006e54   0x08006e54   0x00000078   Code   RO          518    i.lora_parsepacket  lora.o
    0x08006ecc   0x08006ecc   0x00000020   Code   RO          519    i.lora_pending_packet_length  lora.o
    0x08006eec   0x08006eec   0x00000028   Code   RO          520    i.lora_read         lora.o
    0x08006f14   0x08006f14   0x00000028   Code   RO          526    i.lora_reset        lora.o
    0x08006f3c   0x08006f3c   0x00000032   Code   RO          532    i.lora_set_coding_rate  lora.o
    0x08006f6e   0x08006f6e   0x0000001a   Code   RO          534    i.lora_set_explicit_header_mode  lora.o
    0x08006f88   0x08006f88   0x00000048   Code   RO          535    i.lora_set_frequency  lora.o
    0x08006fd0   0x08006fd0   0x0000001e   Code   RO          537    i.lora_set_preamble_length  lora.o
    0x08006fee   0x08006fee   0x00000028   Code   RO          539    i.lora_set_signal_bandwidth  lora.o
    0x08007016   0x08007016   0x0000005c   Code   RO          540    i.lora_set_spreading_factor  lora.o
    0x08007072   0x08007072   0x00000062   Code   RO          541    i.lora_set_tx_power  lora.o
    0x080070d4   0x080070d4   0x00000006   Code   RO          542    i.lora_version      lora.o
    0x080070da   0x080070da   0x00000002   PAD
    0x080070dc   0x080070dc   0x00000050   Code   RO           16    i.main              main.o
    0x0800712c   0x0800712c   0x0000000c   Code   RO         5634    i.makeFreeRtosPriority  cmsis_os.o
    0x08007138   0x08007138   0x0000005c   Code   RO         1261    i.mystristr         trx_sim.o
    0x08007194   0x08007194   0x0000000e   Code   RO         5636    i.osDelay           cmsis_os.o
    0x080071a2   0x080071a2   0x0000000a   Code   RO         5639    i.osKernelStart     cmsis_os.o
    0x080071ac   0x080071ac   0x00000054   Code   RO         5673    i.osThreadCreate    cmsis_os.o
    0x08007200   0x08007200   0x00000050   Code   RO         5378    i.prvAddCurrentTaskToDelayedList  tasks.o
    0x08007250   0x08007250   0x000000c0   Code   RO         5379    i.prvAddNewTaskToReadyList  tasks.o
    0x08007310   0x08007310   0x0000004c   Code   RO         5997    i.prvHeapInit       heap_4.o
    0x0800735c   0x0800735c   0x00000024   Code   RO         5380    i.prvIdleTask       tasks.o
    0x08007380   0x08007380   0x0000008e   Code   RO         5381    i.prvInitialiseNewTask  tasks.o
    0x0800740e   0x0800740e   0x00000002   PAD
    0x08007410   0x08007410   0x0000004c   Code   RO         5998    i.prvInsertBlockIntoFreeList  heap_4.o
    0x0800745c   0x0800745c   0x00000020   Code   RO         5382    i.prvResetNextTaskUnblockTime  tasks.o
    0x0800747c   0x0800747c   0x00000028   Code   RO         6060    i.prvTaskExitError  port.o
    0x080074a4   0x080074a4   0x000000d8   Code   RO         5999    i.pvPortMalloc      heap_4.o
    0x0800757c   0x0800757c   0x00000024   Code   RO         6061    i.pxPortInitialiseStack  port.o
    0x080075a0   0x080075a0   0x00000094   Code   RO          544    i.read_register     lora.o
    0x08007634   0x08007634   0x00000208   Code   RO         1264    i.sendMessage       trx_sim.o
    0x0800783c   0x0800783c   0x00000128   Code   RO         1266    i.set               trx_sim.o
    0x08007964   0x08007964   0x00000032   Code   RO          545    i.set_OCP           lora.o
    0x08007996   0x08007996   0x00000034   Code   RO          546    i.set_low_data_rate_optimization  lora.o
    0x080079ca   0x080079ca   0x0000000a   Code   RO          547    i.set_mode          lora.o
    0x080079d4   0x080079d4   0x000000f8   Code   RO         1267    i.updateLed         trx_sim.o
    0x08007acc   0x08007acc   0x00000026   Code   RO         5032    i.uxListRemove      list.o
    0x08007af2   0x08007af2   0x00000002   PAD
    0x08007af4   0x08007af4   0x00000014   Code   RO          247    i.vApplicationGetIdleTaskMemory  freertos.o
    0x08007b08   0x08007b08   0x00000016   Code   RO         5033    i.vListInitialise   list.o
    0x08007b1e   0x08007b1e   0x00000006   Code   RO         5034    i.vListInitialiseItem  list.o
    0x08007b24   0x08007b24   0x00000030   Code   RO         5035    i.vListInsert       list.o
    0x08007b54   0x08007b54   0x00000018   Code   RO         5036    i.vListInsertEnd    list.o
    0x08007b6c   0x08007b6c   0x00000040   Code   RO         6063    i.vPortEnterCritical  port.o
    0x08007bac   0x08007bac   0x00000028   Code   RO         6064    i.vPortExitCritical  port.o
    0x08007bd4   0x08007bd4   0x0000005c   Code   RO         6000    i.vPortFree         heap_4.o
    0x08007c30   0x08007c30   0x00000020   Code   RO         6065    i.vPortSetupTimerInterrupt  port.o
    0x08007c50   0x08007c50   0x0000004c   Code   RO         5387    i.vTaskDelay        tasks.o
    0x08007c9c   0x08007c9c   0x0000006c   Code   RO         5398    i.vTaskStartScheduler  tasks.o
    0x08007d08   0x08007d08   0x00000010   Code   RO         5399    i.vTaskSuspendAll   tasks.o
    0x08007d18   0x08007d18   0x0000005c   Code   RO         5400    i.vTaskSwitchContext  tasks.o
    0x08007d74   0x08007d74   0x00000068   Code   RO          549    i.write_register    lora.o
    0x08007ddc   0x08007ddc   0x00000074   Code   RO         6067    i.xPortStartScheduler  port.o
    0x08007e50   0x08007e50   0x0000005a   Code   RO         5402    i.xTaskCreate       tasks.o
    0x08007eaa   0x08007eaa   0x00000056   Code   RO         5403    i.xTaskCreateStatic  tasks.o
    0x08007f00   0x08007f00   0x000000c8   Code   RO         5410    i.xTaskIncrementTick  tasks.o
    0x08007fc8   0x08007fc8   0x000000c4   Code   RO         5416    i.xTaskResumeAll    tasks.o
    0x0800808c   0x0800808c   0x0000002c   Code   RO         6459    locale$$code        c_w.l(lc_ctype_c.o)
    0x080080b8   0x080080b8   0x0000002c   Code   RO         6462    locale$$code        c_w.l(lc_numeric_c.o)
    0x080080e4   0x080080e4   0x00000062   Code   RO         6246    x$fpl$d2f           fz_ws.l(d2f.o)
    0x08008146   0x08008146   0x00000002   PAD
    0x08008148   0x08008148   0x00000150   Code   RO         6248    x$fpl$dadd          fz_ws.l(daddsub_clz.o)
    0x08008298   0x08008298   0x00000010   Code   RO         6356    x$fpl$dcheck1       fz_ws.l(dcheck1.o)
    0x080082a8   0x080082a8   0x00000018   Code   RO         6535    x$fpl$dcmpinf       fz_ws.l(dcmpi.o)
    0x080082c0   0x080082c0   0x000002b0   Code   RO         6255    x$fpl$ddiv          fz_ws.l(ddiv.o)
    0x08008570   0x08008570   0x00000078   Code   RO         6588    x$fpl$deqf          fz_ws.l(deqf.o)
    0x080085e8   0x080085e8   0x0000002e   Code   RO         6259    x$fpl$dflt          fz_ws.l(dflt_clz.o)
    0x08008616   0x08008616   0x00000002   PAD
    0x08008618   0x08008618   0x00000078   Code   RO         6464    x$fpl$dleqf         fz_ws.l(dleqf.o)
    0x08008690   0x08008690   0x00000154   Code   RO         6264    x$fpl$dmul          fz_ws.l(dmul.o)
    0x080087e4   0x080087e4   0x0000009c   Code   RO         6358    x$fpl$dnaninf       fz_ws.l(dnaninf.o)
    0x08008880   0x08008880   0x0000000c   Code   RO         6360    x$fpl$dretinf       fz_ws.l(dretinf.o)
    0x0800888c   0x0800888c   0x0000006c   Code   RO         6362    x$fpl$drleqf        fz_ws.l(drleqf.o)
    0x080088f8   0x080088f8   0x000001d4   Code   RO         6250    x$fpl$dsub          fz_ws.l(daddsub_clz.o)
    0x08008acc   0x08008acc   0x00000056   Code   RO         6266    x$fpl$f2d           fz_ws.l(f2d.o)
    0x08008b22   0x08008b22   0x00000002   PAD
    0x08008b24   0x08008b24   0x00000184   Code   RO         6275    x$fpl$fdiv          fz_ws.l(fdiv.o)
    0x08008ca8   0x08008ca8   0x00000030   Code   RO         6287    x$fpl$fflt          fz_ws.l(fflt_clz.o)
    0x08008cd8   0x08008cd8   0x00000102   Code   RO         6292    x$fpl$fmul          fz_ws.l(fmul.o)
    0x08008dda   0x08008dda   0x0000008c   Code   RO         6364    x$fpl$fnaninf       fz_ws.l(fnaninf.o)
    0x08008e66   0x08008e66   0x0000000a   Code   RO         6366    x$fpl$fretinf       fz_ws.l(fretinf.o)
    0x08008e70   0x08008e70   0x00000006   Code   RO         6468    x$fpl$ieeestatus    fz_ws.l(istatus.o)
    0x08008e76   0x08008e76   0x00000004   Code   RO         6294    x$fpl$printf1       fz_ws.l(printf1.o)
    0x08008e7a   0x08008e7a   0x00000064   Code   RO         6470    x$fpl$retnan        fz_ws.l(retnan.o)
    0x08008ede   0x08008ede   0x0000005c   Code   RO         6296    x$fpl$scalbn        fz_ws.l(scalbn.o)
    0x08008f3a   0x08008f3a   0x00000004   Code   RO         6472    x$fpl$scanf1        fz_ws.l(scanf1.o)
    0x08008f3e   0x08008f3e   0x00000008   Code   RO         6555    x$fpl$scanf2        fz_ws.l(scanf2.o)
    0x08008f46   0x08008f46   0x00000030   Code   RO         6537    x$fpl$trapveneer    fz_ws.l(trapv.o)
    0x08008f76   0x08008f76   0x00000000   Code   RO         6368    x$fpl$usenofp       fz_ws.l(usenofp.o)
    0x08008f76   0x08008f76   0x00000002   PAD
    0x08008f78   0x08008f78   0x00000054   Data   RO          251    .constdata          freertos.o
    0x08008fcc   0x08008fcc   0x0000001c   Data   RO         1269    .constdata          trx_sim.o
    0x08008fe8   0x08008fe8   0x00000010   Data   RO         4895    .constdata          system_stm32f1xx.o
    0x08008ff8   0x08008ff8   0x00000008   Data   RO         4896    .constdata          system_stm32f1xx.o
    0x08009000   0x08009000   0x00000028   Data   RO         6163    .constdata          c_w.l(_printf_hex_int.o)
    0x08009028   0x08009028   0x00000011   Data   RO         6198    .constdata          c_w.l(__printf_flags_ss_wp.o)
    0x08009039   0x08009039   0x00000003   PAD
    0x0800903c   0x0800903c   0x00000094   Data   RO         6434    .constdata          c_w.l(bigflt0.o)
    0x080090d0   0x080090d0   0x000002f8   Data   RO          252    .conststring        freertos.o
    0x080093c8   0x080093c8   0x0000127b   Data   RO         1270    .conststring        trx_sim.o
    0x0800a643   0x0800a643   0x00000001   PAD
    0x0800a644   0x0800a644   0x00000020   Data   RO         6658    Region$$Table       anon$$obj.o
    0x0800a664   0x0800a664   0x00000008   Data   RO         6549    c$$dinf             fz_ws.l(fpconst.o)
    0x0800a66c   0x0800a66c   0x00000008   Data   RO         6552    c$$dmax             fz_ws.l(fpconst.o)
    0x0800a674   0x0800a674   0x00000110   Data   RO         6458    locale$$data        c_w.l(lc_ctype_c.o)
    0x0800a784   0x0800a784   0x0000001c   Data   RO         6461    locale$$data        c_w.l(lc_numeric_c.o)


    Execution Region RW_IRAM1 (Exec base: 0x20000000, Load base: 0x0800a7a0, Size: 0x00002598, Max: 0x00005000, ABSOLUTE, COMPRESSED[0x0000035c])

    Exec Addr    Load Addr    Size         Type   Attr      Idx    E Section Name        Object

    0x20000000   COMPRESSED   0x00000040   Data   RW          253    .data               freertos.o
    0x20000040   COMPRESSED   0x00000001   Data   RW          551    .data               lora.o
    0x20000041   COMPRESSED   0x00000001   Data   RW          851    .data               usart.o
    0x20000042   COMPRESSED   0x00000002   PAD
    0x20000044   COMPRESSED   0x000005cc   Data   RW         1272    .data               trx_sim.o
    0x20000610   COMPRESSED   0x00000001   Data   RW         1274    .data               trx_sim.o
    0x20000611   COMPRESSED   0x00000001   Data   RW         1482    .data               at24cxx.o
    0x20000612   COMPRESSED   0x00000002   PAD
    0x20000614   COMPRESSED   0x0000000c   Data   RW         1859    .data               stm32f1xx_hal.o
    0x20000620   COMPRESSED   0x00000004   Data   RW         4897    .data               system_stm32f1xx.o
    0x20000624   COMPRESSED   0x00000038   Data   RW         5418    .data               tasks.o
    0x2000065c   COMPRESSED   0x00000018   Data   RW         6005    .data               heap_4.o
    0x20000674   COMPRESSED   0x0000000c   Data   RW         6068    .data               port.o
    0x20000680        -       0x00000204   Zero   RW          250    .bss                freertos.o
    0x20000884        -       0x00000030   Zero   RW          377    .bss                adc.o
    0x200008b4        -       0x00000054   Zero   RW          465    .bss                i2c.o
    0x20000908        -       0x00000064   Zero   RW          550    .bss                lora.o
    0x2000096c        -       0x00000058   Zero   RW          797    .bss                spi.o
    0x200009c4        -       0x00000088   Zero   RW          850    .bss                usart.o
    0x20000a4c        -       0x00000048   Zero   RW         1054    .bss                stm32f1xx_hal_timebase_tim.o
    0x20000a94   COMPRESSED   0x00000004   PAD
    0x20000a98        -       0x00000a08   Zero   RW         1268    .bss                trx_sim.o
    0x200014a0        -       0x000000c8   Zero   RW         5417    .bss                tasks.o
    0x20001568        -       0x000009d0   Zero   RW         6004    .bss                heap_4.o
    0x20001f38        -       0x00000060   Zero   RW         6397    .bss                c_w.l(libspace.o)
    0x20001f98        -       0x00000200   Zero   RW            2    HEAP                startup_stm32f103xb.o
    0x20002198        -       0x00000400   Zero   RW            1    STACK               startup_stm32f103xb.o


==============================================================================

Image component sizes


      Code (inc. data)   RO Data    RW Data    ZI Data      Debug   Object Name

       536         66          0          0         48       7865   adc.o
        64          8          0          1          0       1572   at24cxx.o
       120          0          0          0          0      23113   cmsis_os.o
         0          0          0          0          0      18520   event_groups.o
      1752        510        844         64        516      20370   freertos.o
       232         16          0          0          0       1147   gpio.o
       460         24          0         24       2512       7851   heap_4.o
         0          0          0          0         84        300   i2c.o
       138          0          0          0          0       3918   list.o
      1338        150          0          1        100      18494   lora.o
       216         34          0          0          0     493784   main.o
       522         62          0         12          0      11152   port.o
       200         26          0          0         88       2033   spi.o
        64         26        236          0       1536        896   startup_stm32f103xb.o
       100         18          0         12          0       5850   stm32f1xx_hal.o
      1494         54          0          0          0       9291   stm32f1xx_hal_adc.o
         2          0          0          0          0       1229   stm32f1xx_hal_adc_ex.o
       194         24          0          0          0      29529   stm32f1xx_hal_cortex.o
       222          4          0          0          0       2031   stm32f1xx_hal_dma.o
       490         34          0          0          0       3148   stm32f1xx_hal_gpio.o
      1322         24          0          0          0       9535   stm32f1xx_hal_i2c.o
        72         10          0          0          0       1042   stm32f1xx_hal_msp.o
      1336        110          0          0          0       6429   stm32f1xx_hal_rcc.o
       436         46          0          0          0       2789   stm32f1xx_hal_rcc_ex.o
      1672          4          0          0          0       8842   stm32f1xx_hal_spi.o
       654         26          0          0          0       7892   stm32f1xx_hal_tim.o
         4          0          0          0          0       1813   stm32f1xx_hal_tim_ex.o
       116         18          0          0         72       1679   stm32f1xx_hal_timebase_tim.o
      1432         10          0          0          0      11740   stm32f1xx_hal_uart.o
        52         18          0          0          0       4686   stm32f1xx_it.o
         2          0         24          4          0       1379   system_stm32f1xx.o
      1346        100          0         56        200      16334   tasks.o
      3948       1134       4759       1485       2568      50941   trx_sim.o
       460         68          0          1        136       5454   usart.o

    ----------------------------------------------------------------------
     21036       2624       5896       1664       7864     792648   Object Totals
         0          0         32          0          0          0   (incl. Generated)
        40          0          1          4          4          0   (incl. Padding)

    ----------------------------------------------------------------------

      Code (inc. data)   RO Data    RW Data    ZI Data      Debug   Library Member Name

        60          8          0          0          0         84   __0sscanf.o
       100          0          0          0          0          0   __dclz77c.o
         8          0          0          0          0         68   __main.o
       392          4         17          0          0         92   __printf_flags_ss_wp.o
        14          0          0          0          0         68   __printf_wp.o
         0          0          0          0          0          0   __rtentry.o
        12          0          0          0          0          0   __rtentry2.o
         6          0          0          0          0          0   __rtentry4.o
        52          8          0          0          0          0   __scatter.o
        28          0          0          0          0          0   __scatter_zi.o
       144          0          0          0          0         88   __strtoll.o
       124          0          0          0          0         92   __strtoull.o
        28          0          0          0          0         68   _chval.o
        44          0          0          0          0        108   _printf_char.o
        48          6          0          0          0         96   _printf_char_common.o
         6          0          0          0          0          0   _printf_d.o
       120         16          0          0          0         92   _printf_dec.o
         6          0          0          0          0          0   _printf_f.o
      1054          0          0          0          0        216   _printf_fp_dec.o
       128         16          0          0          0         84   _printf_fp_infnan.o
        88          4         40          0          0         88   _printf_hex_int.o
         6          0          0          0          0          0   _printf_i.o
       178          0          0          0          0         88   _printf_intcommon.o
         0          0          0          0          0          0   _printf_percent.o
         4          0          0          0          0          0   _printf_percent_end.o
         6          0          0          0          0          0   _printf_s.o
        82          0          0          0          0         80   _printf_str.o
         6          0          0          0          0          0   _printf_x.o
        22          0          0          0          0        100   _rserrno.o
       884          6          0          0          0        100   _scanf.o
       332          0          0          0          0         96   _scanf_int.o
       224          0          0          0          0         96   _scanf_str.o
        64          0          0          0          0         84   _sgetc.o
        16          0          0          0          0         68   _snputc.o
        10          0          0          0          0         68   _sputc.o
       158          0          0          0          0         92   _strtoul.o
       194          0          0          0          0         96   _strtoull.o
        26          0          0          0          0         80   atoi.o
        26          0          0          0          0         80   atoll.o
       228          4        148          0          0         96   bigflt0.o
      2152        136          0          0          0        960   btod.o
        18          0          0          0          0         80   exit.o
         6          0          0          0          0        152   heapauxi.o
         0          0          0          0          0          0   indicate_semi.o
        18          0          0          0          0         76   isspace.o
        44         10        272          0          0         76   lc_ctype_c.o
        44         10         28          0          0         76   lc_numeric_c.o
         2          0          0          0          0          0   libinit.o
        30          0          0          0          0          0   libinit2.o
         2          0          0          0          0          0   libshutdown.o
         2          0          0          0          0          0   libshutdown2.o
         8          4          0          0         96         68   libspace.o
        38          0          0          0          0         68   llshl.o
       138          0          0          0          0         80   lludiv10.o
       238          0          0          0          0        100   lludivv7m.o
        52          4          0          0          0         84   noretval__2snprintf.o
        16          4          0          0          0         76   rt_ctype_table.o
         8          4          0          0          0         68   rt_errno_addr_intlibspace.o
         8          4          0          0          0         68   rt_locale_intlibspace.o
        68          0          0          0          0         68   rt_memclr.o
        78          0          0          0          0         80   rt_memclr_w.o
       100          0          0          0          0         80   rt_memcpy_w.o
         2          0          0          0          0          0   rtexit.o
        10          0          0          0          0          0   rtexit2.o
        44          8          0          0          0         84   scanf_char.o
      1272         16          0          0          0        168   scanf_fp.o
       800         14          0          0          0        100   scanf_hexfp.o
       308         16          0          0          0        100   scanf_infnan.o
        20          0          0          0          0         68   strchr.o
       128          0          0          0          0         68   strcmpv7m.o
        62          0          0          0          0         76   strlen.o
        86          0          0          0          0         76   strncpy.o
        36          0          0          0          0         80   strstr.o
       164         14          0          0          0        120   strtod.o
       112          0          0          0          0         88   strtol.o
         4          0          0          0          0         68   strtoull.o
        12          4          0          0          0         68   sys_exit.o
        74          0          0          0          0         80   sys_stackheap_outer.o
        30          0          0          0          0         76   toupper.o
         2          0          0          0          0         68   use_no_semi.o
        98          4          0          0          0         92   d2f.o
       804         16          0          0          0        272   daddsub_clz.o
        16          4          0          0          0         68   dcheck1.o
        24          0          0          0          0         68   dcmpi.o
       688        140          0          0          0        208   ddiv.o
       120          4          0          0          0         92   deqf.o
        46          0          0          0          0         68   dflt_clz.o
       120          4          0          0          0         92   dleqf.o
       340         12          0          0          0        104   dmul.o
       156          4          0          0          0         92   dnaninf.o
        12          0          0          0          0         68   dretinf.o
       108          0          0          0          0         80   drleqf.o
        86          4          0          0          0         84   f2d.o
       388         76          0          0          0         96   fdiv.o
        48          0          0          0          0         68   fflt_clz.o
       258          4          0          0          0         84   fmul.o
       140          4          0          0          0         84   fnaninf.o
         0          0         16          0          0          0   fpconst.o
        10          0          0          0          0         68   fretinf.o
         6          0          0          0          0         68   istatus.o
         4          0          0          0          0         68   printf1.o
       100          0          0          0          0         68   retnan.o
        92          0          0          0          0         68   scalbn.o
         4          0          0          0          0         68   scanf1.o
         8          0          0          0          0         84   scanf2.o
        48          0          0          0          0         68   trapv.o
         0          0          0          0          0          0   usenofp.o
        42          0          0          0          0         84   atof.o
        30          6          0          0          0        136   dunder.o
        40          0          0          0          0         68   fpclassify.o
        88          8          0          0          0         76   frexp.o
       138          0          0          0          0        160   ldexp.o
       204          4          0          0          0        168   narrow.o

    ----------------------------------------------------------------------
     15456        614        524          0         96       9088   Library Totals
        26          0          3          0          0          0   (incl. Padding)

    ----------------------------------------------------------------------

      Code (inc. data)   RO Data    RW Data    ZI Data      Debug   Library Name

     11164        320        505          0         96       6116   c_w.l
      3724        276         16          0          0       2280   fz_ws.l
       542         18          0          0          0        692   m_ws.l

    ----------------------------------------------------------------------
     15456        614        524          0         96       9088   Library Totals

    ----------------------------------------------------------------------

==============================================================================


      Code (inc. data)   RO Data    RW Data    ZI Data      Debug   

     36492       3238       6420       1664       7960     786860   Grand Totals
     36492       3238       6420        860       7960     786860   ELF Image Totals (compressed)
     36492       3238       6420        860          0          0   ROM Totals

==============================================================================

    Total RO  Size (Code + RO Data)                42912 (  41.91kB)
    Total RW  Size (RW Data + ZI Data)              9624 (   9.40kB)
    Total ROM Size (Code + RO Data + RW Data)      43772 (  42.75kB)

==============================================================================

