Component: ARM Compiler 5.06 update 6 (build 750) Tool: armlink [4d35ed]

==============================================================================

Section Cross References

    startup_stm32f103xb.o(STACK) refers (Special) to heapauxi.o(.text) for __use_two_region_memory
    startup_stm32f103xb.o(HEAP) refers (Special) to heapauxi.o(.text) for __use_two_region_memory
    startup_stm32f103xb.o(RESET) refers (Special) to heapauxi.o(.text) for __use_two_region_memory
    startup_stm32f103xb.o(RESET) refers to startup_stm32f103xb.o(STACK) for __initial_sp
    startup_stm32f103xb.o(RESET) refers to startup_stm32f103xb.o(.text) for Reset_Handler
    startup_stm32f103xb.o(RESET) refers to stm32f1xx_it.o(i.NMI_Handler) for NMI_Handler
    startup_stm32f103xb.o(RESET) refers to stm32f1xx_it.o(i.HardFault_Handler) for HardFault_Handler
    startup_stm32f103xb.o(RESET) refers to stm32f1xx_it.o(i.MemManage_Handler) for MemManage_Handler
    startup_stm32f103xb.o(RESET) refers to stm32f1xx_it.o(i.BusFault_Handler) for BusFault_Handler
    startup_stm32f103xb.o(RESET) refers to stm32f1xx_it.o(i.UsageFault_Handler) for UsageFault_Handler
    startup_stm32f103xb.o(RESET) refers to port.o(.emb_text) for SVC_Handler
    startup_stm32f103xb.o(RESET) refers to stm32f1xx_it.o(i.DebugMon_Handler) for DebugMon_Handler
    startup_stm32f103xb.o(RESET) refers to port.o(i.SysTick_Handler) for SysTick_Handler
    startup_stm32f103xb.o(RESET) refers to stm32f1xx_it.o(i.ADC1_2_IRQHandler) for ADC1_2_IRQHandler
    startup_stm32f103xb.o(RESET) refers to stm32f1xx_it.o(i.TIM1_UP_IRQHandler) for TIM1_UP_IRQHandler
    startup_stm32f103xb.o(RESET) refers to stm32f1xx_it.o(i.USART3_IRQHandler) for USART3_IRQHandler
    startup_stm32f103xb.o(.text) refers (Special) to heapauxi.o(.text) for __use_two_region_memory
    startup_stm32f103xb.o(.text) refers to system_stm32f1xx.o(i.SystemInit) for SystemInit
    startup_stm32f103xb.o(.text) refers to __main.o(!!!main) for __main
    startup_stm32f103xb.o(.text) refers to startup_stm32f103xb.o(HEAP) for Heap_Mem
    startup_stm32f103xb.o(.text) refers to startup_stm32f103xb.o(STACK) for Stack_Mem
    main.o(i.Error_Handler) refers to stm32f1xx_hal_cortex.o(i.HAL_NVIC_SystemReset) for HAL_NVIC_SystemReset
    main.o(i.HAL_TIM_PeriodElapsedCallback) refers to stm32f1xx_hal.o(i.HAL_IncTick) for HAL_IncTick
    main.o(i.SystemClock_Config) refers to rt_memclr_w.o(.text) for __aeabi_memclr4
    main.o(i.SystemClock_Config) refers to stm32f1xx_hal_rcc.o(i.HAL_RCC_OscConfig) for HAL_RCC_OscConfig
    main.o(i.SystemClock_Config) refers to stm32f1xx_hal_rcc.o(i.HAL_RCC_ClockConfig) for HAL_RCC_ClockConfig
    main.o(i.SystemClock_Config) refers to stm32f1xx_hal_rcc_ex.o(i.HAL_RCCEx_PeriphCLKConfig) for HAL_RCCEx_PeriphCLKConfig
    main.o(i.SystemClock_Config) refers to main.o(i.Error_Handler) for Error_Handler
    main.o(i.main) refers to stm32f1xx_hal.o(i.HAL_Init) for HAL_Init
    main.o(i.main) refers to main.o(i.SystemClock_Config) for SystemClock_Config
    main.o(i.main) refers to gpio.o(i.MX_GPIO_Init) for MX_GPIO_Init
    main.o(i.main) refers to adc.o(i.MX_ADC1_Init) for MX_ADC1_Init
    main.o(i.main) refers to spi.o(i.MX_SPI1_Init) for MX_SPI1_Init
    main.o(i.main) refers to usart.o(i.MX_USART2_UART_Init) for MX_USART2_UART_Init
    main.o(i.main) refers to usart.o(i.MX_USART3_UART_Init) for MX_USART3_UART_Init
    main.o(i.main) refers to stm32f1xx_hal.o(i.HAL_Delay) for HAL_Delay
    main.o(i.main) refers to usart.o(i.debugPrintln) for debugPrintln
    main.o(i.main) refers to freertos.o(i.MX_FREERTOS_Init) for MX_FREERTOS_Init
    main.o(i.main) refers to cmsis_os.o(i.osKernelStart) for osKernelStart
    freertos.o(i.GPS_DATA) refers to stm32f1xx_hal.o(i.HAL_Delay) for HAL_Delay
    freertos.o(i.GPS_DATA) refers to trx_sim.o(i.SIM_SendAtCommand) for SIM_SendAtCommand
    freertos.o(i.MX_FREERTOS_Init) refers to cmsis_os.o(i.osSemaphoreCreate) for osSemaphoreCreate
    freertos.o(i.MX_FREERTOS_Init) refers to rt_memcpy_w.o(.text) for __aeabi_memcpy4
    freertos.o(i.MX_FREERTOS_Init) refers to cmsis_os.o(i.osThreadCreate) for osThreadCreate
    freertos.o(i.MX_FREERTOS_Init) refers to freertos.o(.data) for .data
    freertos.o(i.MX_FREERTOS_Init) refers to freertos.o(.constdata) for .constdata
    freertos.o(i.RPC_FETCH_ATTRIBUTES) refers to _printf_percent.o(.ARM.Collect$$_printf_percent$$00000000) for _printf_percent
    freertos.o(i.RPC_FETCH_ATTRIBUTES) refers to _printf_s.o(.ARM.Collect$$_printf_percent$$00000014) for _printf_s
    freertos.o(i.RPC_FETCH_ATTRIBUTES) refers to _printf_str.o(.text) for _printf_str
    freertos.o(i.RPC_FETCH_ATTRIBUTES) refers to trx_sim.o(i.SIM_SendAtCommand) for SIM_SendAtCommand
    freertos.o(i.RPC_FETCH_ATTRIBUTES) refers to rt_memclr_w.o(.text) for __aeabi_memclr4
    freertos.o(i.RPC_FETCH_ATTRIBUTES) refers to noretval__2snprintf.o(.text) for __2snprintf
[...]
    HAL_ADC_ConvCpltCallback                 0x08003431   Thumb Code     2  stm32f1xx_hal_adc.o(i.HAL_ADC_ConvCpltCallback)
    HAL_ADC_GetValue                         0x08003433   Thumb Code     6  stm32f1xx_hal_adc.o(i.HAL_ADC_GetValue)
    HAL_ADC_IRQHandler                       0x08003439   Thumb Code   230  stm32f1xx_hal_adc.o(i.HAL_ADC_IRQHandler)
    HAL_ADC_Init                             0x08003521   Thumb Code   272  stm32f1xx_hal_adc.o(i.HAL_ADC_Init)
    HAL_ADC_LevelOutOfWindowCallback         0x0800363d   Thumb Code     2  stm32f1xx_hal_adc.o(i.HAL_ADC_LevelOutOfWindowCallback)
    HAL_ADC_MspInit                          0x08003641   Thumb Code   104  adc.o(i.HAL_ADC_MspInit)
    HAL_ADC_PollForConversion                0x080036b9   Thumb Code   304  stm32f1xx_hal_adc.o(i.HAL_ADC_PollForConversion)
    HAL_ADC_Start                            0x080037f5   Thumb Code   184  stm32f1xx_hal_adc.o(i.HAL_ADC_Start)
    HAL_DMA_Abort                            0x080038b5   Thumb Code    70  stm32f1xx_hal_dma.o(i.HAL_DMA_Abort)
    HAL_DMA_Abort_IT                         0x080038fd   Thumb Code   148  stm32f1xx_hal_dma.o(i.HAL_DMA_Abort_IT)
    HAL_Delay                                0x08003995   Thumb Code    32  stm32f1xx_hal.o(i.HAL_Delay)
    HAL_GPIO_Init                            0x080039b9   Thumb Code   446  stm32f1xx_hal_gpio.o(i.HAL_GPIO_Init)
    HAL_GPIO_WritePin                        0x08003b99   Thumb Code    10  stm32f1xx_hal_gpio.o(i.HAL_GPIO_WritePin)
    HAL_GetTick                              0x08003ba5   Thumb Code     6  stm32f1xx_hal.o(i.HAL_GetTick)
    HAL_IncTick                              0x08003bb1   Thumb Code    12  stm32f1xx_hal.o(i.HAL_IncTick)
    HAL_Init                                 0x08003bc1   Thumb Code    32  stm32f1xx_hal.o(i.HAL_Init)
    HAL_InitTick                             0x08003be5   Thumb Code    98  stm32f1xx_hal_timebase_tim.o(i.HAL_InitTick)
    HAL_MspInit                              0x08003c59   Thumb Code    62  stm32f1xx_hal_msp.o(i.HAL_MspInit)
    HAL_NVIC_EnableIRQ                       0x08003ca1   Thumb Code    26  stm32f1xx_hal_cortex.o(i.HAL_NVIC_EnableIRQ)
    HAL_NVIC_SetPriority                     0x08003cbd   Thumb Code    60  stm32f1xx_hal_cortex.o(i.HAL_NVIC_SetPriority)
    HAL_NVIC_SetPriorityGrouping             0x08003cfd   Thumb Code    26  stm32f1xx_hal_cortex.o(i.HAL_NVIC_SetPriorityGrouping)
    HAL_NVIC_SystemReset                     0x08003d21   Thumb Code    26  stm32f1xx_hal_cortex.o(i.HAL_NVIC_SystemReset)
    HAL_RCCEx_GetPeriphCLKFreq               0x08003d45   Thumb Code   166  stm32f1xx_hal_rcc_ex.o(i.HAL_RCCEx_GetPeriphCLKFreq)
    HAL_RCCEx_PeriphCLKConfig                0x08003e0d   Thumb Code   224  stm32f1xx_hal_rcc_ex.o(i.HAL_RCCEx_PeriphCLKConfig)
    HAL_RCC_ClockConfig                      0x08003ef9   Thumb Code   280  stm32f1xx_hal_rcc.o(i.HAL_RCC_ClockConfig)
    HAL_RCC_GetClockConfig                   0x08004025   Thumb Code    54  stm32f1xx_hal_rcc.o(i.HAL_RCC_GetClockConfig)
    HAL_RCC_GetPCLK1Freq                     0x08004065   Thumb Code    20  stm32f1xx_hal_rcc.o(i.HAL_RCC_GetPCLK1Freq)
    HAL_RCC_GetPCLK2Freq                     0x08004085   Thumb Code    20  stm32f1xx_hal_rcc.o(i.HAL_RCC_GetPCLK2Freq)
    HAL_RCC_GetSysClockFreq                  0x080040a5   Thumb Code    74  stm32f1xx_hal_rcc.o(i.HAL_RCC_GetSysClockFreq)
    HAL_RCC_OscConfig                        0x08004111   Thumb Code   778  stm32f1xx_hal_rcc.o(i.HAL_RCC_OscConfig)
    HAL_SPI_Init                             0x08004431   Thumb Code   178  stm32f1xx_hal_spi.o(i.HAL_SPI_Init)
    HAL_SPI_MspInit                          0x080044e5   Thumb Code   112  spi.o(i.HAL_SPI_MspInit)
    HAL_SPI_Receive                          0x08004565   Thumb Code   346  stm32f1xx_hal_spi.o(i.HAL_SPI_Receive)
    HAL_SPI_Transmit                         0x080046bf   Thumb Code   358  stm32f1xx_hal_spi.o(i.HAL_SPI_Transmit)
    HAL_SPI_TransmitReceive                  0x08004825   Thumb Code   482  stm32f1xx_hal_spi.o(i.HAL_SPI_TransmitReceive)
    HAL_TIMEx_BreakCallback                  0x08004a07   Thumb Code     2  stm32f1xx_hal_tim_ex.o(i.HAL_TIMEx_BreakCallback)
    HAL_TIMEx_CommutCallback                 0x08004a09   Thumb Code     2  stm32f1xx_hal_tim_ex.o(i.HAL_TIMEx_CommutCallback)
    HAL_TIM_Base_Init                        0x08004a0b   Thumb Code    90  stm32f1xx_hal_tim.o(i.HAL_TIM_Base_Init)
    HAL_TIM_Base_MspInit                     0x08004a65   Thumb Code     2  stm32f1xx_hal_tim.o(i.HAL_TIM_Base_MspInit)
    HAL_TIM_Base_Start_IT                    0x08004a69   Thumb Code    76  stm32f1xx_hal_tim.o(i.HAL_TIM_Base_Start_IT)
    HAL_TIM_IC_CaptureCallback               0x08004ac1   Thumb Code     2  stm32f1xx_hal_tim.o(i.HAL_TIM_IC_CaptureCallback)
    HAL_TIM_IRQHandler                       0x08004ac3   Thumb Code   358  stm32f1xx_hal_tim.o(i.HAL_TIM_IRQHandler)
    HAL_TIM_OC_DelayElapsedCallback          0x08004c29   Thumb Code     2  stm32f1xx_hal_tim.o(i.HAL_TIM_OC_DelayElapsedCallback)
    HAL_TIM_PWM_PulseFinishedCallback        0x08004c2b   Thumb Code     2  stm32f1xx_hal_tim.o(i.HAL_TIM_PWM_PulseFinishedCallback)
    HAL_TIM_PeriodElapsedCallback            0x08004c2d   Thumb Code    14  main.o(i.HAL_TIM_PeriodElapsedCallback)
    HAL_TIM_TriggerCallback                  0x08004c41   Thumb Code     2  stm32f1xx_hal_tim.o(i.HAL_TIM_TriggerCallback)
    HAL_UARTEx_RxEventCallback               0x08004c43   Thumb Code     2  stm32f1xx_hal_uart.o(i.HAL_UARTEx_RxEventCallback)
    HAL_UART_ErrorCallback                   0x08004c45   Thumb Code     2  stm32f1xx_hal_uart.o(i.HAL_UART_ErrorCallback)
    HAL_UART_IRQHandler                      0x08004c49   Thumb Code   520  stm32f1xx_hal_uart.o(i.HAL_UART_IRQHandler)
    HAL_UART_Init                            0x08004e55   Thumb Code    98  stm32f1xx_hal_uart.o(i.HAL_UART_Init)
    HAL_UART_MspInit                         0x08004eb9   Thumb Code   188  usart.o(i.HAL_UART_MspInit)
    HAL_UART_Receive_IT                      0x08004f89   Thumb Code    42  stm32f1xx_hal_uart.o(i.HAL_UART_Receive_IT)
    HAL_UART_RxCpltCallback                  0x08004fb5   Thumb Code    94  trx_sim.o(i.HAL_UART_RxCpltCallback)
    HAL_UART_Transmit                        0x08005029   Thumb Code   178  stm32f1xx_hal_uart.o(i.HAL_UART_Transmit)
    HAL_UART_TxCpltCallback                  0x080050db   Thumb Code     2  stm32f1xx_hal_uart.o(i.HAL_UART_TxCpltCallback)
    HardFault_Handler                        0x080050dd   Thumb Code     6  stm32f1xx_it.o(i.HardFault_Handler)
    MX_ADC1_Init                             0x080050e5   Thumb Code    48  adc.o(i.MX_ADC1_Init)
    MX_FREERTOS_Init                         0x0800511d   Thumb Code   112  freertos.o(i.MX_FREERTOS_Init)
    MX_GPIO_Init                             0x08005195   Thumb Code   216  gpio.o(i.MX_GPIO_Init)
    MX_SPI1_Init                             0x0800527d   Thumb Code    62  spi.o(i.MX_SPI1_Init)
    MX_USART2_UART_Init                      0x080052c5   Thumb Code    48  usart.o(i.MX_USART2_UART_Init)
    MX_USART3_UART_Init                      0x080052fd   Thumb Code    48  usart.o(i.MX_USART3_UART_Init)
    MemManage_Handler                        0x08005335   Thumb Code     2  stm32f1xx_it.o(i.MemManage_Handler)
    NMI_Handler                              0x08005337   Thumb Code     2  stm32f1xx_it.o(i.NMI_Handler)
    RPC_FETCH_ATTRIBUTES                     0x08005339   Thumb Code   106  freertos.o(i.RPC_FETCH_ATTRIBUTES)
    SIM7600_ATTRIBUTE                        0x08005415   Thumb Code   178  freertos.o(i.SIM7600_ATTRIBUTE)
    SIM7600_HTTPPost                         0x08005565   Thumb Code   178  freertos.o(i.SIM7600_HTTPPost)
    SIM7600_HTTPPost_Diagnostic_Data         0x080056b5   Thumb Code   178  freertos.o(i.SIM7600_HTTPPost_Diagnostic_Data)
    SIM7600_Init                             0x08005805   Thumb Code   162  freertos.o(i.SIM7600_Init)
    SIM7600_RESET                            0x0800599d   Thumb Code    20  freertos.o(i.SIM7600_RESET)
    SIM_BufferProcess                        0x080059bd   Thumb Code  2230  trx_sim.o(i.SIM_BufferProcess)
    SIM_Init                                 0x080063e5   Thumb Code   140  trx_sim.o(i.SIM_Init)
    SIM_InitValue                            0x080064b1   Thumb Code    84  trx_sim.o(i.SIM_InitValue)
    SIM_IsNumberAdded                        0x08006569   Thumb Code    46  trx_sim.o(i.SIM_IsNumberAdded)
    SIM_IsNumberAdmin                        0x0800659d   Thumb Code    38  trx_sim.o(i.SIM_IsNumberAdmin)
    SIM_SendAtCommand                        0x080065c9   Thumb Code   164  trx_sim.o(i.SIM_SendAtCommand)
    SIM_SendString                           0x08006675   Thumb Code    44  trx_sim.o(i.SIM_SendString)
    SIM_SetPower                             0x080066a9   Thumb Code   142  trx_sim.o(i.SIM_SetPower)
    Send_Attribute_data                      0x08006889   Thumb Code    36  freertos.o(i.Send_Attribute_data)
    Send_Diagnostic_data                     0x080068f9   Thumb Code    36  freertos.o(i.Send_Diagnostic_data)
    StartDiagnosticTask                      0x08006929   Thumb Code   950  freertos.o(i.StartDiagnosticTask)
    StartLoraTask                            0x08006f81   Thumb Code   118  freertos.o(i.StartLoraTask)
    StartRpcTask                             0x08007021   Thumb Code     2  freertos.o(i.StartRpcTask)
    StartSIMBuffTask                         0x08007025   Thumb Code    56  trx_sim.o(i.StartSIMBuffTask)
    StartSendDataTask                        0x08007071   Thumb Code    50  freertos.o(i.StartSendDataTask)
    SysTick_Handler                          0x080070b1   Thumb Code    38  port.o(i.SysTick_Handler)
    SystemClock_Config                       0x080070dd   Thumb Code   108  main.o(i.SystemClock_Config)
    SystemInit                               0x08007149   Thumb Code     2  system_stm32f1xx.o(i.SystemInit)
    TIM1_UP_IRQHandler                       0x0800714d   Thumb Code     6  stm32f1xx_it.o(i.TIM1_UP_IRQHandler)
    TIM_Base_SetConfig                       0x08007159   Thumb Code    94  stm32f1xx_hal_tim.o(i.TIM_Base_SetConfig)
    UART_Start_Receive_IT                    0x08007375   Thumb Code    54  stm32f1xx_hal_uart.o(i.UART_Start_Receive_IT)
    USART3_IRQHandler                        0x08007411   Thumb Code     6  stm32f1xx_it.o(i.USART3_IRQHandler)
    UsageFault_Handler                       0x0800741d   Thumb Code     2  stm32f1xx_it.o(i.UsageFault_Handler)
    __ARM_fpclassify                         0x0800741f   Thumb Code    40  fpclassify.o(i.__ARM_fpclassify)
    __mathlib_dbl_overflow                   0x08007467   Thumb Code    14  dunder.o(i.__mathlib_dbl_overflow)
    __mathlib_dbl_underflow                  0x08007475   Thumb Code    10  dunder.o(i.__mathlib_dbl_underflow)
    __mathlib_narrow                         0x08007485   Thumb Code    16  narrow.o(i.__mathlib_narrow)
    __mathlib_tofloat                        0x08007495   Thumb Code   184  narrow.o(i.__mathlib_tofloat)
    __support_ldexp                          0x08007551   Thumb Code    22  ldexp.o(i.__support_ldexp)
    _is_digit                                0x08007567   Thumb Code    14  __printf_wp.o(i._is_digit)
    atof                                     0x08007575   Thumb Code    42  atof.o(i.atof)
    debugPrint                               0x080075a1   Thumb Code    24  usart.o(i.debugPrint)
    debugPrintln                             0x080075bd   Thumb Code    40  usart.o(i.debugPrintln)
    decode_values                            0x080075ed   Thumb Code   148  freertos.o(i.decode_values)
    frexp                                    0x080076b9   Thumb Code    80  frexp.o(i.frexp)
    ldexp                                    0x08007711   Thumb Code   116  ldexp.o(i.ldexp)
    lora_available                           0x08007785   Thumb Code    18  lora.o(i.lora_available)
    lora_init                                0x0800779d   Thumb Code   204  lora.o(i.lora_init)
    lora_mode_sleep                          0x08007899   Thumb Code     6  lora.o(i.lora_mode_sleep)
    lora_mode_standby                        0x0800789f   Thumb Code     6  lora.o(i.lora_mode_standby)
    lora_packet_rssi                         0x080078a5   Thumb Code    34  lora.o(i.lora_packet_rssi)
    lora_parsepacket                         0x080078cd   Thumb Code   114  lora.o(i.lora_parsepacket)
    lora_pending_packet_length               0x08007945   Thumb Code    32  lora.o(i.lora_pending_packet_length)
    lora_read                                0x08007965   Thumb Code    34  lora.o(i.lora_read)
    lora_reset                               0x0800798d   Thumb Code    40  lora.o(i.lora_reset)
    lora_set_coding_rate                     0x080079b5   Thumb Code    50  lora.o(i.lora_set_coding_rate)
    lora_set_explicit_header_mode            0x080079e7   Thumb Code    26  lora.o(i.lora_set_explicit_header_mode)
    lora_set_frequency                       0x08007a01   Thumb Code    66  lora.o(i.lora_set_frequency)
    lora_set_preamble_length                 0x08007a49   Thumb Code    30  lora.o(i.lora_set_preamble_length)
    lora_set_signal_bandwidth                0x08007a67   Thumb Code    40  lora.o(i.lora_set_signal_bandwidth)
    lora_set_spreading_factor                0x08007a8f   Thumb Code    92  lora.o(i.lora_set_spreading_factor)
    lora_set_tx_power                        0x08007aeb   Thumb Code    98  lora.o(i.lora_set_tx_power)
    lora_version                             0x08007b4d   Thumb Code     6  lora.o(i.lora_version)
    main                                     0x08007b55   Thumb Code    52  main.o(i.main)
    mystristr                                0x08007bb1   Thumb Code    92  trx_sim.o(i.mystristr)
    osDelay                                  0x08007c0d   Thumb Code    14  cmsis_os.o(i.osDelay)
    osKernelStart                            0x08007c1b   Thumb Code    10  cmsis_os.o(i.osKernelStart)
    osSemaphoreCreate                        0x08007c25   Thumb Code    62  cmsis_os.o(i.osSemaphoreCreate)
    osThreadCreate                           0x08007c63   Thumb Code    84  cmsis_os.o(i.osThreadCreate)
    pvPortMalloc                             0x08008049   Thumb Code   210  heap_4.o(i.pvPortMalloc)
    pxPortInitialiseStack                    0x08008121   Thumb Code    32  port.o(i.pxPortInitialiseStack)
    uprintf                                  0x08008249   Thumb Code    24  freertos.o(i.uprintf)
    uxListRemove                             0x08008265   Thumb Code    38  list.o(i.uxListRemove)
    vApplicationGetIdleTaskMemory            0x0800828d   Thumb Code    16  freertos.o(i.vApplicationGetIdleTaskMemory)
    vListInitialise                          0x080082a1   Thumb Code    22  list.o(i.vListInitialise)
    vListInitialiseItem                      0x080082b7   Thumb Code     6  list.o(i.vListInitialiseItem)
    vListInsert                              0x080082bd   Thumb Code    48  list.o(i.vListInsert)
    vListInsertEnd                           0x080082ed   Thumb Code    24  list.o(i.vListInsertEnd)
    vPortEnterCritical                       0x08008305   Thumb Code    54  port.o(i.vPortEnterCritical)
    vPortExitCritical                        0x08008345   Thumb Code    34  port.o(i.vPortExitCritical)
    vPortFree                                0x0800836d   Thumb Code    88  heap_4.o(i.vPortFree)
    vPortSetupTimerInterrupt                 0x080083c9   Thumb Code    26  port.o(i.vPortSetupTimerInterrupt)
    vTaskDelay                               0x080083e9   Thumb Code    66  tasks.o(i.vTaskDelay)
    vTaskInternalSetTimeOutState             0x08008435   Thumb Code    12  tasks.o(i.vTaskInternalSetTimeOutState)
    vTaskMissedYield                         0x08008445   Thumb Code     8  tasks.o(i.vTaskMissedYield)
    vTaskPlaceOnEventList                    0x08008451   Thumb Code    44  tasks.o(i.vTaskPlaceOnEventList)
    vTaskStartScheduler                      0x08008481   Thumb Code    90  tasks.o(i.vTaskStartScheduler)
    vTaskSuspendAll                          0x080084ed   Thumb Code    10  tasks.o(i.vTaskSuspendAll)
    vTaskSwitchContext                       0x080084fd   Thumb Code    82  tasks.o(i.vTaskSwitchContext)
    xPortStartScheduler                      0x080085c1   Thumb Code   102  port.o(i.xPortStartScheduler)
    xQueueGenericCreate                      0x08008635   Thumb Code    72  queue.o(i.xQueueGenericCreate)
    xQueueGenericCreateStatic                0x0800867d   Thumb Code   102  queue.o(i.xQueueGenericCreateStatic)
    xQueueGenericReset                       0x080086e5   Thumb Code   132  queue.o(i.xQueueGenericReset)
    xQueueGenericSend                        0x0800876d   Thumb Code   346  queue.o(i.xQueueGenericSend)
    xTaskCheckForTimeOut                     0x080088cd   Thumb Code   102  tasks.o(i.xTaskCheckForTimeOut)
    xTaskCreate                              0x08008939   Thumb Code    90  tasks.o(i.xTaskCreate)
    xTaskCreateStatic                        0x08008993   Thumb Code    86  tasks.o(i.xTaskCreateStatic)
    xTaskGetSchedulerState                   0x080089e9   Thumb Code    22  tasks.o(i.xTaskGetSchedulerState)
    xTaskIncrementTick                       0x08008a05   Thumb Code   192  tasks.o(i.xTaskIncrementTick)
    xTaskPriorityDisinherit                  0x08008acd   Thumb Code   144  tasks.o(i.xTaskPriorityDisinherit)
    xTaskRemoveFromEventList                 0x08008b65   Thumb Code   108  tasks.o(i.xTaskRemoveFromEventList)
    xTaskResumeAll                           0x08008bd9   Thumb Code   182  tasks.o(i.xTaskResumeAll)
    _get_lc_ctype                            0x08008c9d   Thumb Code    44  lc_ctype_c.o(locale$$code)
    _get_lc_numeric                          0x08008cc9   Thumb Code    44  lc_numeric_c.o(locale$$code)
    __aeabi_d2f                              0x08008cf5   Thumb Code     0  d2f.o(x$fpl$d2f)
    _d2f                                     0x08008cf5   Thumb Code    98  d2f.o(x$fpl$d2f)
    __aeabi_dadd                             0x08008d59   Thumb Code     0  daddsub_clz.o(x$fpl$dadd)
    _dadd                                    0x08008d59   Thumb Code   332  daddsub_clz.o(x$fpl$dadd)
    __fpl_dcheck_NaN1                        0x08008ea9   Thumb Code    10  dcheck1.o(x$fpl$dcheck1)
    __fpl_dcmp_Inf                           0x08008eb9   Thumb Code    24  dcmpi.o(x$fpl$dcmpinf)
    __aeabi_ddiv                             0x08008ed1   Thumb Code     0  ddiv.o(x$fpl$ddiv)
    _ddiv                                    0x08008ed1   Thumb Code   552  ddiv.o(x$fpl$ddiv)
    __aeabi_cdcmpeq                          0x08009181   Thumb Code     0  deqf.o(x$fpl$deqf)
    _dcmpeq                                  0x08009181   Thumb Code   120  deqf.o(x$fpl$deqf)
    __aeabi_i2d                              0x080091f9   Thumb Code     0  dflt_clz.o(x$fpl$dflt)
    _dflt                                    0x080091f9   Thumb Code    46  dflt_clz.o(x$fpl$dflt)
    __aeabi_cdcmple                          0x08009229   Thumb Code     0  dleqf.o(x$fpl$dleqf)
    _dcmple                                  0x08009229   Thumb Code   120  dleqf.o(x$fpl$dleqf)
    __fpl_dcmple_InfNaN                      0x0800928b   Thumb Code     0  dleqf.o(x$fpl$dleqf)
    __aeabi_dmul                             0x080092a1   Thumb Code     0  dmul.o(x$fpl$dmul)
    _dmul                                    0x080092a1   Thumb Code   332  dmul.o(x$fpl$dmul)
    __fpl_dnaninf                            0x080093f5   Thumb Code   156  dnaninf.o(x$fpl$dnaninf)
    __fpl_dretinf                            0x08009491   Thumb Code    12  dretinf.o(x$fpl$dretinf)
    __aeabi_cdrcmple                         0x0800949d   Thumb Code     0  drleqf.o(x$fpl$drleqf)
    _drcmple                                 0x0800949d   Thumb Code   108  drleqf.o(x$fpl$drleqf)
    __aeabi_dsub                             0x08009509   Thumb Code     0  daddsub_clz.o(x$fpl$dsub)
    _dsub                                    0x08009509   Thumb Code   464  daddsub_clz.o(x$fpl$dsub)
    __aeabi_f2d                              0x080096dd   Thumb Code     0  f2d.o(x$fpl$f2d)
    _f2d                                     0x080096dd   Thumb Code    86  f2d.o(x$fpl$f2d)
    __aeabi_fdiv                             0x08009735   Thumb Code     0  fdiv.o(x$fpl$fdiv)
    _fdiv                                    0x08009735   Thumb Code   384  fdiv.o(x$fpl$fdiv)
    __aeabi_i2f                              0x080098b9   Thumb Code     0  fflt_clz.o(x$fpl$fflt)
    _fflt                                    0x080098b9   Thumb Code    48  fflt_clz.o(x$fpl$fflt)
    __aeabi_fmul                             0x080098e9   Thumb Code     0  fmul.o(x$fpl$fmul)
    _fmul                                    0x080098e9   Thumb Code   258  fmul.o(x$fpl$fmul)
    __fpl_fnaninf                            0x080099eb   Thumb Code   140  fnaninf.o(x$fpl$fnaninf)
    __fpl_fretinf                            0x08009a77   Thumb Code    10  fretinf.o(x$fpl$fretinf)
    __ieee_status                            0x08009a81   Thumb Code     6  istatus.o(x$fpl$ieeestatus)
    _printf_fp_dec                           0x08009a87   Thumb Code     4  printf1.o(x$fpl$printf1)
    __fpl_return_NaN                         0x08009a8b   Thumb Code   100  retnan.o(x$fpl$retnan)
    __ARM_scalbn                             0x08009aef   Thumb Code    92  scalbn.o(x$fpl$scalbn)
    _scanf_real                              0x08009b4b   Thumb Code     4  scanf1.o(x$fpl$scanf1)
    _scanf_hex_real                          0x08009b4f   Thumb Code     4  scanf2.o(x$fpl$scanf2)
    _scanf_infnan                            0x08009b53   Thumb Code     4  scanf2.o(x$fpl$scanf2)
    __fpl_cmpreturn                          0x08009b57   Thumb Code    48  trapv.o(x$fpl$trapveneer)
    __I$use$fp                               0x08009b86   Number         0  usenofp.o(x$fpl$usenofp)
    AHBPrescTable                            0x08009c14   Data          16  system_stm32f1xx.o(.constdata)
    APBPrescTable                            0x08009c24   Data           8  system_stm32f1xx.o(.constdata)
    Region$$Table$$Base                      0x0800a04c   Number         0  anon$$obj.o(Region$$Table)
    Region$$Table$$Limit                     0x0800a06c   Number         0  anon$$obj.o(Region$$Table)
    __aeabi_HUGE_VAL                         0x0800a06c   Data           0  fpconst.o(c$$dinf)
    __aeabi_HUGE_VALL                        0x0800a06c   Data           0  fpconst.o(c$$dinf)
    __aeabi_INFINITY                         0x0800a06c   Data           0  fpconst.o(c$$dinf)
    __dInf                                   0x0800a06c   Data           0  fpconst.o(c$$dinf)
    __huge_val                               0x0800a06c   Data           0  fpconst.o(c$$dinf)
    __dbl_max                                0x0800a074   Data           0  fpconst.o(c$$dmax)
    __ctype                                  0x0800a089   Data           0  lc_ctype_c.o(locale$$data)
    packet_size                              0x20000000   Data           1  freertos.o(.data)
    idx                                      0x20000001   Data           1  freertos.o(.data)
    error                                    0x20000002   Data           1  freertos.o(.data)
    valid_data                               0x20000003   Data           1  freertos.o(.data)
    sendDataTaskRunning                      0x20000004   Data           1  freertos.o(.data)
    DEVEUI                                   0x20000008   Data           4  freertos.o(.data)
    temperature1                             0x2000000c   Data           4  freertos.o(.data)
    humidity1                                0x20000010   Data           4  freertos.o(.data)
    temperature2                             0x20000014   Data           4  freertos.o(.data)
    humidity2                                0x20000018   Data           4  freertos.o(.data)
    LORA_MODULE_STATUS                       0x2000001c   Data           4  freertos.o(.data)
    url                                      0x20000020   Data           4  freertos.o(.data)
    url_RPC                                  0x20000024   Data           4  freertos.o(.data)
    url_ATTRIBUTE                            0x20000028   Data           4  freertos.o(.data)
    Vsense_1                                 0x2000002c   Data           4  freertos.o(.data)
    Vsense_2                                 0x20000030   Data           4  freertos.o(.data)
    VBattery                                 0x20000034   Data           4  freertos.o(.data)
    Gas_lvl                                  0x20000038   Data           4  freertos.o(.data)
    Wind_stat                                0x2000003c   Data           4  freertos.o(.data)
    RSSI                                     0x20000040   Data           4  freertos.o(.data)
    DiagnosticTaskHandle                     0x20000044   Data           4  freertos.o(.data)
    LoraTaskHandle                           0x20000048   Data           4  freertos.o(.data)
    SendDataTaskHandle                       0x2000004c   Data           4  freertos.o(.data)
    RpcTaskHandle                            0x20000050   Data           4  freertos.o(.data)
    BinSemHandle                             0x20000054   Data           4  freertos.o(.data)
    packetIndex                              0x20000058   Data           1  lora.o(.data)
    Rx2Tmp                                   0x20000059   Data           1  usart.o(.data)
    relayState                               0x2000005c   Data           1  trx_sim.o(.data)
    rpc_status                               0x2000005d   Data           1  trx_sim.o(.data)
    fonction_control                         0x2000005e   Data           1  trx_sim.o(.data)
    prev_fonction_control                    0x2000005f   Data           1  trx_sim.o(.data)
    MachineState                             0x20000060   Data           1  trx_sim.o(.data)
    WindyCond                                0x20000061   Data           1  trx_sim.o(.data)
    ledStatus                                0x20000062   Data           1  trx_sim.o(.data)
    functionality                            0x20000068   Data           4  trx_sim.o(.data)
    rssiValue                                0x2000006c   Data           4  trx_sim.o(.data)
    berValue                                 0x20000070   Data           4  trx_sim.o(.data)
    token                                    0x20000074   Data           4  trx_sim.o(.data)
    saveptr                                  0x20000078   Data           4  trx_sim.o(.data)
    SIMBuffTaskHandle                        0x2000007c   Data           4  trx_sim.o(.data)
    temp_hum                                 0x20000090   Data          32  trx_sim.o(.data)
    mobileNumber                             0x200000b0   Data          14  trx_sim.o(.data)
    prev_relayState                          0x200000be   Data           1  trx_sim.o(.data)
    uwTickFreq                               0x200000c0   Data           1  stm32f1xx_hal.o(.data)
    uwTickPrio                               0x200000c4   Data           4  stm32f1xx_hal.o(.data)
    uwTick                                   0x200000c8   Data           4  stm32f1xx_hal.o(.data)
    SystemCoreClock                          0x200000cc   Data           4  system_stm32f1xx.o(.data)
    pxCurrentTCB                             0x200000d0   Data           4  tasks.o(.data)
    float_buffer                             0x20000130   Data          32  freertos.o(.bss)
    buffer                                   0x20000150   Data         200  freertos.o(.bss)
    Module_Status                            0x20000218   Data          50  freertos.o(.bss)
    read_data                                0x2000024a   Data         128  freertos.o(.bss)
    lora                                     0x200002cc   Data          32  freertos.o(.bss)
    buffer_X                                 0x200002ec   Data         512  freertos.o(.bss)
    data                                     0x200004ec   Data         512  freertos.o(.bss)
    buffer_Diag                              0x200006ec   Data         512  freertos.o(.bss)
    buffer_Attribute                         0x200008ec   Data         512  freertos.o(.bss)
    data_Diag                                0x20000aec   Data         256  freertos.o(.bss)
    data_attribute                           0x20000bec   Data         100  freertos.o(.bss)
    hadc1                                    0x20000db4   Data          48  adc.o(.bss)
    debug_sx_buffer                          0x20000de4   Data         100  lora.o(.bss)
    hspi1                                    0x20000e48   Data          88  spi.o(.bss)
    huart2                                   0x20000ea0   Data          68  usart.o(.bss)
    huart3                                   0x20000ee4   Data          68  usart.o(.bss)
    htim1                                    0x20000f28   Data          72  stm32f1xx_hal_timebase_tim.o(.bss)
    AuxBuffer                                0x20000f70   Data          16  trx_sim.o(.bss)
    cmd                                      0x20000f80   Data          16  trx_sim.o(.bss)
    ans_P                                    0x20000f90   Data          16  trx_sim.o(.bss)
    ans_N                                    0x20000fa0   Data          16  trx_sim.o(.bss)
    alarm                                    0x20000fb0   Data          16  trx_sim.o(.bss)
    ATcommandd                               0x20000fc0   Data          80  trx_sim.o(.bss)
    temp_str                                 0x20001010   Data          20  trx_sim.o(.bss)
    ARMED_STATUS                             0x20001024   Data          10  trx_sim.o(.bss)
    signalString                             0x2000102e   Data          10  trx_sim.o(.bss)
    rssiString                               0x20001038   Data          50  trx_sim.o(.bss)
    functionalityStatus                      0x2000106a   Data          50  trx_sim.o(.bss)
    operatorName                             0x2000109c   Data          50  trx_sim.o(.bss)
    lat                                      0x200010ce   Data          20  trx_sim.o(.bss)
    lon                                      0x200010e2   Data          20  trx_sim.o(.bss)
    SIM                                      0x200010f8   Data        2264  trx_sim.o(.bss)
    __libspace_start                         0x20002468   Data          96  libspace.o(.bss)
    __temporary_stack_top$libspace           0x200024c8   Data           0  libspace.o(.bss)



==============================================================================

Memory Map of the image

  Image Entry point : 0x080000ed

  Load Region LR_IROM1 (Base: 0x08000000, Size: 0x0000a2d8, Max: 0x00010000, ABSOLUTE, COMPRESSED[0x0000a20c])

    Execution Region ER_IROM1 (Exec base: 0x08000000, Load base: 0x08000000, Size: 0x0000a1a8, Max: 0x00010000, ABSOLUTE)

    Exec Addr    Load Addr    Size         Type   Attr      Idx    E Section Name        Object

    0x08000000   0x08000000   0x000000ec   Data   RO            3    RESET               startup_stm32f103xb.o
    0x080000ec   0x080000ec   0x00000008   Code   RO         6358  * !!!main             c_w.l(__main.o)
    0x080000f4   0x080000f4   0x00000034   Code   RO         6828    !!!scatter          c_w.l(__scatter.o)
    0x08000128   0x08000128   0x0000005a   Code   RO         6826    !!dczerorl2         c_w.l(__dczerorl2.o)
    0x08000182   0x08000182   0x00000002   PAD
    0x08000184   0x08000184   0x0000001c   Code   RO         6830    !!handler_zi        c_w.l(__scatter_zi.o)
    0x080001a0   0x080001a0   0x00000000   Code   RO         6315    .ARM.Collect$$_printf_percent$$00000000  c_w.l(_printf_percent.o)
    0x080001a0   0x080001a0   0x00000006   Code   RO         6314    .ARM.Collect$$_printf_percent$$00000003  c_w.l(_printf_f.o)
    0x080001a6   0x080001a6   0x00000006   Code   RO         6312    .ARM.Collect$$_printf_percent$$00000008  c_w.l(_printf_i.o)
    0x080001ac   0x080001ac   0x00000006   Code   RO         6313    .ARM.Collect$$_printf_percent$$00000009  c_w.l(_printf_d.o)
    0x080001b2   0x080001b2   0x00000006   Code   RO         6311    .ARM.Collect$$_printf_percent$$0000000C  c_w.l(_printf_x.o)
    0x080001b8   0x080001b8   0x00000006   Code   RO         6309    .ARM.Collect$$_printf_percent$$00000013  c_w.l(_printf_c.o)
    0x080001be   0x080001be   0x00000006   Code   RO         6310    .ARM.Collect$$_printf_percent$$00000014  c_w.l(_printf_s.o)
    0x080001c4   0x080001c4   0x00000004   Code   RO         6481    .ARM.Collect$$_printf_percent$$00000017  c_w.l(_printf_percent_end.o)
    0x080001c8   0x080001c8   0x00000002   Code   RO         6721    .ARM.Collect$$libinit$$00000000  c_w.l(libinit.o)
    0x080001ca   0x080001ca   0x00000000   Code   RO         6502    .ARM.Collect$$libinit$$00000002  c_w.l(libinit2.o)
    0x080001ca   0x080001ca   0x00000000   Code   RO         6504    .ARM.Collect$$libinit$$00000004  c_w.l(libinit2.o)
    0x080001ca   0x080001ca   0x00000008   Code   RO         6505    .ARM.Collect$$libinit$$00000005  c_w.l(libinit2.o)
    0x080001d2   0x080001d2   0x00000000   Code   RO         6507    .ARM.Collect$$libinit$$0000000A  c_w.l(libinit2.o)
    0x080001d2   0x080001d2   0x00000000   Code   RO         6509    .ARM.Collect$$libinit$$0000000C  c_w.l(libinit2.o)
    0x080001d2   0x080001d2   0x00000000   Code   RO         6511    .ARM.Collect$$libinit$$0000000E  c_w.l(libinit2.o)
    0x080001d2   0x080001d2   0x00000006   Code   RO         6512    .ARM.Collect$$libinit$$0000000F  c_w.l(libinit2.o)
    0x080001d8   0x080001d8   0x00000000   Code   RO         6514    .ARM.Collect$$libinit$$00000011  c_w.l(libinit2.o)
    0x080001d8   0x080001d8   0x0000000c   Code   RO         6515    .ARM.Collect$$libinit$$00000012  c_w.l(libinit2.o)
    0x080001e4   0x080001e4   0x00000000   Code   RO         6516    .ARM.Collect$$libinit$$00000013  c_w.l(libinit2.o)
    0x080001e4   0x080001e4   0x00000000   Code   RO         6518    .ARM.Collect$$libinit$$00000015  c_w.l(libinit2.o)
    0x080001e4   0x080001e4   0x0000000a   Code   RO         6519    .ARM.Collect$$libinit$$00000016  c_w.l(libinit2.o)
    0x080001ee   0x080001ee   0x00000000   Code   RO         6520    .ARM.Collect$$libinit$$00000017  c_w.l(libinit2.o)
    0x080001ee   0x080001ee   0x00000000   Code   RO         6522    .ARM.Collect$$libinit$$00000019  c_w.l(libinit2.o)
    0x080001ee   0x080001ee   0x00000000   Code   RO         6524    .ARM.Collect$$libinit$$0000001B  c_w.l(libinit2.o)
    0x080001ee   0x080001ee   0x00000000   Code   RO         6526    .ARM.Collect$$libinit$$0000001D  c_w.l(libinit2.o)
    0x080001ee   0x080001ee   0x00000000   Code   RO         6528    .ARM.Collect$$libinit$$0000001F  c_w.l(libinit2.o)
    0x080001ee   0x080001ee   0x00000000   Code   RO         6530    .ARM.Collect$$libinit$$00000021  c_w.l(libinit2.o)
    0x080001ee   0x080001ee   0x00000000   Code   RO         6532    .ARM.Collect$$libinit$$00000023  c_w.l(libinit2.o)
    0x080001ee   0x080001ee   0x00000000   Code   RO         6534    .ARM.Collect$$libinit$$00000025  c_w.l(libinit2.o)
    0x080001ee   0x080001ee   0x00000000   Code   RO         6538    .ARM.Collect$$libinit$$0000002C  c_w.l(libinit2.o)
    0x080001ee   0x080001ee   0x00000000   Code   RO         6540    .ARM.Collect$$libinit$$0000002E  c_w.l(libinit2.o)
    0x080001ee   0x080001ee   0x00000000   Code   RO         6542    .ARM.Collect$$libinit$$00000030  c_w.l(libinit2.o)
    0x080001ee   0x080001ee   0x00000000   Code   RO         6544    .ARM.Collect$$libinit$$00000032  c_w.l(libinit2.o)
    0x080001ee   0x080001ee   0x00000002   Code   RO         6545    .ARM.Collect$$libinit$$00000033  c_w.l(libinit2.o)
    0x080001f0   0x080001f0   0x00000002   Code   RO         6811    .ARM.Collect$$libshutdown$$00000000  c_w.l(libshutdown.o)
    0x080001f2   0x080001f2   0x00000000   Code   RO         6741    .ARM.Collect$$libshutdown$$00000002  c_w.l(libshutdown2.o)
    0x080001f2   0x080001f2   0x00000000   Code   RO         6743    .ARM.Collect$$libshutdown$$00000004  c_w.l(libshutdown2.o)
    0x080001f2   0x080001f2   0x00000000   Code   RO         6746    .ARM.Collect$$libshutdown$$00000007  c_w.l(libshutdown2.o)
    0x080001f2   0x080001f2   0x00000000   Code   RO         6749    .ARM.Collect$$libshutdown$$0000000A  c_w.l(libshutdown2.o)
    0x080001f2   0x080001f2   0x00000000   Code   RO         6751    .ARM.Collect$$libshutdown$$0000000C  c_w.l(libshutdown2.o)
    0x080001f2   0x080001f2   0x00000000   Code   RO         6754    .ARM.Collect$$libshutdown$$0000000F  c_w.l(libshutdown2.o)
    0x080001f2   0x080001f2   0x00000002   Code   RO         6755    .ARM.Collect$$libshutdown$$00000010  c_w.l(libshutdown2.o)
    0x080001f4   0x080001f4   0x00000000   Code   RO         6428    .ARM.Collect$$rtentry$$00000000  c_w.l(__rtentry.o)
    0x080001f4   0x080001f4   0x00000000   Code   RO         6592    .ARM.Collect$$rtentry$$00000002  c_w.l(__rtentry2.o)
    0x080001f4   0x080001f4   0x00000006   Code   RO         6604    .ARM.Collect$$rtentry$$00000004  c_w.l(__rtentry4.o)
    0x080001fa   0x080001fa   0x00000000   Code   RO         6594    .ARM.Collect$$rtentry$$00000009  c_w.l(__rtentry2.o)
    0x080001fa   0x080001fa   0x00000004   Code   RO         6595    .ARM.Collect$$rtentry$$0000000A  c_w.l(__rtentry2.o)
    0x080001fe   0x080001fe   0x00000000   Code   RO         6597    .ARM.Collect$$rtentry$$0000000C  c_w.l(__rtentry2.o)
    0x080001fe   0x080001fe   0x00000008   Code   RO         6598    .ARM.Collect$$rtentry$$0000000D  c_w.l(__rtentry2.o)
    0x08000206   0x08000206   0x00000002   Code   RO         6728    .ARM.Collect$$rtexit$$00000000  c_w.l(rtexit.o)
    0x08000208   0x08000208   0x00000000   Code   RO         6775    .ARM.Collect$$rtexit$$00000002  c_w.l(rtexit2.o)
    0x08000208   0x08000208   0x00000004   Code   RO         6776    .ARM.Collect$$rtexit$$00000003  c_w.l(rtexit2.o)
    0x0800020c   0x0800020c   0x00000006   Code   RO         6777    .ARM.Collect$$rtexit$$00000004  c_w.l(rtexit2.o)
    0x08000212   0x08000212   0x00000002   PAD
    0x08000214   0x08000214   0x00000096   Code   RO         6105    .emb_text           port.o
    0x080002aa   0x080002aa   0x00000002   PAD
    0x080002ac   0x080002ac   0x00000000   Code   RO         6615    .emb_text           c_w.l(maybetermalloc1.o)
    0x080002ac   0x080002ac   0x00000040   Code   RO            4    .text               startup_stm32f103xb.o
    0x080002ec   0x080002ec   0x0000005e   Code   RO         6188    .text               c_w.l(h1_alloc.o)
    0x0800034a   0x0800034a   0x0000004e   Code   RO         6190    .text               c_w.l(h1_free.o)
    0x08000398   0x08000398   0x000000ee   Code   RO         6246    .text               c_w.l(lludivv7m.o)
    0x08000486   0x08000486   0x0000001e   Code   RO         6250    .text               c_w.l(toupper.o)
    0x080004a4   0x080004a4   0x00000028   Code   RO         6256    .text               c_w.l(noretval__2sprintf.o)
    0x080004cc   0x080004cc   0x00000034   Code   RO         6258    .text               c_w.l(noretval__2snprintf.o)
    0x08000500   0x08000500   0x00000052   Code   RO         6262    .text               c_w.l(_printf_str.o)
    0x08000552   0x08000552   0x00000002   PAD
    0x08000554   0x08000554   0x00000078   Code   RO         6264    .text               c_w.l(_printf_dec.o)
    0x080005cc   0x080005cc   0x00000058   Code   RO         6271    .text               c_w.l(_printf_hex_int.o)
    0x08000624   0x08000624   0x00000188   Code   RO         6306    .text               c_w.l(__printf_flags_ss_wp.o)
    0x080007ac   0x080007ac   0x0000003c   Code   RO         6317    .text               c_w.l(__0sscanf.o)
    0x080007e8   0x080007e8   0x0000014c   Code   RO         6319    .text               c_w.l(_scanf_int.o)
    0x08000934   0x08000934   0x000000e0   Code   RO         6321    .text               c_w.l(_scanf_str.o)
    0x08000a14   0x08000a14   0x0000001a   Code   RO         6323    .text               c_w.l(atoi.o)
    0x08000a2e   0x08000a2e   0x0000001a   Code   RO         6325    .text               c_w.l(atoll.o)
    0x08000a48   0x08000a48   0x0000000c   Code   RO         6329    .text               c_w.l(strtok.o)
    0x08000a54   0x08000a54   0x00000004   Code   RO         6332    .text               c_w.l(strtok_r.o)
    0x08000a58   0x08000a58   0x00000014   Code   RO         6334    .text               c_w.l(strchr.o)
    0x08000a6c   0x08000a6c   0x00000024   Code   RO         6336    .text               c_w.l(strstr.o)
    0x08000a90   0x08000a90   0x00000048   Code   RO         6338    .text               c_w.l(strcpy.o)
    0x08000ad8   0x08000ad8   0x0000003e   Code   RO         6340    .text               c_w.l(strlen.o)
    0x08000b16   0x08000b16   0x00000018   Code   RO         6342    .text               c_w.l(strcat.o)
    0x08000b2e   0x08000b2e   0x0000008a   Code   RO         6344    .text               c_w.l(rt_memcpy_v6.o)
    0x08000bb8   0x08000bb8   0x00000064   Code   RO         6346    .text               c_w.l(rt_memcpy_w.o)
    0x08000c1c   0x08000c1c   0x00000044   Code   RO         6350    .text               c_w.l(rt_memclr.o)
    0x08000c60   0x08000c60   0x0000004e   Code   RO         6352    .text               c_w.l(rt_memclr_w.o)
    0x08000cae   0x08000cae   0x00000056   Code   RO         6354    .text               c_w.l(strncpy.o)
    0x08000d04   0x08000d04   0x00000006   Code   RO         6356    .text               c_w.l(heapauxi.o)
    0x08000d0a   0x08000d0a   0x00000002   PAD
    0x08000d0c   0x08000d0c   0x00000010   Code   RO         6429    .text               c_w.l(rt_ctype_table.o)
    0x08000d1c   0x08000d1c   0x00000008   Code   RO         6438    .text               c_w.l(rt_heap_descriptor_intlibspace.o)
    0x08000d24   0x08000d24   0x00000008   Code   RO         6443    .text               c_w.l(rt_errno_addr_intlibspace.o)
    0x08000d2c   0x08000d2c   0x00000004   Code   RO         6445    .text               c_w.l(hguard.o)
    0x08000d30   0x08000d30   0x0000008a   Code   RO         6447    .text               c_w.l(init_alloc.o)
    0x08000dba   0x08000dba   0x0000000e   Code   RO         6451    .text               c_w.l(h1_init.o)
    0x08000dc8   0x08000dc8   0x0000008a   Code   RO         6465    .text               c_w.l(lludiv10.o)
    0x08000e52   0x08000e52   0x00000016   Code   RO         6467    .text               c_w.l(_rserrno.o)
    0x08000e68   0x08000e68   0x000000b2   Code   RO         6469    .text               c_w.l(_printf_intcommon.o)
    0x08000f1a   0x08000f1a   0x0000041e   Code   RO         6471    .text               c_w.l(_printf_fp_dec.o)
    0x08001338   0x08001338   0x00000030   Code   RO         6473    .text               c_w.l(_printf_char_common.o)
    0x08001368   0x08001368   0x0000000a   Code   RO         6475    .text               c_w.l(_sputc.o)
    0x08001372   0x08001372   0x00000010   Code   RO         6477    .text               c_w.l(_snputc.o)
    0x08001382   0x08001382   0x0000002c   Code   RO         6479    .text               c_w.l(_printf_char.o)
    0x080013ae   0x080013ae   0x0000001c   Code   RO         6483    .text               c_w.l(_chval.o)
    0x080013ca   0x080013ca   0x00000002   PAD
    0x080013cc   0x080013cc   0x0000002c   Code   RO         6485    .text               c_w.l(scanf_char.o)
    0x080013f8   0x080013f8   0x00000040   Code   RO         6487    .text               c_w.l(_sgetc.o)
    0x08001438   0x08001438   0x000000a4   Code   RO         6489    .text               c_w.l(strtod.o)
    0x080014dc   0x080014dc   0x00000070   Code   RO         6491    .text               c_w.l(strtol.o)
    0x0800154c   0x0800154c   0x00000090   Code   RO         6493    .text               c_w.l(__strtoll.o)
    0x080015dc   0x080015dc   0x00000044   Code   RO         6497    .text               c_w.l(strtok_int.o)
    0x08001620   0x08001620   0x00000008   Code   RO         6588    .text               c_w.l(libspace.o)
    0x08001628   0x08001628   0x00000008   Code   RO         6611    .text               c_w.l(rt_locale_intlibspace.o)
    0x08001630   0x08001630   0x00000034   Code   RO         6617    .text               c_w.l(h1_extend.o)
    0x08001664   0x08001664   0x00000012   Code   RO         6621    .text               c_w.l(isspace.o)
    0x08001676   0x08001676   0x00000002   PAD
    0x08001678   0x08001678   0x00000080   Code   RO         6623    .text               c_w.l(_printf_fp_infnan.o)
    0x080016f8   0x080016f8   0x00000374   Code   RO         6627    .text               c_w.l(_scanf.o)
    0x08001a6c   0x08001a6c   0x0000009e   Code   RO         6629    .text               c_w.l(_strtoul.o)
    0x08001b0a   0x08001b0a   0x000000c2   Code   RO         6631    .text               c_w.l(_strtoull.o)
    0x08001bcc   0x08001bcc   0x000000e4   Code   RO         6633    .text               c_w.l(bigflt0.o)
    0x08001cb0   0x08001cb0   0x0000000e   Code   RO         6664    .text               c_w.l(defsig_rtmem_outer.o)
    0x08001cbe   0x08001cbe   0x00000020   Code   RO         6668    .text               c_w.l(strcspn.o)
    0x08001cde   0x08001cde   0x0000001c   Code   RO         6670    .text               c_w.l(strspn.o)
    0x08001cfa   0x08001cfa   0x00000002   Code   RO         6689    .text               c_w.l(use_no_semi.o)
    0x08001cfc   0x08001cfc   0x00000000   Code   RO         6691    .text               c_w.l(indicate_semi.o)
    0x08001cfc   0x08001cfc   0x0000004a   Code   RO         6692    .text               c_w.l(sys_stackheap_outer.o)
    0x08001d46   0x08001d46   0x00000002   PAD
    0x08001d48   0x08001d48   0x000004f8   Code   RO         6698    .text               c_w.l(scanf_fp.o)
    0x08002240   0x08002240   0x00000012   Code   RO         6700    .text               c_w.l(exit.o)
    0x08002252   0x08002252   0x0000000a   Code   RO         6702    .text               c_w.l(defsig_exit.o)
    0x0800225c   0x0800225c   0x00000050   Code   RO         6708    .text               c_w.l(defsig_rtmem_inner.o)
    0x080022ac   0x080022ac   0x00000080   Code   RO         6710    .text               c_w.l(strcmpv7m.o)
    0x0800232c   0x0800232c   0x0000000c   Code   RO         6726    .text               c_w.l(sys_exit.o)
    0x08002338   0x08002338   0x00000032   Code   RO         6736    .text               c_w.l(defsig_general.o)
    0x0800236a   0x0800236a   0x0000000e   Code   RO         6772    .text               c_w.l(sys_wrch.o)
    0x08002378   0x08002378   0x00000320   Code   RO         6781    .text               c_w.l(scanf_hexfp.o)
    0x08002698   0x08002698   0x00000134   Code   RO         6783    .text               c_w.l(scanf_infnan.o)
    0x080027cc   0x080027cc   0x00000026   Code   RO         6793    .text               c_w.l(llshl.o)
    0x080027f2   0x080027f2   0x0000003e   Code   RO         6636    CL$$btod_d2e        c_w.l(btod.o)
    0x08002830   0x08002830   0x00000046   Code   RO         6638    CL$$btod_d2e_denorm_low  c_w.l(btod.o)
    0x08002876   0x08002876   0x00000060   Code   RO         6637    CL$$btod_d2e_norm_op1  c_w.l(btod.o)
    0x080028d6   0x080028d6   0x00000338   Code   RO         6646    CL$$btod_div_common  c_w.l(btod.o)
    0x08002c0e   0x08002c0e   0x00000002   PAD
    0x08002c10   0x08002c10   0x00000084   Code   RO         6644    CL$$btod_e2d        c_w.l(btod.o)
    0x08002c94   0x08002c94   0x000000dc   Code   RO         6643    CL$$btod_e2e        c_w.l(btod.o)
    0x08002d70   0x08002d70   0x0000002a   Code   RO         6640    CL$$btod_ediv       c_w.l(btod.o)
    0x08002d9a   0x08002d9a   0x0000002a   Code   RO         6642    CL$$btod_edivd      c_w.l(btod.o)
    0x08002dc4   0x08002dc4   0x0000002a   Code   RO         6639    CL$$btod_emul       c_w.l(btod.o)
    0x08002dee   0x08002dee   0x0000002a   Code   RO         6641    CL$$btod_emuld      c_w.l(btod.o)
    0x08002e18   0x08002e18   0x00000244   Code   RO         6645    CL$$btod_mult_common  c_w.l(btod.o)
    0x0800305c   0x0800305c   0x0000000c   Code   RO          997    i.ADC1_2_IRQHandler  stm32f1xx_it.o
    0x08003068   0x08003068   0x00000056   Code   RO         1596    i.ADC_ConversionStop_Disable  stm32f1xx_hal_adc.o
    0x080030be   0x080030be   0x00000002   PAD
    0x080030c0   0x080030c0   0x0000007c   Code   RO         1600    i.ADC_Enable        stm32f1xx_hal_adc.o
    0x0800313c   0x0800313c   0x00000024   Code   RO          410    i.ADC_Read_Gas      adc.o
    0x08003160   0x08003160   0x00000024   Code   RO          411    i.ADC_Read_VSense_1  adc.o
    0x08003184   0x08003184   0x00000024   Code   RO          412    i.ADC_Read_VSense_2  adc.o
    0x080031a8   0x080031a8   0x00000024   Code   RO          413    i.ADC_Read_Vbattery  adc.o
    0x080031cc   0x080031cc   0x00000024   Code   RO          414    i.ADC_Read_Wind     adc.o
    0x080031f0   0x080031f0   0x00000024   Code   RO          415    i.ADC_Select_Gas    adc.o
    0x08003214   0x08003214   0x00000024   Code   RO          416    i.ADC_Select_VSense_1  adc.o
    0x08003238   0x08003238   0x00000024   Code   RO          417    i.ADC_Select_VSense_2  adc.o
    0x0800325c   0x0800325c   0x00000024   Code   RO          418    i.ADC_Select_Vbattery  adc.o
    0x08003280   0x08003280   0x00000024   Code   RO          419    i.ADC_Select_Wind   adc.o
    0x080032a4   0x080032a4   0x00000002   Code   RO          998    i.BusFault_Handler  stm32f1xx_it.o
    0x080032a6   0x080032a6   0x00000002   PAD
    0x080032a8   0x080032a8   0x0000002c   Code   RO          883    i.Debbug_RxCallBack  usart.o
    0x080032d4   0x080032d4   0x00000002   Code   RO          999    i.DebugMon_Handler  stm32f1xx_it.o
    0x080032d6   0x080032d6   0x00000008   Code   RO           13    i.Error_Handler     main.o
    0x080032de   0x080032de   0x00000002   PAD
    0x080032e0   0x080032e0   0x00000050   Code   RO          242    i.GPS_DATA          freertos.o
    0x08003330   0x08003330   0x00000002   Code   RO         1778    i.HAL_ADCEx_InjectedConvCpltCallback  stm32f1xx_hal_adc_ex.o
    0x08003332   0x08003332   0x00000002   PAD
    0x08003334   0x08003334   0x000000fc   Code   RO         1602    i.HAL_ADC_ConfigChannel  stm32f1xx_hal_adc.o
    0x08003430   0x08003430   0x00000002   Code   RO         1603    i.HAL_ADC_ConvCpltCallback  stm32f1xx_hal_adc.o
    0x08003432   0x08003432   0x00000006   Code   RO         1609    i.HAL_ADC_GetValue  stm32f1xx_hal_adc.o
    0x08003438   0x08003438   0x000000e6   Code   RO         1610    i.HAL_ADC_IRQHandler  stm32f1xx_hal_adc.o
    0x0800351e   0x0800351e   0x00000002   PAD
    0x08003520   0x08003520   0x0000011c   Code   RO         1611    i.HAL_ADC_Init      stm32f1xx_hal_adc.o
    0x0800363c   0x0800363c   0x00000002   Code   RO         1612    i.HAL_ADC_LevelOutOfWindowCallback  stm32f1xx_hal_adc.o
    0x0800363e   0x0800363e   0x00000002   PAD
    0x08003640   0x08003640   0x00000078   Code   RO          421    i.HAL_ADC_MspInit   adc.o
    0x080036b8   0x080036b8   0x0000013c   Code   RO         1615    i.HAL_ADC_PollForConversion  stm32f1xx_hal_adc.o
    0x080037f4   0x080037f4   0x000000c0   Code   RO         1617    i.HAL_ADC_Start     stm32f1xx_hal_adc.o
    0x080038b4   0x080038b4   0x00000046   Code   RO         2251    i.HAL_DMA_Abort     stm32f1xx_hal_dma.o
    0x080038fa   0x080038fa   0x00000002   PAD
    0x080038fc   0x080038fc   0x00000098   Code   RO         2252    i.HAL_DMA_Abort_IT  stm32f1xx_hal_dma.o
    0x08003994   0x08003994   0x00000024   Code   RO         1879    i.HAL_Delay         stm32f1xx_hal.o
    0x080039b8   0x080039b8   0x000001e0   Code   RO         2187    i.HAL_GPIO_Init     stm32f1xx_hal_gpio.o
    0x08003b98   0x08003b98   0x0000000a   Code   RO         2191    i.HAL_GPIO_WritePin  stm32f1xx_hal_gpio.o
    0x08003ba2   0x08003ba2   0x00000002   PAD
    0x08003ba4   0x08003ba4   0x0000000c   Code   RO         1883    i.HAL_GetTick       stm32f1xx_hal.o
    0x08003bb0   0x08003bb0   0x00000010   Code   RO         1889    i.HAL_IncTick       stm32f1xx_hal.o
    0x08003bc0   0x08003bc0   0x00000024   Code   RO         1890    i.HAL_Init          stm32f1xx_hal.o
    0x08003be4   0x08003be4   0x00000074   Code   RO         1097    i.HAL_InitTick      stm32f1xx_hal_timebase_tim.o
    0x08003c58   0x08003c58   0x00000048   Code   RO         1073    i.HAL_MspInit       stm32f1xx_hal_msp.o
    0x08003ca0   0x08003ca0   0x0000001a   Code   RO         2347    i.HAL_NVIC_EnableIRQ  stm32f1xx_hal_cortex.o
    0x08003cba   0x08003cba   0x00000002   PAD
    0x08003cbc   0x08003cbc   0x00000040   Code   RO         2353    i.HAL_NVIC_SetPriority  stm32f1xx_hal_cortex.o
    0x08003cfc   0x08003cfc   0x00000024   Code   RO         2354    i.HAL_NVIC_SetPriorityGrouping  stm32f1xx_hal_cortex.o
    0x08003d20   0x08003d20   0x00000024   Code   RO         2355    i.HAL_NVIC_SystemReset  stm32f1xx_hal_cortex.o
    0x08003d44   0x08003d44   0x000000c8   Code   RO         2149    i.HAL_RCCEx_GetPeriphCLKFreq  stm32f1xx_hal_rcc_ex.o
    0x08003e0c   0x08003e0c   0x000000ec   Code   RO         2150    i.HAL_RCCEx_PeriphCLKConfig  stm32f1xx_hal_rcc_ex.o
    0x08003ef8   0x08003ef8   0x0000012c   Code   RO         2047    i.HAL_RCC_ClockConfig  stm32f1xx_hal_rcc.o
    0x08004024   0x08004024   0x00000040   Code   RO         2051    i.HAL_RCC_GetClockConfig  stm32f1xx_hal_rcc.o
    0x08004064   0x08004064   0x00000020   Code   RO         2054    i.HAL_RCC_GetPCLK1Freq  stm32f1xx_hal_rcc.o
    0x08004084   0x08004084   0x00000020   Code   RO         2055    i.HAL_RCC_GetPCLK2Freq  stm32f1xx_hal_rcc.o
    0x080040a4   0x080040a4   0x0000006c   Code   RO         2056    i.HAL_RCC_GetSysClockFreq  stm32f1xx_hal_rcc.o
    0x08004110   0x08004110   0x00000320   Code   RO         2059    i.HAL_RCC_OscConfig  stm32f1xx_hal_rcc.o
    0x08004430   0x08004430   0x000000b2   Code   RO         3290    i.HAL_SPI_Init      stm32f1xx_hal_spi.o
    0x080044e2   0x080044e2   0x00000002   PAD
    0x080044e4   0x080044e4   0x00000080   Code   RO          841    i.HAL_SPI_MspInit   spi.o
    0x08004564   0x08004564   0x0000015a   Code   RO         3293    i.HAL_SPI_Receive   stm32f1xx_hal_spi.o
    0x080046be   0x080046be   0x00000166   Code   RO         3298    i.HAL_SPI_Transmit  stm32f1xx_hal_spi.o
    0x08004824   0x08004824   0x000001e2   Code   RO         3299    i.HAL_SPI_TransmitReceive  stm32f1xx_hal_spi.o
    0x08004a06   0x08004a06   0x00000002   Code   RO         4307    i.HAL_TIMEx_BreakCallback  stm32f1xx_hal_tim_ex.o
    0x08004a08   0x08004a08   0x00000002   Code   RO         4308    i.HAL_TIMEx_CommutCallback  stm32f1xx_hal_tim_ex.o
    0x08004a0a   0x08004a0a   0x0000005a   Code   RO         3603    i.HAL_TIM_Base_Init  stm32f1xx_hal_tim.o
    0x08004a64   0x08004a64   0x00000002   Code   RO         3605    i.HAL_TIM_Base_MspInit  stm32f1xx_hal_tim.o
    0x08004a66   0x08004a66   0x00000002   PAD
    0x08004a68   0x08004a68   0x00000058   Code   RO         3608    i.HAL_TIM_Base_Start_IT  stm32f1xx_hal_tim.o
    0x08004ac0   0x08004ac0   0x00000002   Code   RO         3637    i.HAL_TIM_IC_CaptureCallback  stm32f1xx_hal_tim.o
    0x08004ac2   0x08004ac2   0x00000166   Code   RO         3651    i.HAL_TIM_IRQHandler  stm32f1xx_hal_tim.o
    0x08004c28   0x08004c28   0x00000002   Code   RO         3654    i.HAL_TIM_OC_DelayElapsedCallback  stm32f1xx_hal_tim.o
    0x08004c2a   0x08004c2a   0x00000002   Code   RO         3681    i.HAL_TIM_PWM_PulseFinishedCallback  stm32f1xx_hal_tim.o
    0x08004c2c   0x08004c2c   0x00000014   Code   RO           14    i.HAL_TIM_PeriodElapsedCallback  main.o
    0x08004c40   0x08004c40   0x00000002   Code   RO         3694    i.HAL_TIM_TriggerCallback  stm32f1xx_hal_tim.o
    0x08004c42   0x08004c42   0x00000002   Code   RO         4585    i.HAL_UARTEx_RxEventCallback  stm32f1xx_hal_uart.o
    0x08004c44   0x08004c44   0x00000002   Code   RO         4599    i.HAL_UART_ErrorCallback  stm32f1xx_hal_uart.o
    0x08004c46   0x08004c46   0x00000002   PAD
    0x08004c48   0x08004c48   0x0000020c   Code   RO         4602    i.HAL_UART_IRQHandler  stm32f1xx_hal_uart.o
    0x08004e54   0x08004e54   0x00000062   Code   RO         4603    i.HAL_UART_Init     stm32f1xx_hal_uart.o
    0x08004eb6   0x08004eb6   0x00000002   PAD
    0x08004eb8   0x08004eb8   0x000000d0   Code   RO          885    i.HAL_UART_MspInit  usart.o
    0x08004f88   0x08004f88   0x0000002a   Code   RO         4608    i.HAL_UART_Receive_IT  stm32f1xx_hal_uart.o
    0x08004fb2   0x08004fb2   0x00000002   PAD
    0x08004fb4   0x08004fb4   0x00000074   Code   RO         1283    i.HAL_UART_RxCpltCallback  trx_sim.o
    0x08005028   0x08005028   0x000000b2   Code   RO         4611    i.HAL_UART_Transmit  stm32f1xx_hal_uart.o
    0x080050da   0x080050da   0x00000002   Code   RO         4614    i.HAL_UART_TxCpltCallback  stm32f1xx_hal_uart.o
    0x080050dc   0x080050dc   0x00000006   Code   RO         1000    i.HardFault_Handler  stm32f1xx_it.o
    0x080050e2   0x080050e2   0x00000002   PAD
    0x080050e4   0x080050e4   0x00000038   Code   RO          422    i.MX_ADC1_Init      adc.o
    0x0800511c   0x0800511c   0x00000078   Code   RO          243    i.MX_FREERTOS_Init  freertos.o
    0x08005194   0x08005194   0x000000e8   Code   RO          386    i.MX_GPIO_Init      gpio.o
    0x0800527c   0x0800527c   0x00000048   Code   RO          842    i.MX_SPI1_Init      spi.o
    0x080052c4   0x080052c4   0x00000038   Code   RO          886    i.MX_USART2_UART_Init  usart.o
    0x080052fc   0x080052fc   0x00000038   Code   RO          887    i.MX_USART3_UART_Init  usart.o
    0x08005334   0x08005334   0x00000002   Code   RO         1001    i.MemManage_Handler  stm32f1xx_it.o
    0x08005336   0x08005336   0x00000002   Code   RO         1002    i.NMI_Handler       stm32f1xx_it.o
    0x08005338   0x08005338   0x000000dc   Code   RO          244    i.RPC_FETCH_ATTRIBUTES  freertos.o
    0x08005414   0x08005414   0x00000150   Code   RO          245    i.SIM7600_ATTRIBUTE  freertos.o
    0x08005564   0x08005564   0x00000150   Code   RO          246    i.SIM7600_HTTPPost  freertos.o
    0x080056b4   0x080056b4   0x00000150   Code   RO          247    i.SIM7600_HTTPPost_Diagnostic_Data  freertos.o
    0x08005804   0x08005804   0x00000198   Code   RO          248    i.SIM7600_Init      freertos.o
    0x0800599c   0x0800599c   0x00000020   Code   RO          249    i.SIM7600_RESET     freertos.o
    0x080059bc   0x080059bc   0x00000a28   Code   RO         1285    i.SIM_BufferProcess  trx_sim.o
    0x080063e4   0x080063e4   0x000000cc   Code   RO         1287    i.SIM_Init          trx_sim.o
    0x080064b0   0x080064b0   0x000000b8   Code   RO         1288    i.SIM_InitValue     trx_sim.o
    0x08006568   0x08006568   0x00000034   Code   RO         1289    i.SIM_IsNumberAdded  trx_sim.o
    0x0800659c   0x0800659c   0x0000002c   Code   RO         1290    i.SIM_IsNumberAdmin  trx_sim.o
    0x080065c8   0x080065c8   0x000000ac   Code   RO         1293    i.SIM_SendAtCommand  trx_sim.o
    0x08006674   0x08006674   0x00000034   Code   RO         1297    i.SIM_SendString    trx_sim.o
    0x080066a8   0x080066a8   0x000000ac   Code   RO         1301    i.SIM_SetPower      trx_sim.o
    0x08006754   0x08006754   0x0000005c   Code   RO         3327    i.SPI_EndRxTransaction  stm32f1xx_hal_spi.o
    0x080067b0   0x080067b0   0x00000020   Code   RO         3328    i.SPI_EndRxTxTransaction  stm32f1xx_hal_spi.o
    0x080067d0   0x080067d0   0x000000b8   Code   RO         3333    i.SPI_WaitFlagStateUntilTimeout  stm32f1xx_hal_spi.o
    0x08006888   0x08006888   0x00000070   Code   RO          250    i.Send_Attribute_data  freertos.o
    0x080068f8   0x080068f8   0x00000030   Code   RO          251    i.Send_Diagnostic_data  freertos.o
    0x08006928   0x08006928   0x00000658   Code   RO          252    i.StartDiagnosticTask  freertos.o
    0x08006f80   0x08006f80   0x000000a0   Code   RO          253    i.StartLoraTask     freertos.o
    0x08007020   0x08007020   0x00000002   Code   RO          254    i.StartRpcTask      freertos.o
    0x08007022   0x08007022   0x00000002   PAD
    0x08007024   0x08007024   0x0000004c   Code   RO         1303    i.StartSIMBuffTask  trx_sim.o
    0x08007070   0x08007070   0x00000040   Code   RO          255    i.StartSendDataTask  freertos.o
    0x080070b0   0x080070b0   0x0000002c   Code   RO         6106    i.SysTick_Handler   port.o
    0x080070dc   0x080070dc   0x0000006c   Code   RO           15    i.SystemClock_Config  main.o
    0x08007148   0x08007148   0x00000002   Code   RO         4932    i.SystemInit        system_stm32f1xx.o
    0x0800714a   0x0800714a   0x00000002   PAD
    0x0800714c   0x0800714c   0x0000000c   Code   RO         1003    i.TIM1_UP_IRQHandler  stm32f1xx_it.o
    0x08007158   0x08007158   0x0000006c   Code   RO         3696    i.TIM_Base_SetConfig  stm32f1xx_hal_tim.o
    0x080071c4   0x080071c4   0x00000010   Code   RO         4616    i.UART_DMAAbortOnError  stm32f1xx_hal_uart.o
    0x080071d4   0x080071d4   0x00000030   Code   RO         4626    i.UART_EndRxTransfer  stm32f1xx_hal_uart.o
    0x08007204   0x08007204   0x000000b6   Code   RO         4628    i.UART_Receive_IT   stm32f1xx_hal_uart.o
    0x080072ba   0x080072ba   0x00000002   PAD
    0x080072bc   0x080072bc   0x000000b8   Code   RO         4629    i.UART_SetConfig    stm32f1xx_hal_uart.o
    0x08007374   0x08007374   0x00000036   Code   RO         4631    i.UART_Start_Receive_IT  stm32f1xx_hal_uart.o
    0x080073aa   0x080073aa   0x00000064   Code   RO         4632    i.UART_WaitOnFlagUntilTimeout  stm32f1xx_hal_uart.o
    0x0800740e   0x0800740e   0x00000002   PAD
    0x08007410   0x08007410   0x0000000c   Code   RO         1004    i.USART3_IRQHandler  stm32f1xx_it.o
    0x0800741c   0x0800741c   0x00000002   Code   RO         1005    i.UsageFault_Handler  stm32f1xx_it.o
    0x0800741e   0x0800741e   0x00000028   Code   RO         6573    i.__ARM_fpclassify  m_ws.l(fpclassify.o)
    0x08007446   0x08007446   0x00000020   Code   RO         2360    i.__NVIC_SetPriority  stm32f1xx_hal_cortex.o
    0x08007466   0x08007466   0x0000000e   Code   RO         6563    i.__mathlib_dbl_overflow  m_ws.l(dunder.o)
    0x08007474   0x08007474   0x00000010   Code   RO         6565    i.__mathlib_dbl_underflow  m_ws.l(dunder.o)
    0x08007484   0x08007484   0x00000010   Code   RO         6766    i.__mathlib_narrow  m_ws.l(narrow.o)
    0x08007494   0x08007494   0x000000bc   Code   RO         6767    i.__mathlib_tofloat  m_ws.l(narrow.o)
    0x08007550   0x08007550   0x00000016   Code   RO         6813    i.__support_ldexp   m_ws.l(ldexp.o)
    0x08007566   0x08007566   0x0000000e   Code   RO         6299    i._is_digit         c_w.l(__printf_wp.o)
    0x08007574   0x08007574   0x0000002a   Code   RO         6413    i.atof              m_ws.l(atof.o)
    0x0800759e   0x0800759e   0x00000002   PAD
    0x080075a0   0x080075a0   0x0000001c   Code   RO          890    i.debugPrint        usart.o
    0x080075bc   0x080075bc   0x00000030   Code   RO          891    i.debugPrintln      usart.o
    0x080075ec   0x080075ec   0x000000cc   Code   RO          256    i.decode_values     freertos.o
    0x080076b8   0x080076b8   0x00000058   Code   RO         6790    i.frexp             m_ws.l(frexp.o)
    0x08007710   0x08007710   0x00000074   Code   RO         6814    i.ldexp             m_ws.l(ldexp.o)
    0x08007784   0x08007784   0x00000018   Code   RO          550    i.lora_available    lora.o
    0x0800779c   0x0800779c   0x000000fc   Code   RO          555    i.lora_init         lora.o
    0x08007898   0x08007898   0x00000006   Code   RO          560    i.lora_mode_sleep   lora.o
    0x0800789e   0x0800789e   0x00000006   Code   RO          561    i.lora_mode_standby  lora.o
    0x080078a4   0x080078a4   0x00000028   Code   RO          562    i.lora_packet_rssi  lora.o
    0x080078cc   0x080078cc   0x00000078   Code   RO          564    i.lora_parsepacket  lora.o
    0x08007944   0x08007944   0x00000020   Code   RO          565    i.lora_pending_packet_length  lora.o
    0x08007964   0x08007964   0x00000028   Code   RO          566    i.lora_read         lora.o
    0x0800798c   0x0800798c   0x00000028   Code   RO          572    i.lora_reset        lora.o
    0x080079b4   0x080079b4   0x00000032   Code   RO          578    i.lora_set_coding_rate  lora.o
    0x080079e6   0x080079e6   0x0000001a   Code   RO          580    i.lora_set_explicit_header_mode  lora.o
    0x08007a00   0x08007a00   0x00000048   Code   RO          581    i.lora_set_frequency  lora.o
    0x08007a48   0x08007a48   0x0000001e   Code   RO          583    i.lora_set_preamble_length  lora.o
    0x08007a66   0x08007a66   0x00000028   Code   RO          585    i.lora_set_signal_bandwidth  lora.o
    0x08007a8e   0x08007a8e   0x0000005c   Code   RO          586    i.lora_set_spreading_factor  lora.o
    0x08007aea   0x08007aea   0x00000062   Code   RO          587    i.lora_set_tx_power  lora.o
    0x08007b4c   0x08007b4c   0x00000006   Code   RO          588    i.lora_version      lora.o
    0x08007b52   0x08007b52   0x00000002   PAD
    0x08007b54   0x08007b54   0x00000050   Code   RO           16    i.main              main.o
    0x08007ba4   0x08007ba4   0x0000000c   Code   RO         5681    i.makeFreeRtosPriority  cmsis_os.o
    0x08007bb0   0x08007bb0   0x0000005c   Code   RO         1305    i.mystristr         trx_sim.o
    0x08007c0c   0x08007c0c   0x0000000e   Code   RO         5683    i.osDelay           cmsis_os.o
    0x08007c1a   0x08007c1a   0x0000000a   Code   RO         5686    i.osKernelStart     cmsis_os.o
    0x08007c24   0x08007c24   0x0000003e   Code   RO         5712    i.osSemaphoreCreate  cmsis_os.o
    0x08007c62   0x08007c62   0x00000054   Code   RO         5720    i.osThreadCreate    cmsis_os.o
    0x08007cb6   0x08007cb6   0x00000002   PAD
    0x08007cb8   0x08007cb8   0x00000050   Code   RO         5425    i.prvAddCurrentTaskToDelayedList  tasks.o
    0x08007d08   0x08007d08   0x000000c0   Code   RO         5426    i.prvAddNewTaskToReadyList  tasks.o
    0x08007dc8   0x08007dc8   0x0000006c   Code   RO         5111    i.prvCopyDataToQueue  queue.o
    0x08007e34   0x08007e34   0x0000004c   Code   RO         6044    i.prvHeapInit       heap_4.o
    0x08007e80   0x08007e80   0x00000024   Code   RO         5427    i.prvIdleTask       tasks.o
    0x08007ea4   0x08007ea4   0x00000016   Code   RO         5113    i.prvInitialiseNewQueue  queue.o
    0x08007eba   0x08007eba   0x0000008e   Code   RO         5428    i.prvInitialiseNewTask  tasks.o
    0x08007f48   0x08007f48   0x0000004c   Code   RO         6045    i.prvInsertBlockIntoFreeList  heap_4.o
    0x08007f94   0x08007f94   0x00000020   Code   RO         5429    i.prvResetNextTaskUnblockTime  tasks.o
    0x08007fb4   0x08007fb4   0x00000028   Code   RO         6107    i.prvTaskExitError  port.o
    0x08007fdc   0x08007fdc   0x0000006a   Code   RO         5115    i.prvUnlockQueue    queue.o
    0x08008046   0x08008046   0x00000002   PAD
    0x08008048   0x08008048   0x000000d8   Code   RO         6046    i.pvPortMalloc      heap_4.o
    0x08008120   0x08008120   0x00000024   Code   RO         6108    i.pxPortInitialiseStack  port.o
    0x08008144   0x08008144   0x00000094   Code   RO          590    i.read_register     lora.o
    0x080081d8   0x080081d8   0x00000032   Code   RO          591    i.set_OCP           lora.o
    0x0800820a   0x0800820a   0x00000034   Code   RO          592    i.set_low_data_rate_optimization  lora.o
    0x0800823e   0x0800823e   0x0000000a   Code   RO          593    i.set_mode          lora.o
    0x08008248   0x08008248   0x0000001c   Code   RO          258    i.uprintf           freertos.o
    0x08008264   0x08008264   0x00000026   Code   RO         5070    i.uxListRemove      list.o
    0x0800828a   0x0800828a   0x00000002   PAD
    0x0800828c   0x0800828c   0x00000014   Code   RO          259    i.vApplicationGetIdleTaskMemory  freertos.o
    0x080082a0   0x080082a0   0x00000016   Code   RO         5071    i.vListInitialise   list.o
    0x080082b6   0x080082b6   0x00000006   Code   RO         5072    i.vListInitialiseItem  list.o
    0x080082bc   0x080082bc   0x00000030   Code   RO         5073    i.vListInsert       list.o
    0x080082ec   0x080082ec   0x00000018   Code   RO         5074    i.vListInsertEnd    list.o
    0x08008304   0x08008304   0x00000040   Code   RO         6110    i.vPortEnterCritical  port.o
    0x08008344   0x08008344   0x00000028   Code   RO         6111    i.vPortExitCritical  port.o
    0x0800836c   0x0800836c   0x0000005c   Code   RO         6047    i.vPortFree         heap_4.o
    0x080083c8   0x080083c8   0x00000020   Code   RO         6112    i.vPortSetupTimerInterrupt  port.o
    0x080083e8   0x080083e8   0x0000004c   Code   RO         5434    i.vTaskDelay        tasks.o
    0x08008434   0x08008434   0x00000010   Code   RO         5436    i.vTaskInternalSetTimeOutState  tasks.o
    0x08008444   0x08008444   0x0000000c   Code   RO         5437    i.vTaskMissedYield  tasks.o
    0x08008450   0x08008450   0x00000030   Code   RO         5439    i.vTaskPlaceOnEventList  tasks.o
    0x08008480   0x08008480   0x0000006c   Code   RO         5445    i.vTaskStartScheduler  tasks.o
    0x080084ec   0x080084ec   0x00000010   Code   RO         5446    i.vTaskSuspendAll   tasks.o
    0x080084fc   0x080084fc   0x0000005c   Code   RO         5447    i.vTaskSwitchContext  tasks.o
    0x08008558   0x08008558   0x00000068   Code   RO          595    i.write_register    lora.o
    0x080085c0   0x080085c0   0x00000074   Code   RO         6114    i.xPortStartScheduler  port.o
    0x08008634   0x08008634   0x00000048   Code   RO         5124    i.xQueueGenericCreate  queue.o
    0x0800867c   0x0800867c   0x00000066   Code   RO         5125    i.xQueueGenericCreateStatic  queue.o
    0x080086e2   0x080086e2   0x00000002   PAD
    0x080086e4   0x080086e4   0x00000088   Code   RO         5126    i.xQueueGenericReset  queue.o
    0x0800876c   0x0800876c   0x00000160   Code   RO         5127    i.xQueueGenericSend  queue.o
    0x080088cc   0x080088cc   0x0000006c   Code   RO         5448    i.xTaskCheckForTimeOut  tasks.o
    0x08008938   0x08008938   0x0000005a   Code   RO         5449    i.xTaskCreate       tasks.o
    0x08008992   0x08008992   0x00000056   Code   RO         5450    i.xTaskCreateStatic  tasks.o
    0x080089e8   0x080089e8   0x0000001c   Code   RO         5454    i.xTaskGetSchedulerState  tasks.o
    0x08008a04   0x08008a04   0x000000c8   Code   RO         5457    i.xTaskIncrementTick  tasks.o
    0x08008acc   0x08008acc   0x00000098   Code   RO         5460    i.xTaskPriorityDisinherit  tasks.o
    0x08008b64   0x08008b64   0x00000074   Code   RO         5462    i.xTaskRemoveFromEventList  tasks.o
    0x08008bd8   0x08008bd8   0x000000c4   Code   RO         5463    i.xTaskResumeAll    tasks.o
    0x08008c9c   0x08008c9c   0x0000002c   Code   RO         6659    locale$$code        c_w.l(lc_ctype_c.o)
    0x08008cc8   0x08008cc8   0x0000002c   Code   RO         6662    locale$$code        c_w.l(lc_numeric_c.o)
    0x08008cf4   0x08008cf4   0x00000062   Code   RO         6360    x$fpl$d2f           fz_ws.l(d2f.o)
    0x08008d56   0x08008d56   0x00000002   PAD
    0x08008d58   0x08008d58   0x00000150   Code   RO         6362    x$fpl$dadd          fz_ws.l(daddsub_clz.o)
    0x08008ea8   0x08008ea8   0x00000010   Code   RO         6546    x$fpl$dcheck1       fz_ws.l(dcheck1.o)
    0x08008eb8   0x08008eb8   0x00000018   Code   RO         6722    x$fpl$dcmpinf       fz_ws.l(dcmpi.o)
    0x08008ed0   0x08008ed0   0x000002b0   Code   RO         6369    x$fpl$ddiv          fz_ws.l(ddiv.o)
    0x08009180   0x08009180   0x00000078   Code   RO         6787    x$fpl$deqf          fz_ws.l(deqf.o)
    0x080091f8   0x080091f8   0x0000002e   Code   RO         6373    x$fpl$dflt          fz_ws.l(dflt_clz.o)
    0x08009226   0x08009226   0x00000002   PAD
    0x08009228   0x08009228   0x00000078   Code   RO         6677    x$fpl$dleqf         fz_ws.l(dleqf.o)
    0x080092a0   0x080092a0   0x00000154   Code   RO         6378    x$fpl$dmul          fz_ws.l(dmul.o)
    0x080093f4   0x080093f4   0x0000009c   Code   RO         6548    x$fpl$dnaninf       fz_ws.l(dnaninf.o)
    0x08009490   0x08009490   0x0000000c   Code   RO         6550    x$fpl$dretinf       fz_ws.l(dretinf.o)
    0x0800949c   0x0800949c   0x0000006c   Code   RO         6552    x$fpl$drleqf        fz_ws.l(drleqf.o)
    0x08009508   0x08009508   0x000001d4   Code   RO         6364    x$fpl$dsub          fz_ws.l(daddsub_clz.o)
    0x080096dc   0x080096dc   0x00000056   Code   RO         6380    x$fpl$f2d           fz_ws.l(f2d.o)
    0x08009732   0x08009732   0x00000002   PAD
    0x08009734   0x08009734   0x00000184   Code   RO         6389    x$fpl$fdiv          fz_ws.l(fdiv.o)
    0x080098b8   0x080098b8   0x00000030   Code   RO         6401    x$fpl$fflt          fz_ws.l(fflt_clz.o)
    0x080098e8   0x080098e8   0x00000102   Code   RO         6406    x$fpl$fmul          fz_ws.l(fmul.o)
    0x080099ea   0x080099ea   0x0000008c   Code   RO         6554    x$fpl$fnaninf       fz_ws.l(fnaninf.o)
    0x08009a76   0x08009a76   0x0000000a   Code   RO         6556    x$fpl$fretinf       fz_ws.l(fretinf.o)
    0x08009a80   0x08009a80   0x00000006   Code   RO         6683    x$fpl$ieeestatus    fz_ws.l(istatus.o)
    0x08009a86   0x08009a86   0x00000004   Code   RO         6408    x$fpl$printf1       fz_ws.l(printf1.o)
    0x08009a8a   0x08009a8a   0x00000064   Code   RO         6685    x$fpl$retnan        fz_ws.l(retnan.o)
    0x08009aee   0x08009aee   0x0000005c   Code   RO         6410    x$fpl$scalbn        fz_ws.l(scalbn.o)
    0x08009b4a   0x08009b4a   0x00000004   Code   RO         6687    x$fpl$scanf1        fz_ws.l(scanf1.o)
    0x08009b4e   0x08009b4e   0x00000008   Code   RO         6760    x$fpl$scanf2        fz_ws.l(scanf2.o)
    0x08009b56   0x08009b56   0x00000030   Code   RO         6724    x$fpl$trapveneer    fz_ws.l(trapv.o)
    0x08009b86   0x08009b86   0x00000000   Code   RO         6558    x$fpl$usenofp       fz_ws.l(usenofp.o)
    0x08009b86   0x08009b86   0x00000002   PAD
    0x08009b88   0x08009b88   0x00000070   Data   RO          262    .constdata          freertos.o
    0x08009bf8   0x08009bf8   0x0000001c   Data   RO         1308    .constdata          trx_sim.o
    0x08009c14   0x08009c14   0x00000010   Data   RO         4933    .constdata          system_stm32f1xx.o
    0x08009c24   0x08009c24   0x00000008   Data   RO         4934    .constdata          system_stm32f1xx.o
    0x08009c2c   0x08009c2c   0x00000028   Data   RO         6272    .constdata          c_w.l(_printf_hex_int.o)
    0x08009c54   0x08009c54   0x00000011   Data   RO         6307    .constdata          c_w.l(__printf_flags_ss_wp.o)
    0x08009c65   0x08009c65   0x00000003   PAD
    0x08009c68   0x08009c68   0x00000094   Data   RO         6634    .constdata          c_w.l(bigflt0.o)
    0x08009cfc   0x08009cfc   0x00000201   Data   RO          263    .conststring        freertos.o
    0x08009efd   0x08009efd   0x00000003   PAD
    0x08009f00   0x08009f00   0x00000149   Data   RO         1309    .conststring        trx_sim.o
    0x0800a049   0x0800a049   0x00000003   PAD
    0x0800a04c   0x0800a04c   0x00000020   Data   RO         6824    Region$$Table       anon$$obj.o
    0x0800a06c   0x0800a06c   0x00000008   Data   RO         6756    c$$dinf             fz_ws.l(fpconst.o)
    0x0800a074   0x0800a074   0x00000008   Data   RO         6759    c$$dmax             fz_ws.l(fpconst.o)
    0x0800a07c   0x0800a07c   0x00000110   Data   RO         6658    locale$$data        c_w.l(lc_ctype_c.o)
    0x0800a18c   0x0800a18c   0x0000001c   Data   RO         6661    locale$$data        c_w.l(lc_numeric_c.o)


    Execution Region RW_IRAM1 (Exec base: 0x20000000, Load base: 0x0800a1a8, Size: 0x00002ac8, Max: 0x00005000, ABSOLUTE, COMPRESSED[0x00000064])

    Exec Addr    Load Addr    Size         Type   Attr      Idx    E Section Name        Object

    0x20000000   COMPRESSED   0x00000058   Data   RW          264    .data               freertos.o
    0x20000058   COMPRESSED   0x00000001   Data   RW          597    .data               lora.o
    0x20000059   COMPRESSED   0x00000001   Data   RW          897    .data               usart.o
    0x2000005a   COMPRESSED   0x00000002   PAD
    0x2000005c   COMPRESSED   0x00000062   Data   RW         1327    .data               trx_sim.o
    0x200000be   COMPRESSED   0x00000001   Data   RW         1354    .data               trx_sim.o
    0x200000bf   COMPRESSED   0x00000001   PAD
    0x200000c0   COMPRESSED   0x0000000c   Data   RW         1897    .data               stm32f1xx_hal.o
    0x200000cc   COMPRESSED   0x00000004   Data   RW         4935    .data               system_stm32f1xx.o
    0x200000d0   COMPRESSED   0x00000038   Data   RW         5465    .data               tasks.o
    0x20000108   COMPRESSED   0x00000018   Data   RW         6052    .data               heap_4.o
    0x20000120   COMPRESSED   0x0000000c   Data   RW         6115    .data               port.o
    0x2000012c   COMPRESSED   0x00000004   Data   RW         6330    .data               c_w.l(strtok.o)
    0x20000130        -       0x00000c84   Zero   RW          260    .bss                freertos.o
    0x20000db4        -       0x00000030   Zero   RW          423    .bss                adc.o
    0x20000de4        -       0x00000064   Zero   RW          596    .bss                lora.o
    0x20000e48        -       0x00000058   Zero   RW          843    .bss                spi.o
    0x20000ea0        -       0x00000088   Zero   RW          896    .bss                usart.o
    0x20000f28        -       0x00000048   Zero   RW         1100    .bss                stm32f1xx_hal_timebase_tim.o
    0x20000f70        -       0x00000a60   Zero   RW         1307    .bss                trx_sim.o
    0x200019d0        -       0x000000c8   Zero   RW         5464    .bss                tasks.o
    0x20001a98        -       0x000009d0   Zero   RW         6051    .bss                heap_4.o
    0x20002468        -       0x00000060   Zero   RW         6589    .bss                c_w.l(libspace.o)
    0x200024c8        -       0x00000200   Zero   RW            2    HEAP                startup_stm32f103xb.o
    0x200026c8        -       0x00000400   Zero   RW            1    STACK               startup_stm32f103xb.o


==============================================================================

Image component sizes


      Code (inc. data)   RO Data    RW Data    ZI Data      Debug   Object Name

       536         66          0          0         48       7533   adc.o
       182          0          0          0          0      23753   cmsis_os.o
         0          0          0          0          0      18432   event_groups.o
      4130       1770        625         88       3204      14517   freertos.o
       232         16          0          0          0       1107   gpio.o
       460         24          0         24       2512       7695   heap_4.o
       138          0          0          0          0       3786   list.o
      1338        150          0          1        100      17946   lora.o
       216         34          0          0          0     489756   main.o
       522         62          0         12          0      10908   port.o
       898         10          0          0          0       9887   queue.o
       200         26          0          0         88       1945   spi.o
        64         26        236          0       1536        876   startup_stm32f103xb.o
       100         18          0         12          0       5698   stm32f1xx_hal.o
      1494         54          0          0          0       9047   stm32f1xx_hal_adc.o
         2          0          0          0          0       1189   stm32f1xx_hal_adc_ex.o
       194         24          0          0          0      29425   stm32f1xx_hal_cortex.o
       222          4          0          0          0       1963   stm32f1xx_hal_dma.o
       490         34          0          0          0       3084   stm32f1xx_hal_gpio.o
        72         10          0          0          0       1002   stm32f1xx_hal_msp.o
      1336        110          0          0          0       6269   stm32f1xx_hal_rcc.o
       436         46          0          0          0       2729   stm32f1xx_hal_rcc_ex.o
      1672          4          0          0          0       8670   stm32f1xx_hal_spi.o
       654         26          0          0          0       7664   stm32f1xx_hal_tim.o
         4          0          0          0          0       1741   stm32f1xx_hal_tim_ex.o
       116         18          0          0         72       1611   stm32f1xx_hal_timebase_tim.o
      1432         10          0          0          0      11440   stm32f1xx_hal_uart.o
        52         18          0          0          0       4490   stm32f1xx_it.o
         0          0          0          0          0        392   stream_buffer.o
         2          0         24          4          0       1311   system_stm32f1xx.o
      1826        140          0         56        200      21802   tasks.o
      3764       1030        357         99       2656      22613   trx_sim.o
       440         58          0          1        136       4777   usart.o

    ----------------------------------------------------------------------
     23274       3788       1280        300      10552     755058   Object Totals
         0          0         32          0          0          0   (incl. Generated)
        50          0          6          3          0          0   (incl. Padding)

    ----------------------------------------------------------------------

      Code (inc. data)   RO Data    RW Data    ZI Data      Debug   Library Member Name

        60          8          0          0          0         84   __0sscanf.o
        90          0          0          0          0          0   __dczerorl2.o
         8          0          0          0          0         68   __main.o
       392          4         17          0          0         92   __printf_flags_ss_wp.o
        14          0          0          0          0         68   __printf_wp.o
         0          0          0          0          0          0   __rtentry.o
        12          0          0          0          0          0   __rtentry2.o
         6          0          0          0          0          0   __rtentry4.o
        52          8          0          0          0          0   __scatter.o
        28          0          0          0          0          0   __scatter_zi.o
       144          0          0          0          0         88   __strtoll.o
        28          0          0          0          0         68   _chval.o
         6          0          0          0          0          0   _printf_c.o
        44          0          0          0          0        108   _printf_char.o
        48          6          0          0          0         96   _printf_char_common.o
         6          0          0          0          0          0   _printf_d.o
       120         16          0          0          0         92   _printf_dec.o
         6          0          0          0          0          0   _printf_f.o
      1054          0          0          0          0        216   _printf_fp_dec.o
       128         16          0          0          0         84   _printf_fp_infnan.o
        88          4         40          0          0         88   _printf_hex_int.o
         6          0          0          0          0          0   _printf_i.o
       178          0          0          0          0         88   _printf_intcommon.o
         0          0          0          0          0          0   _printf_percent.o
         4          0          0          0          0          0   _printf_percent_end.o
         6          0          0          0          0          0   _printf_s.o
        82          0          0          0          0         80   _printf_str.o
         6          0          0          0          0          0   _printf_x.o
        22          0          0          0          0        100   _rserrno.o
       884          6          0          0          0        100   _scanf.o
       332          0          0          0          0         96   _scanf_int.o
       224          0          0          0          0         96   _scanf_str.o
        64          0          0          0          0         84   _sgetc.o
        16          0          0          0          0         68   _snputc.o
        10          0          0          0          0         68   _sputc.o
       158          0          0          0          0         92   _strtoul.o
       194          0          0          0          0         96   _strtoull.o
        26          0          0          0          0         80   atoi.o
        26          0          0          0          0         80   atoll.o
       228          4        148          0          0         96   bigflt0.o
      2152        136          0          0          0        960   btod.o
        10          0          0          0          0         68   defsig_exit.o
        50          0          0          0          0         88   defsig_general.o
        80         58          0          0          0         76   defsig_rtmem_inner.o
        14          0          0          0          0         80   defsig_rtmem_outer.o
        18          0          0          0          0         80   exit.o
        94          0          0          0          0         80   h1_alloc.o
        52          0          0          0          0         68   h1_extend.o
        78          0          0          0          0         80   h1_free.o
        14          0          0          0          0         84   h1_init.o
         6          0          0          0          0        152   heapauxi.o
         4          0          0          0          0        136   hguard.o
         0          0          0          0          0          0   indicate_semi.o
       138          0          0          0          0        168   init_alloc.o
        18          0          0          0          0         76   isspace.o
        44         10        272          0          0         76   lc_ctype_c.o
        44         10         28          0          0         76   lc_numeric_c.o
         2          0          0          0          0          0   libinit.o
        38          0          0          0          0          0   libinit2.o
         2          0          0          0          0          0   libshutdown.o
         2          0          0          0          0          0   libshutdown2.o
         8          4          0          0         96         68   libspace.o
        38          0          0          0          0         68   llshl.o
       138          0          0          0          0         80   lludiv10.o
       238          0          0          0          0        100   lludivv7m.o
         0          0          0          0          0          0   maybetermalloc1.o
        52          4          0          0          0         84   noretval__2snprintf.o
        40          6          0          0          0         84   noretval__2sprintf.o
        16          4          0          0          0         76   rt_ctype_table.o
         8          4          0          0          0         68   rt_errno_addr_intlibspace.o
         8          4          0          0          0         68   rt_heap_descriptor_intlibspace.o
         8          4          0          0          0         68   rt_locale_intlibspace.o
        68          0          0          0          0         68   rt_memclr.o
        78          0          0          0          0         80   rt_memclr_w.o
       138          0          0          0          0         68   rt_memcpy_v6.o
       100          0          0          0          0         80   rt_memcpy_w.o
         2          0          0          0          0          0   rtexit.o
        10          0          0          0          0          0   rtexit2.o
        44          8          0          0          0         84   scanf_char.o
      1272         16          0          0          0        168   scanf_fp.o
       800         14          0          0          0        100   scanf_hexfp.o
       308         16          0          0          0        100   scanf_infnan.o
        24          0          0          0          0         68   strcat.o
        20          0          0          0          0         68   strchr.o
       128          0          0          0          0         68   strcmpv7m.o
        72          0          0          0          0         80   strcpy.o
        32          0          0          0          0         80   strcspn.o
        62          0          0          0          0         76   strlen.o
        86          0          0          0          0         76   strncpy.o
        28          0          0          0          0         80   strspn.o
        36          0          0          0          0         80   strstr.o
       164         14          0          0          0        120   strtod.o
        12          6          0          4          0         68   strtok.o
        68          4          0          0          0         84   strtok_int.o
         4          0          0          0          0         68   strtok_r.o
       112          0          0          0          0         88   strtol.o
        12          4          0          0          0         68   sys_exit.o
        74          0          0          0          0         80   sys_stackheap_outer.o
        14          0          0          0          0         76   sys_wrch.o
        30          0          0          0          0         76   toupper.o
         2          0          0          0          0         68   use_no_semi.o
        98          4          0          0          0         92   d2f.o
       804         16          0          0          0        272   daddsub_clz.o
        16          4          0          0          0         68   dcheck1.o
        24          0          0          0          0         68   dcmpi.o
       688        140          0          0          0        208   ddiv.o
       120          4          0          0          0         92   deqf.o
        46          0          0          0          0         68   dflt_clz.o
       120          4          0          0          0         92   dleqf.o
       340         12          0          0          0        104   dmul.o
       156          4          0          0          0         92   dnaninf.o
        12          0          0          0          0         68   dretinf.o
       108          0          0          0          0         80   drleqf.o
        86          4          0          0          0         84   f2d.o
       388         76          0          0          0         96   fdiv.o
        48          0          0          0          0         68   fflt_clz.o
       258          4          0          0          0         84   fmul.o
       140          4          0          0          0         84   fnaninf.o
         0          0         16          0          0          0   fpconst.o
        10          0          0          0          0         68   fretinf.o
         6          0          0          0          0         68   istatus.o
         4          0          0          0          0         68   printf1.o
       100          0          0          0          0         68   retnan.o
        92          0          0          0          0         68   scalbn.o
         4          0          0          0          0         68   scanf1.o
         8          0          0          0          0         84   scanf2.o
        48          0          0          0          0         68   trapv.o
         0          0          0          0          0          0   usenofp.o
        42          0          0          0          0         84   atof.o
        30          6          0          0          0        136   dunder.o
        40          0          0          0          0         68   fpclassify.o
        88          8          0          0          0         76   frexp.o
       138          0          0          0          0        160   ldexp.o
       204          4          0          0          0        168   narrow.o

    ----------------------------------------------------------------------
     16306        694        524          4         96      10680   Library Totals
        26          2          3          0          0          0   (incl. Padding)

    ----------------------------------------------------------------------

      Code (inc. data)   RO Data    RW Data    ZI Data      Debug   Library Name

     12014        398        505          4         96       7708   c_w.l
      3724        276         16          0          0       2280   fz_ws.l
       542         18          0          0          0        692   m_ws.l

    ----------------------------------------------------------------------
     16306        694        524          4         96      10680   Library Totals

    ----------------------------------------------------------------------

==============================================================================


      Code (inc. data)   RO Data    RW Data    ZI Data      Debug   

     39580       4482       1804        304      10648     749302   Grand Totals
     39580       4482       1804        100      10648     749302   ELF Image Totals (compressed)
     39580       4482       1804        100          0          0   ROM Totals

==============================================================================

    Total RO  Size (Code + RO Data)                41384 (  40.41kB)
    Total RW  Size (RW Data + ZI Data)             10952 (  10.70kB)
    Total ROM Size (Code + RO Data + RW Data)      41484 (  40.51kB)

==============================================================================

